 ConverterDLL

 Timestamp is 4c374829 (Fri Jul 09 12:02:49 2010)

 Preferred load address is 10000000

 Start         Length     Name                   Class
 0001:00000000 0000bdecH .text                   CODE
 0001:0000bdf0 00000f91H .text$x                 CODE
 0001:0000cd90 0000015dH .text$yc                CODE
 0001:0000cef0 00000040H .text$yd                CODE
 0002:00000000 00000410H .idata$5                DATA
 0002:00000410 000009c8H .rdata                  DATA
 0002:00000dd8 00000046H .rdata$debug            DATA
 0002:00000e20 00000a88H .rdata$r                DATA
 0002:000018b0 00000108H .rdata$sxdata           DATA
 0002:000019b8 00000f18H .xdata$x                DATA
 0002:000028d0 0000008cH .idata$2                DATA
 0002:0000295c 00000014H .idata$3                DATA
 0002:00002970 00000410H .idata$4                DATA
 0002:00002d80 00003bf4H .idata$6                DATA
 0002:00006980 000001b5H .edata                  DATA
 0003:00000000 00000570H .data                   DATA
 0003:00000570 000003e8H .bss                    DATA
 0004:00000000 00000020H .CRT$XCU                DATA

  Address         Publics by Value              Rva+Base       Lib:Object

 0000:00000000       __except_list              00000000     <absolute>
 0000:00000042       ___safe_se_handler_count   00000042     <absolute>
 0000:00009876       __ldused                   00009876     <absolute>
 0000:00009876       __fltused                  00009876     <absolute>
 0001:00000000       ??0bad_alloc@std@@QAE@PBD@Z 10001000 f i main.obj
 0001:00000030       ??1bad_alloc@std@@UAE@XZ   10001030 f i main.obj
 0001:00000050       ??_Ebad_alloc@std@@UAEPAXI@Z 10001050 f i  CIL library: CIL module
 0001:00000050       ??_Gbad_alloc@std@@UAEPAXI@Z 10001050 f i main.obj
 0001:00000080       ??2@YAPAXIPAX@Z            10001080 f i main.obj
 0001:00000090       ??3@YAXPAX0@Z              10001090 f i main.obj
 0001:000000a0       ??0_Aux_cont@std@@QAE@QBV_Container_base_aux@1@@Z 100010a0 f i main.obj
 0001:000000c0       ?_Getcont@_Aux_cont@std@@QBEPBV_Container_base_aux@2@XZ 100010c0 f i main.obj
 0001:000000d0       ??0_Container_base_aux@std@@QAE@XZ 100010d0 f i main.obj
 0001:000000e0       ??1_Container_base_aux@std@@QAE@XZ 100010e0 f i main.obj
 0001:000000f0       ??0_Iterator_base_aux@std@@QAE@XZ 100010f0 f i main.obj
 0001:00000110       ?_Set_container@_Iterator_base_aux@std@@QAEXQBV_Container_base_aux@2@@Z 10001110 f i main.obj
 0001:00000130       ?_Getmycont@_Iterator_base_aux@std@@QBEPBV_Container_base_aux@2@XZ 10001130 f i main.obj
 0001:00000160       ?_Same_container@_Iterator_base_aux@std@@QBE_NABV12@@Z 10001160 f i main.obj
 0001:00000180       ?_Has_container@_Iterator_base_aux@std@@QBE_NXZ 10001180 f i main.obj
 0001:000001a0       ??0logic_error@std@@QAE@ABV?$basic_string@DU?$char_traits@D@std@@V?$allocator@D@2@@1@@Z 100011a0 f i main.obj
 0001:00000210       ??1logic_error@std@@UAE@XZ 10001210 f i main.obj
 0001:00000240       ?what@logic_error@std@@UBEPBDXZ 10001240 f i main.obj
 0001:00000260       ??_Elogic_error@std@@UAEPAXI@Z 10001260 f i  CIL library: CIL module
 0001:00000260       ??_Glogic_error@std@@UAEPAXI@Z 10001260 f i main.obj
 0001:00000290       ??0length_error@std@@QAE@ABV?$basic_string@DU?$char_traits@D@std@@V?$allocator@D@2@@1@@Z 10001290 f i main.obj
 0001:000002c0       ??1length_error@std@@UAE@XZ 100012c0 f i main.obj
 0001:000002e0       ??_Elength_error@std@@UAEPAXI@Z 100012e0 f i  CIL library: CIL module
 0001:000002e0       ??_Glength_error@std@@UAEPAXI@Z 100012e0 f i main.obj
 0001:00000310       ??0logic_error@std@@QAE@ABV01@@Z 10001310 f i main.obj
 0001:00000390       ??0Vec3f@osg@@QAE@MMM@Z    10001390 f i main.obj
 0001:000003c0       ??_EImage@osg@@MAEPAXI@Z   100013c0 f i  CIL library: CIL module
 0001:000003c0       ??_GImage@osg@@MAEPAXI@Z   100013c0 f i main.obj
 0001:000003f0       ??1WriteResult@ReaderWriter@osgDB@@QAE@XZ 100013f0 f i main.obj
 0001:00000410       ??0ReentrantMutex@OpenThreads@@QAE@XZ 10001410 f i main.obj
 0001:00000440       ??_GReentrantMutex@OpenThreads@@UAEPAXI@Z 10001440 f i main.obj
 0001:00000440       ??_EReentrantMutex@OpenThreads@@UAEPAXI@Z 10001440 f i  CIL library: CIL module
 0001:00000470       ??1ReentrantMutex@OpenThreads@@UAE@XZ 10001470 f i main.obj
 0001:00000490       ??1PrimitiveIndexFunctor@osg@@UAE@XZ 10001490 f i main.obj
 0001:000004b0       ??_GPrimitiveIndexFunctor@osg@@UAEPAXI@Z 100014b0 f i main.obj
 0001:000004b0       ??_EPrimitiveIndexFunctor@osg@@UAEPAXI@Z 100014b0 f i  CIL library: CIL module
 0001:000004e0       ??_EGroup@osg@@MAEPAXI@Z   100014e0 f i  CIL library: CIL module
 0001:000004e0       ??_GGroup@osg@@MAEPAXI@Z   100014e0 f i main.obj
 0001:00000510       ??_GOptions@osgDB@@MAEPAXI@Z 10001510 f i main.obj
 0001:00000510       ??_EOptions@osgDB@@MAEPAXI@Z 10001510 f i  CIL library: CIL module
 0001:00000540       ??0ObjectProperty@osgDB@@QAE@PBDH_N@Z 10001540 f i main.obj
 0001:00000570       ??1ObjectProperty@osgDB@@QAE@XZ 10001570 f i main.obj
 0001:00000590       ??0ObjectMark@osgDB@@QAE@PBDH@Z 10001590 f i main.obj
 0001:000005c0       ??1ObjectMark@osgDB@@QAE@XZ 100015c0 f i main.obj
 0001:000005e0       ?setLibraryFilePathList@osgDB@@YAXABV?$basic_string@DU?$char_traits@D@std@@V?$allocator@D@2@@std@@@Z 100015e0 f i main.obj
 0001:00000600       ?readNodeFile@osgDB@@YAPAVNode@osg@@ABV?$basic_string@DU?$char_traits@D@std@@V?$allocator@D@2@@std@@@Z 10001600 f i main.obj
 0001:00000630       ?writeNodeFile@osgDB@@YA_NABVNode@osg@@ABV?$basic_string@DU?$char_traits@D@std@@V?$allocator@D@2@@std@@@Z 10001630 f i main.obj
 0001:00000660       ??_GOptimizer@osgUtil@@UAEPAXI@Z 10001660 f i main.obj
 0001:00000660       ??_EOptimizer@osgUtil@@UAEPAXI@Z 10001660 f i  CIL library: CIL module
 0001:00000690       ??_GTriStripVisitor@osgUtil@@UAEPAXI@Z 10001690 f i main.obj
 0001:00000690       ??_ETriStripVisitor@osgUtil@@UAEPAXI@Z 10001690 f i  CIL library: CIL module
 0001:000006d0       ??0PrimitiveWriter@@QAE@PAVGeometry@osg@@@Z 100016d0 f i main.obj
 0001:00000750       ?setVertexArray@PrimitiveWriter@@UAEXIPBVVec2f@osg@@@Z 10001750 f i main.obj
 0001:00000760       ?setVertexArray@PrimitiveWriter@@UAEXIPBVVec3f@osg@@@Z 10001760 f i main.obj
 0001:00000770       ?setVertexArray@PrimitiveWriter@@UAEXIPBVVec4f@osg@@@Z 10001770 f i main.obj
 0001:00000780       ?setVertexArray@PrimitiveWriter@@UAEXIPBVVec2d@osg@@@Z 10001780 f i main.obj
 0001:00000790       ?setVertexArray@PrimitiveWriter@@UAEXIPBVVec3d@osg@@@Z 10001790 f i main.obj
 0001:000007a0       ?setVertexArray@PrimitiveWriter@@UAEXIPBVVec4d@osg@@@Z 100017a0 f i main.obj
 0001:000007b0       ?writeTriangle@PrimitiveWriter@@QAEXIII@Z 100017b0 f i main.obj
 0001:000007d0       ?writeLine@PrimitiveWriter@@QAEXII@Z 100017d0 f i main.obj
 0001:000007f0       ?writePoint@PrimitiveWriter@@QAEXI@Z 100017f0 f i main.obj
 0001:00000810       ?begin@PrimitiveWriter@@UAEXI@Z 10001810 f i main.obj
 0001:00000840       ?vertex@PrimitiveWriter@@UAEXI@Z 10001840 f i main.obj
 0001:00000860       ?end@PrimitiveWriter@@UAEXXZ 10001860 f i main.obj
 0001:000008b0       ?drawElements@PrimitiveWriter@@UAEXIHPBE@Z 100018b0 f i main.obj
 0001:000008e0       ?drawElements@PrimitiveWriter@@UAEXIHPBG@Z 100018e0 f i main.obj
 0001:00000910       ?drawElements@PrimitiveWriter@@UAEXIHPBI@Z 10001910 f i main.obj
 0001:00000940       ??_GPrimitiveWriter@@UAEPAXI@Z 10001940 f i main.obj
 0001:00000940       ??_EPrimitiveWriter@@UAEPAXI@Z 10001940 f i  CIL library: CIL module
 0001:00000970       ??0PrimitiveIndexFunctor@osg@@QAE@XZ 10001970 f i main.obj
 0001:00000990       ??1PrimitiveWriter@@UAE@XZ 10001990 f i main.obj
 0001:000009b0       ?readImage@ManageMemoryCallback@@UAE?AVReadResult@ReaderWriter@osgDB@@ABV?$basic_string@DU?$char_traits@D@std@@V?$allocator@D@2@@std@@PBVOptions@4@@Z 100019b0 f i main.obj
 0001:00000a60       ?readShader@ManageMemoryCallback@@UAE?AVReadResult@ReaderWriter@osgDB@@ABV?$basic_string@DU?$char_traits@D@std@@V?$allocator@D@2@@std@@PBVOptions@4@@Z 10001a60 f i main.obj
 0001:00000b10       ?readNode@ManageMemoryCallback@@UAE?AVReadResult@ReaderWriter@osgDB@@ABV?$basic_string@DU?$char_traits@D@std@@V?$allocator@D@2@@std@@PBVOptions@4@@Z 10001b10 f i main.obj
 0001:00000bc0       ?readObject@ManageMemoryCallback@@UAE?AVReadResult@ReaderWriter@osgDB@@ABV?$basic_string@DU?$char_traits@D@std@@V?$allocator@D@2@@std@@PBVOptions@4@@Z 10001bc0 f i main.obj
 0001:00000c70       ?readHeightField@ManageMemoryCallback@@UAE?AVReadResult@ReaderWriter@osgDB@@ABV?$basic_string@DU?$char_traits@D@std@@V?$allocator@D@2@@std@@PBVOptions@4@@Z 10001c70 f i main.obj
 0001:00000d20       ??1ManageMemoryCallback@@UAE@XZ 10001d20 f i main.obj
 0001:00000ee0       ??_GManageMemoryCallback@@UAEPAXI@Z 10001ee0 f i main.obj
 0001:00000ee0       ??_EManageMemoryCallback@@UAEPAXI@Z 10001ee0 f i  CIL library: CIL module
 0001:00000f20       ??_DManageMemoryCallback@@QAEXXZ 10001f20 f i main.obj
 0001:00000f50       ?replace@FixNamesVisitor@@AAE?AV?$basic_string@DU?$char_traits@D@std@@V?$allocator@D@2@@std@@V23@DD@Z 10001f50 f i main.obj
 0001:00001050       ??0FixNamesVisitor@@QAE@XZ 10002050 f i main.obj
 0001:000010f0       ?apply@FixNamesVisitor@@UAEXAAVGeode@osg@@@Z 100020f0 f i main.obj
 0001:00001220       ?apply@FixNamesVisitor@@UAEXAAVNode@osg@@@Z 10002220 f i main.obj
 0001:000012c0       ??_EFixNamesVisitor@@UAEPAXI@Z 100022c0 f i  CIL library: CIL module
 0001:000012c0       ??_GFixNamesVisitor@@UAEPAXI@Z 100022c0 f i main.obj
 0001:00001300       ??_DFixNamesVisitor@@QAEXXZ 10002300 f i main.obj
 0001:00001330       ??1FixNamesVisitor@@UAE@XZ 10002330 f i main.obj
 0001:00001350       ??_G?$basic_stringstream@DU?$char_traits@D@std@@V?$allocator@D@2@@std@@UAEPAXI@Z 10002350 f i main.obj
 0001:00001350       ??_E?$basic_stringstream@DU?$char_traits@D@std@@V?$allocator@D@2@@std@@UAEPAXI@Z 10002350 f i  CIL library: CIL module
 0001:00001390       ?readImage@ConditionPathsCallback@@UAE?AVReadResult@ReaderWriter@osgDB@@ABV?$basic_string@DU?$char_traits@D@std@@V?$allocator@D@2@@std@@PBVOptions@4@@Z 10002390 f i main.obj
 0001:00001550       ?setFilepath@ConditionPathsCallback@@QAEXV?$basic_string@DU?$char_traits@D@std@@V?$allocator@D@2@@std@@@Z 10002550 f i main.obj
 0001:000015b0       ??0ConditionPathsCallback@@QAE@XZ 100025b0 f i main.obj
 0001:00001670       ??_EConditionPathsCallback@@UAEPAXI@Z 10002670 f i  CIL library: CIL module
 0001:00001670       ??_GConditionPathsCallback@@UAEPAXI@Z 10002670 f i main.obj
 0001:000016b0       ??_DConditionPathsCallback@@QAEXXZ 100026b0 f i main.obj
 0001:000016e0       ??1ConditionPathsCallback@@UAE@XZ 100026e0 f i main.obj
 0001:00001740       ??0CountVertsVisitor@@QAE@XZ 10002740 f i main.obj
 0001:00001800       ?apply@CountVertsVisitor@@UAEXAAVGeode@osg@@@Z 10002800 f i main.obj
 0001:00001970       ?apply@CountVertsVisitor@@UAEXAAVNode@osg@@@Z 10002970 f i main.obj
 0001:00001990       ??_ECountVertsVisitor@@UAEPAXI@Z 10002990 f i  CIL library: CIL module
 0001:00001990       ??_GCountVertsVisitor@@UAEPAXI@Z 10002990 f i main.obj
 0001:000019d0       ??_DCountVertsVisitor@@QAEXXZ 100029d0 f i main.obj
 0001:00001a00       ??1CountVertsVisitor@@UAE@XZ 10002a00 f i main.obj
 0001:00001a20       ?readImage@ImageCallback@@UAE?AVReadResult@ReaderWriter@osgDB@@ABV?$basic_string@DU?$char_traits@D@std@@V?$allocator@D@2@@std@@PBVOptions@4@@Z 10002a20 f i main.obj
 0001:00001b60       ?readShader@ImageCallback@@UAE?AVReadResult@ReaderWriter@osgDB@@ABV?$basic_string@DU?$char_traits@D@std@@V?$allocator@D@2@@std@@PBVOptions@4@@Z 10002b60 f i main.obj
 0001:00001ca0       ??0ImageCallback@@QAE@XZ   10002ca0 f i main.obj
 0001:00001d50       ??_EImageCallback@@UAEPAXI@Z 10002d50 f i  CIL library: CIL module
 0001:00001d50       ??_GImageCallback@@UAEPAXI@Z 10002d50 f i main.obj
 0001:00001d90       ??0ManageMemoryCallback@@QAE@XZ 10002d90 f i main.obj
 0001:00001e40       ??_DImageCallback@@QAEXXZ  10002e40 f i main.obj
 0001:00001e70       ??1ImageCallback@@UAE@XZ   10002e70 f i main.obj
 0001:00001ed0       ??0FindTextureReferencePairs@@QAE@XZ 10002ed0 f i main.obj
 0001:00001f90       ?apply@FindTextureReferencePairs@@UAEXAAVGeode@osg@@@Z 10002f90 f i main.obj
 0001:00002190       ?GetTextureReference@FindTextureReferencePairs@@QAE?AU?$pair@V?$basic_string@DU?$char_traits@D@std@@V?$allocator@D@2@@std@@V12@@std@@PAVStateSet@osg@@@Z 10003190 f i main.obj
 0001:000022e0       ?GetTextureReference@FindTextureReferencePairs@@QAE?AU?$pair@V?$basic_string@DU?$char_traits@D@std@@V?$allocator@D@2@@std@@V12@@std@@PAVNode@osg@@@Z 100032e0 f i main.obj
 0001:00002590       ?apply@FindTextureReferencePairs@@UAEXAAVNode@osg@@@Z 10003590 f i main.obj
 0001:000025b0       ??_GFindTextureReferencePairs@@UAEPAXI@Z 100035b0 f i main.obj
 0001:000025b0       ??_EFindTextureReferencePairs@@UAEPAXI@Z 100035b0 f i  CIL library: CIL module
 0001:000025f0       ??1?$pair@V?$basic_string@DU?$char_traits@D@std@@V?$allocator@D@2@@std@@V12@@std@@QAE@XZ 100035f0 f i main.obj
 0001:00002650       ??4?$pair@V?$basic_string@DU?$char_traits@D@std@@V?$allocator@D@2@@std@@V12@@std@@QAEAAU01@ABU01@@Z 10003650 f i main.obj
 0001:00002680       ??0?$pair@V?$basic_string@DU?$char_traits@D@std@@V?$allocator@D@2@@std@@V12@@std@@QAE@ABU01@@Z 10003680 f i main.obj
 0001:000026f0       ??_DFindTextureReferencePairs@@QAEXXZ 100036f0 f i main.obj
 0001:00002720       ??1FindTextureReferencePairs@@UAE@XZ 10003720 f i main.obj
 0001:00002780       ??0?$vector@IV?$allocator@I@std@@@std@@QAE@XZ 10003780 f i main.obj
 0001:000027f0       ??1?$vector@IV?$allocator@I@std@@@std@@QAE@XZ 100037f0 f i main.obj
 0001:00002810       ?size@?$vector@IV?$allocator@I@std@@@std@@QBEIXZ 10003810 f i main.obj
 0001:00002830       ?empty@?$vector@IV?$allocator@I@std@@@std@@QBE_NXZ 10003830 f i main.obj
 0001:00002850       ?front@?$vector@IV?$allocator@I@std@@@std@@QAEAAIXZ 10003850 f i main.obj
 0001:00002870       ?push_back@?$vector@IV?$allocator@I@std@@@std@@QAEXABI@Z 10003870 f i main.obj
 0001:000028f0       ?clear@?$vector@IV?$allocator@I@std@@@std@@QAEXXZ 100038f0 f i main.obj
 0001:00002950       ?size@?$vector@V?$map@U?$pair@W4Type@StateAttribute@osg@@I@std@@U?$pair@V?$ref_ptr@VStateAttribute@osg@@@osg@@I@2@U?$less@U?$pair@W4Type@StateAttribute@osg@@I@std@@@2@V?$allocator@U?$pair@$$CBU?$pair@W4Type@StateAttribute@osg@@I@std@@U?$pair@V?$ref_ptr@VStateAttribute@osg@@@osg@@I@2@@std@@@2@@std@@V?$allocator@V?$map@U?$pair@W4Type@StateAttribute@osg@@I@std@@U?$pair@V?$ref_ptr@VStateAttribute@osg@@@osg@@I@2@U?$less@U?$pair@W4Type@StateAttribute@osg@@I@std@@@2@V?$allocator@U?$pair@$$CBU?$pair@W4Type@StateAttribute@osg@@I@std@@U?$pair@V?$ref_ptr@VStateAttribute@osg@@@osg@@I@2@@std@@@2@@std@@@2@@std@@QBEIXZ 10003950 f i main.obj
 0001:00002970       ??D?$_Vector_const_iterator@IV?$allocator@I@std@@@std@@QBEABIXZ 10003970 f i main.obj
 0001:000029b0       ??9?$_Vector_const_iterator@IV?$allocator@I@std@@@std@@QBE_NABV01@@Z 100039b0 f i main.obj
 0001:000029e0       ??0?$ref_ptr@VNode@osg@@@osg@@QAE@PAVNode@1@@Z 100039e0 f i main.obj
 0001:00002a10       ??1?$ref_ptr@VNode@osg@@@osg@@QAE@XZ 10003a10 f i main.obj
 0001:00002a40       ??7?$ref_ptr@VNode@osg@@@osg@@QBE_NXZ 10003a40 f i main.obj
 0001:00002a60       ??0?$ref_ptr@VGeometry@osg@@@osg@@QAE@PAVGeometry@1@@Z 10003a60 f i main.obj
 0001:00002a90       ??1?$ref_ptr@VGeometry@osg@@@osg@@QAE@XZ 10003a90 f i main.obj
 0001:00002ac0       ??B?$ref_ptr@VGeometry@osg@@@osg@@QBEPAVGeometry@1@XZ 10003ac0 f i main.obj
 0001:00002ad0       ??C?$ref_ptr@VGeometry@osg@@@osg@@QBEPAVGeometry@1@XZ 10003ad0 f i main.obj
 0001:00002ae0       ?valid@?$ref_ptr@VGeometry@osg@@@osg@@QBE_NXZ 10003ae0 f i main.obj
 0001:00002b00       ??0?$deque@V?$basic_string@DU?$char_traits@D@std@@V?$allocator@D@2@@std@@V?$allocator@V?$basic_string@DU?$char_traits@D@std@@V?$allocator@D@2@@std@@@2@@std@@QAE@XZ 10003b00 f i main.obj
 0001:00002b50       ??1?$deque@V?$basic_string@DU?$char_traits@D@std@@V?$allocator@D@2@@std@@V?$allocator@V?$basic_string@DU?$char_traits@D@std@@V?$allocator@D@2@@std@@@2@@std@@QAE@XZ 10003b50 f i main.obj
 0001:00002bb0       ?push_back@?$deque@V?$basic_string@DU?$char_traits@D@std@@V?$allocator@D@2@@std@@V?$allocator@V?$basic_string@DU?$char_traits@D@std@@V?$allocator@D@2@@std@@@2@@std@@QAEXABV?$basic_string@DU?$char_traits@D@std@@V?$allocator@D@2@@2@@Z 10003bb0 f i main.obj
 0001:00002c90       ??0?$ref_ptr@VOptions@osgDB@@@osg@@QAE@PAVOptions@osgDB@@@Z 10003c90 f i main.obj
 0001:00002cc0       ??1?$ref_ptr@VOptions@osgDB@@@osg@@QAE@XZ 10003cc0 f i main.obj
 0001:00002cf0       ??B?$ref_ptr@VOptions@osgDB@@@osg@@QBEPAVOptions@osgDB@@XZ 10003cf0 f i main.obj
 0001:00002d00       ??C?$ref_ptr@VOptions@osgDB@@@osg@@QBEPAVOptions@osgDB@@XZ 10003d00 f i main.obj
 0001:00002d10       ??0?$list@VReadResult@ReaderWriter@osgDB@@V?$allocator@VReadResult@ReaderWriter@osgDB@@@std@@@std@@QAE@XZ 10003d10 f i main.obj
 0001:00002d90       ??1?$list@VReadResult@ReaderWriter@osgDB@@V?$allocator@VReadResult@ReaderWriter@osgDB@@@std@@@std@@QAE@XZ 10003d90 f i main.obj
 0001:00002df0       ?begin@?$list@VReadResult@ReaderWriter@osgDB@@V?$allocator@VReadResult@ReaderWriter@osgDB@@@std@@@std@@QAE?AV?$_Iterator@$00@12@XZ 10003df0 f i main.obj
 0001:00002e20       ?end@?$list@VReadResult@ReaderWriter@osgDB@@V?$allocator@VReadResult@ReaderWriter@osgDB@@@std@@@std@@QAE?AV?$_Iterator@$00@12@XZ 10003e20 f i main.obj
 0001:00002e50       ?push_back@?$list@VReadResult@ReaderWriter@osgDB@@V?$allocator@VReadResult@ReaderWriter@osgDB@@@std@@@std@@QAEXABVReadResult@ReaderWriter@osgDB@@@Z 10003e50 f i main.obj
 0001:00002e90       ??0?$_Iterator@$00@?$list@VReadResult@ReaderWriter@osgDB@@V?$allocator@VReadResult@ReaderWriter@osgDB@@@std@@@std@@QAE@XZ 10003e90 f i main.obj
 0001:00002eb0       ??C?$_Iterator@$00@?$list@VReadResult@ReaderWriter@osgDB@@V?$allocator@VReadResult@ReaderWriter@osgDB@@@std@@@std@@QBEPAVReadResult@ReaderWriter@osgDB@@XZ 10003eb0 f i main.obj
 0001:00002ed0       ??E?$_Iterator@$00@?$list@VReadResult@ReaderWriter@osgDB@@V?$allocator@VReadResult@ReaderWriter@osgDB@@@std@@@std@@QAE?AV012@H@Z 10003ed0 f i main.obj
 0001:00002f10       ??9?$_Const_iterator@$00@?$list@VReadResult@ReaderWriter@osgDB@@V?$allocator@VReadResult@ReaderWriter@osgDB@@@std@@@std@@QBE_NABV012@@Z 10003f10 f i main.obj
 0001:00002f40       ??0?$ScopedLock@VReentrantMutex@OpenThreads@@@OpenThreads@@QAE@AAVReentrantMutex@1@@Z 10003f40 f i main.obj
 0001:00002f70       ??1?$ScopedLock@VReentrantMutex@OpenThreads@@@OpenThreads@@QAE@XZ 10003f70 f i main.obj
 0001:00002f90       ??B?$fpos@H@std@@QBEJXZ    10003f90 f i main.obj
 0001:00002fb0       ??0?$ref_ptr@VGroup@osg@@@osg@@QAE@PAVGroup@1@@Z 10003fb0 f i main.obj
 0001:00002fe0       ??1?$ref_ptr@VGroup@osg@@@osg@@QAE@XZ 10003fe0 f i main.obj
 0001:00003010       ??B?$ref_ptr@VGroup@osg@@@osg@@QBEPAVGroup@1@XZ 10004010 f i main.obj
 0001:00003020       ??C?$ref_ptr@VGroup@osg@@@osg@@QBEPAVGroup@1@XZ 10004020 f i main.obj
 0001:00003030       ?get@?$ref_ptr@VGroup@osg@@@osg@@QBEPAVGroup@2@XZ 10004030 f i main.obj
 0001:00003040       ??0?$ref_ptr@VImageCallback@@@osg@@QAE@PAVImageCallback@@@Z 10004040 f i main.obj
 0001:00003080       ??1?$ref_ptr@VImageCallback@@@osg@@QAE@XZ 10004080 f i main.obj
 0001:000030c0       ??B?$ref_ptr@VImageCallback@@@osg@@QBEPAVImageCallback@@XZ 100040c0 f i main.obj
 0001:000030d0       ??C?$ref_ptr@VImageCallback@@@osg@@QBEPAVImageCallback@@XZ 100040d0 f i main.obj
 0001:000030e0       ??0?$list@U?$pair@V?$basic_string@DU?$char_traits@D@std@@V?$allocator@D@2@@std@@V12@@std@@V?$allocator@U?$pair@V?$basic_string@DU?$char_traits@D@std@@V?$allocator@D@2@@std@@V12@@std@@@2@@std@@QAE@XZ 100040e0 f i main.obj
 0001:00003160       ??1?$list@U?$pair@V?$basic_string@DU?$char_traits@D@std@@V?$allocator@D@2@@std@@V12@@std@@V?$allocator@U?$pair@V?$basic_string@DU?$char_traits@D@std@@V?$allocator@D@2@@std@@V12@@std@@@2@@std@@QAE@XZ 10004160 f i main.obj
 0001:000031c0       ?begin@?$list@U?$pair@V?$basic_string@DU?$char_traits@D@std@@V?$allocator@D@2@@std@@V12@@std@@V?$allocator@U?$pair@V?$basic_string@DU?$char_traits@D@std@@V?$allocator@D@2@@std@@V12@@std@@@2@@std@@QAE?AV?$_Iterator@$00@12@XZ 100041c0 f i main.obj
 0001:000031f0       ?end@?$list@U?$pair@V?$basic_string@DU?$char_traits@D@std@@V?$allocator@D@2@@std@@V12@@std@@V?$allocator@U?$pair@V?$basic_string@DU?$char_traits@D@std@@V?$allocator@D@2@@std@@V12@@std@@@2@@std@@QAE?AV?$_Iterator@$00@12@XZ 100041f0 f i main.obj
 0001:00003220       ?push_back@?$list@U?$pair@V?$basic_string@DU?$char_traits@D@std@@V?$allocator@D@2@@std@@V12@@std@@V?$allocator@U?$pair@V?$basic_string@DU?$char_traits@D@std@@V?$allocator@D@2@@std@@V12@@std@@@2@@std@@QAEXABU?$pair@V?$basic_string@DU?$char_traits@D@std@@V?$allocator@D@2@@std@@V12@@2@@Z 10004220 f i main.obj
 0001:00003260       ?unique@?$list@U?$pair@V?$basic_string@DU?$char_traits@D@std@@V?$allocator@D@2@@std@@V12@@std@@V?$allocator@U?$pair@V?$basic_string@DU?$char_traits@D@std@@V?$allocator@D@2@@std@@V12@@std@@@2@@std@@QAEXXZ 10004260 f i main.obj
 0001:00003330       ??0?$pair@V?$basic_string@DU?$char_traits@D@std@@V?$allocator@D@2@@std@@V12@@std@@QAE@ABV?$basic_string@DU?$char_traits@D@std@@V?$allocator@D@2@@1@0@Z 10004330 f i main.obj
 0001:000033a0       ??0?$ref_ptr@VConditionPathsCallback@@@osg@@QAE@PAVConditionPathsCallback@@@Z 100043a0 f i main.obj
 0001:000033e0       ??1?$ref_ptr@VConditionPathsCallback@@@osg@@QAE@XZ 100043e0 f i main.obj
 0001:00003420       ??B?$ref_ptr@VConditionPathsCallback@@@osg@@QBEPAVConditionPathsCallback@@XZ 10004420 f i main.obj
 0001:00003430       ??0?$_Iterator@$00@?$list@U?$pair@V?$basic_string@DU?$char_traits@D@std@@V?$allocator@D@2@@std@@V12@@std@@V?$allocator@U?$pair@V?$basic_string@DU?$char_traits@D@std@@V?$allocator@D@2@@std@@V12@@std@@@2@@std@@QAE@XZ 10004430 f i main.obj
 0001:00003450       ??C?$_Iterator@$00@?$list@U?$pair@V?$basic_string@DU?$char_traits@D@std@@V?$allocator@D@2@@std@@V12@@std@@V?$allocator@U?$pair@V?$basic_string@DU?$char_traits@D@std@@V?$allocator@D@2@@std@@V12@@std@@@2@@std@@QBEPAU?$pair@V?$basic_string@DU?$char_traits@D@std@@V?$allocator@D@2@@std@@V12@@2@XZ 10004450 f i main.obj
 0001:00003470       ??E?$_Iterator@$00@?$list@U?$pair@V?$basic_string@DU?$char_traits@D@std@@V?$allocator@D@2@@std@@V12@@std@@V?$allocator@U?$pair@V?$basic_string@DU?$char_traits@D@std@@V?$allocator@D@2@@std@@V12@@std@@@2@@std@@QAE?AV012@H@Z 10004470 f i main.obj
 0001:000034b0       ??9?$_Const_iterator@$00@?$list@U?$pair@V?$basic_string@DU?$char_traits@D@std@@V?$allocator@D@2@@std@@V12@@std@@V?$allocator@U?$pair@V?$basic_string@DU?$char_traits@D@std@@V?$allocator@D@2@@std@@V12@@std@@@2@@std@@QBE_NABV012@@Z 100044b0 f i main.obj
 0001:000034e0       ??1?$_Vector_val@IV?$allocator@I@std@@@std@@QAE@XZ 100044e0 f i main.obj
 0001:00003500       ??1?$_Deque_val@V?$basic_string@DU?$char_traits@D@std@@V?$allocator@D@2@@std@@V?$allocator@V?$basic_string@DU?$char_traits@D@std@@V?$allocator@D@2@@std@@@2@@std@@QAE@XZ 10004500 f i main.obj
 0001:00003520       ??1?$_List_val@VReadResult@ReaderWriter@osgDB@@V?$allocator@VReadResult@ReaderWriter@osgDB@@@std@@@std@@QAE@XZ 10004520 f i main.obj
 0001:00003540       ??1?$_List_val@U?$pair@V?$basic_string@DU?$char_traits@D@std@@V?$allocator@D@2@@std@@V12@@std@@V?$allocator@U?$pair@V?$basic_string@DU?$char_traits@D@std@@V?$allocator@D@2@@std@@V12@@std@@@2@@std@@QAE@XZ 10004540 f i main.obj
 0001:00003560       ??1?$_Deque_map@V?$basic_string@DU?$char_traits@D@std@@V?$allocator@D@2@@std@@V?$allocator@V?$basic_string@DU?$char_traits@D@std@@V?$allocator@D@2@@std@@@2@@std@@QAE@XZ 10004560 f i main.obj
 0001:00003580       ??1?$_List_ptr@VReadResult@ReaderWriter@osgDB@@V?$allocator@VReadResult@ReaderWriter@osgDB@@@std@@@std@@QAE@XZ 10004580 f i main.obj
 0001:000035a0       ??1?$_List_ptr@U?$pair@V?$basic_string@DU?$char_traits@D@std@@V?$allocator@D@2@@std@@V12@@std@@V?$allocator@U?$pair@V?$basic_string@DU?$char_traits@D@std@@V?$allocator@D@2@@std@@V12@@std@@@2@@std@@QAE@XZ 100045a0 f i main.obj
 0001:000035c0       ??1?$_List_nod@VReadResult@ReaderWriter@osgDB@@V?$allocator@VReadResult@ReaderWriter@osgDB@@@std@@@std@@QAE@XZ 100045c0 f i main.obj
 0001:000035e0       ??1?$_List_nod@U?$pair@V?$basic_string@DU?$char_traits@D@std@@V?$allocator@D@2@@std@@V12@@std@@V?$allocator@U?$pair@V?$basic_string@DU?$char_traits@D@std@@V?$allocator@D@2@@std@@V12@@std@@@2@@std@@QAE@XZ 100045e0 f i main.obj
 0001:00003600       ?capacity@?$vector@IV?$allocator@I@std@@@std@@QBEIXZ 10004600 f i main.obj
 0001:00003640       ?begin@?$vector@IV?$allocator@I@std@@@std@@QAE?AV?$_Vector_iterator@IV?$allocator@I@std@@@2@XZ 10004640 f i main.obj
 0001:00003670       ?end@?$vector@IV?$allocator@I@std@@@std@@QAE?AV?$_Vector_iterator@IV?$allocator@I@std@@@2@XZ 10004670 f i main.obj
 0001:000036a0       ?insert@?$vector@IV?$allocator@I@std@@@std@@QAE?AV?$_Vector_iterator@IV?$allocator@I@std@@@2@V?$_Vector_const_iterator@IV?$allocator@I@std@@@2@ABI@Z 100046a0 f i main.obj
 0001:00003720       ?erase@?$vector@IV?$allocator@I@std@@@std@@QAE?AV?$_Vector_iterator@IV?$allocator@I@std@@@2@V?$_Vector_const_iterator@IV?$allocator@I@std@@@2@0@Z 10004720 f i main.obj
 0001:000037c0       ?_Buy@?$vector@IV?$allocator@I@std@@@std@@IAE_NI@Z 100047c0 f i main.obj
 0001:00003840       ?_Destroy@?$vector@IV?$allocator@I@std@@@std@@IAEXPAI0@Z 10004840 f i main.obj
 0001:00003870       ?_Tidy@?$vector@IV?$allocator@I@std@@@std@@IAEXXZ 10004870 f i main.obj
 0001:000038e0       ?_Ufill@?$vector@IV?$allocator@I@std@@@std@@IAEPAIPAIIABI@Z 100048e0 f i main.obj
 0001:00003920       ??0?$_Vector_val@IV?$allocator@I@std@@@std@@IAE@V?$allocator@I@1@@Z 10004920 f i main.obj
 0001:00003960       ??1?$_Container_base_aux_alloc_real@V?$allocator@I@std@@@std@@IAE@XZ 10004960 f i main.obj
 0001:00003990       ??0?$allocator@I@std@@QAE@XZ 10004990 f i main.obj
 0001:000039a0       ?deallocate@?$allocator@I@std@@QAEXPAII@Z 100049a0 f i main.obj
 0001:000039c0       ??0?$allocator@V?$basic_string@DU?$char_traits@D@std@@V?$allocator@D@2@@std@@@std@@QAE@XZ 100049c0 f i main.obj
 0001:000039d0       ?deallocate@?$allocator@V?$basic_string@DU?$char_traits@D@std@@V?$allocator@D@2@@std@@@std@@QAEXPAV?$basic_string@DU?$char_traits@D@std@@V?$allocator@D@2@@2@I@Z 100049d0 f i main.obj
 0001:000039f0       ?allocate@?$allocator@V?$basic_string@DU?$char_traits@D@std@@V?$allocator@D@2@@std@@@std@@QAEPAV?$basic_string@DU?$char_traits@D@std@@V?$allocator@D@2@@2@I@Z 100049f0 f i main.obj
 0001:00003a10       ?construct@?$allocator@V?$basic_string@DU?$char_traits@D@std@@V?$allocator@D@2@@std@@@std@@QAEXPAV?$basic_string@DU?$char_traits@D@std@@V?$allocator@D@2@@2@ABV32@@Z 10004a10 f i main.obj
 0001:00003a30       ??1?$_Container_base_aux_alloc_real@V?$allocator@V?$basic_string@DU?$char_traits@D@std@@V?$allocator@D@2@@std@@@std@@@std@@IAE@XZ 10004a30 f i main.obj
 0001:00003a60       ??8?$_Vector_const_iterator@IV?$allocator@I@std@@@std@@QBE_NABV01@@Z 10004a60 f i main.obj
 0001:00003ab0       ?_Growmap@?$deque@V?$basic_string@DU?$char_traits@D@std@@V?$allocator@D@2@@std@@V?$allocator@V?$basic_string@DU?$char_traits@D@std@@V?$allocator@D@2@@std@@@2@@std@@IAEXI@Z 10004ab0 f i main.obj
 0001:00003cd0       ?_Tidy@?$deque@V?$basic_string@DU?$char_traits@D@std@@V?$allocator@D@2@@std@@V?$allocator@V?$basic_string@DU?$char_traits@D@std@@V?$allocator@D@2@@std@@@2@@std@@IAEXXZ 10004cd0 f i main.obj
 0001:00003d90       ??0?$_Deque_val@V?$basic_string@DU?$char_traits@D@std@@V?$allocator@D@2@@std@@V?$allocator@V?$basic_string@DU?$char_traits@D@std@@V?$allocator@D@2@@std@@@2@@std@@IAE@V?$allocator@V?$basic_string@DU?$char_traits@D@std@@V?$allocator@D@2@@std@@@1@@Z 10004d90 f i main.obj
 0001:00003dd0       ?_Nextnode@?$list@VReadResult@ReaderWriter@osgDB@@V?$allocator@VReadResult@ReaderWriter@osgDB@@@std@@@std@@KAAAPAU_Node@?$_List_nod@VReadResult@ReaderWriter@osgDB@@V?$allocator@VReadResult@ReaderWriter@osgDB@@@std@@@2@PAU342@@Z 10004dd0 f i main.obj
 0001:00003de0       ?_Insert@?$list@VReadResult@ReaderWriter@osgDB@@V?$allocator@VReadResult@ReaderWriter@osgDB@@@std@@@std@@QAEXV?$_Const_iterator@$00@12@ABVReadResult@ReaderWriter@osgDB@@@Z 10004de0 f i main.obj
 0001:00003e60       ?_Buynode@?$list@VReadResult@ReaderWriter@osgDB@@V?$allocator@VReadResult@ReaderWriter@osgDB@@@std@@@std@@IAEPAU_Node@?$_List_nod@VReadResult@ReaderWriter@osgDB@@V?$allocator@VReadResult@ReaderWriter@osgDB@@@std@@@2@XZ 10004e60 f i main.obj
 0001:00003f60       ?_Tidy@?$list@VReadResult@ReaderWriter@osgDB@@V?$allocator@VReadResult@ReaderWriter@osgDB@@@std@@@std@@IAEXXZ 10004f60 f i main.obj
 0001:00003fd0       ??0?$_List_val@VReadResult@ReaderWriter@osgDB@@V?$allocator@VReadResult@ReaderWriter@osgDB@@@std@@@std@@QAE@V?$allocator@VReadResult@ReaderWriter@osgDB@@@1@@Z 10004fd0 f i main.obj
 0001:00004010       ??1?$_Container_base_aux_alloc_real@V?$allocator@VReadResult@ReaderWriter@osgDB@@@std@@@std@@IAE@XZ 10005010 f i main.obj
 0001:00004040       ??0?$allocator@VReadResult@ReaderWriter@osgDB@@@std@@QAE@XZ 10005040 f i main.obj
 0001:00004050       ??0?$_Iterator@$00@?$list@VReadResult@ReaderWriter@osgDB@@V?$allocator@VReadResult@ReaderWriter@osgDB@@@std@@@std@@QAE@PAU_Node@?$_List_nod@VReadResult@ReaderWriter@osgDB@@V?$allocator@VReadResult@ReaderWriter@osgDB@@@std@@@2@PBV12@@Z 10005050 f i main.obj
 0001:00004070       ??D?$_Iterator@$00@?$list@VReadResult@ReaderWriter@osgDB@@V?$allocator@VReadResult@ReaderWriter@osgDB@@@std@@@std@@QBEAAVReadResult@ReaderWriter@osgDB@@XZ 10005070 f i main.obj
 0001:00004090       ??E?$_Iterator@$00@?$list@VReadResult@ReaderWriter@osgDB@@V?$allocator@VReadResult@ReaderWriter@osgDB@@@std@@@std@@QAEAAV012@XZ 10005090 f i main.obj
 0001:000040b0       ??0?$_Const_iterator@$00@?$list@VReadResult@ReaderWriter@osgDB@@V?$allocator@VReadResult@ReaderWriter@osgDB@@@std@@@std@@QAE@XZ 100050b0 f i main.obj
 0001:000040d0       ??8?$_Const_iterator@$00@?$list@VReadResult@ReaderWriter@osgDB@@V?$allocator@VReadResult@ReaderWriter@osgDB@@@std@@@std@@QBE_NABV012@@Z 100050d0 f i main.obj
 0001:00004130       ?_Nextnode@?$list@U?$pair@V?$basic_string@DU?$char_traits@D@std@@V?$allocator@D@2@@std@@V12@@std@@V?$allocator@U?$pair@V?$basic_string@DU?$char_traits@D@std@@V?$allocator@D@2@@std@@V12@@std@@@2@@std@@KAAAPAU_Node@?$_List_nod@U?$pair@V?$basic_string@DU?$char_traits@D@std@@V?$allocator@D@2@@std@@V12@@std@@V?$allocator@U?$pair@V?$basic_string@DU?$char_traits@D@std@@V?$allocator@D@2@@std@@V12@@std@@@2@@2@PAU342@@Z 10005130 f i main.obj
 0001:00004140       ?_Insert@?$list@U?$pair@V?$basic_string@DU?$char_traits@D@std@@V?$allocator@D@2@@std@@V12@@std@@V?$allocator@U?$pair@V?$basic_string@DU?$char_traits@D@std@@V?$allocator@D@2@@std@@V12@@std@@@2@@std@@QAEXV?$_Const_iterator@$00@12@ABU?$pair@V?$basic_string@DU?$char_traits@D@std@@V?$allocator@D@2@@std@@V12@@2@@Z 10005140 f i main.obj
 0001:000041c0       ?erase@?$list@U?$pair@V?$basic_string@DU?$char_traits@D@std@@V?$allocator@D@2@@std@@V12@@std@@V?$allocator@U?$pair@V?$basic_string@DU?$char_traits@D@std@@V?$allocator@D@2@@std@@V12@@std@@@2@@std@@QAE?AV?$_Iterator@$00@12@V?$_Const_iterator@$00@12@@Z 100051c0 f i main.obj
 0001:00004290       ?_Buynode@?$list@U?$pair@V?$basic_string@DU?$char_traits@D@std@@V?$allocator@D@2@@std@@V12@@std@@V?$allocator@U?$pair@V?$basic_string@DU?$char_traits@D@std@@V?$allocator@D@2@@std@@V12@@std@@@2@@std@@IAEPAU_Node@?$_List_nod@U?$pair@V?$basic_string@DU?$char_traits@D@std@@V?$allocator@D@2@@std@@V12@@std@@V?$allocator@U?$pair@V?$basic_string@DU?$char_traits@D@std@@V?$allocator@D@2@@std@@V12@@std@@@2@@2@XZ 10005290 f i main.obj
 0001:00004390       ?_Tidy@?$list@U?$pair@V?$basic_string@DU?$char_traits@D@std@@V?$allocator@D@2@@std@@V12@@std@@V?$allocator@U?$pair@V?$basic_string@DU?$char_traits@D@std@@V?$allocator@D@2@@std@@V12@@std@@@2@@std@@IAEXXZ 10005390 f i main.obj
 0001:00004400       ??0?$_List_val@U?$pair@V?$basic_string@DU?$char_traits@D@std@@V?$allocator@D@2@@std@@V12@@std@@V?$allocator@U?$pair@V?$basic_string@DU?$char_traits@D@std@@V?$allocator@D@2@@std@@V12@@std@@@2@@std@@QAE@V?$allocator@U?$pair@V?$basic_string@DU?$char_traits@D@std@@V?$allocator@D@2@@std@@V12@@std@@@1@@Z 10005400 f i main.obj
 0001:00004440       ??1?$_Container_base_aux_alloc_real@V?$allocator@U?$pair@V?$basic_string@DU?$char_traits@D@std@@V?$allocator@D@2@@std@@V12@@std@@@std@@@std@@IAE@XZ 10005440 f i main.obj
 0001:00004470       ??0?$allocator@U?$pair@V?$basic_string@DU?$char_traits@D@std@@V?$allocator@D@2@@std@@V12@@std@@@std@@QAE@XZ 10005470 f i main.obj
 0001:00004480       ??0?$_Iterator@$00@?$list@U?$pair@V?$basic_string@DU?$char_traits@D@std@@V?$allocator@D@2@@std@@V12@@std@@V?$allocator@U?$pair@V?$basic_string@DU?$char_traits@D@std@@V?$allocator@D@2@@std@@V12@@std@@@2@@std@@QAE@PAU_Node@?$_List_nod@U?$pair@V?$basic_string@DU?$char_traits@D@std@@V?$allocator@D@2@@std@@V12@@std@@V?$allocator@U?$pair@V?$basic_string@DU?$char_traits@D@std@@V?$allocator@D@2@@std@@V12@@std@@@2@@2@PBV12@@Z 10005480 f i main.obj
 0001:000044a0       ??D?$_Iterator@$00@?$list@U?$pair@V?$basic_string@DU?$char_traits@D@std@@V?$allocator@D@2@@std@@V12@@std@@V?$allocator@U?$pair@V?$basic_string@DU?$char_traits@D@std@@V?$allocator@D@2@@std@@V12@@std@@@2@@std@@QBEAAU?$pair@V?$basic_string@DU?$char_traits@D@std@@V?$allocator@D@2@@std@@V12@@2@XZ 100054a0 f i main.obj
 0001:000044c0       ??E?$_Iterator@$00@?$list@U?$pair@V?$basic_string@DU?$char_traits@D@std@@V?$allocator@D@2@@std@@V12@@std@@V?$allocator@U?$pair@V?$basic_string@DU?$char_traits@D@std@@V?$allocator@D@2@@std@@V12@@std@@@2@@std@@QAEAAV012@XZ 100054c0 f i main.obj
 0001:000044e0       ??0?$_Const_iterator@$00@?$list@U?$pair@V?$basic_string@DU?$char_traits@D@std@@V?$allocator@D@2@@std@@V12@@std@@V?$allocator@U?$pair@V?$basic_string@DU?$char_traits@D@std@@V?$allocator@D@2@@std@@V12@@std@@@2@@std@@QAE@XZ 100054e0 f i main.obj
 0001:00004500       ??8?$_Const_iterator@$00@?$list@U?$pair@V?$basic_string@DU?$char_traits@D@std@@V?$allocator@D@2@@std@@V12@@std@@V?$allocator@U?$pair@V?$basic_string@DU?$char_traits@D@std@@V?$allocator@D@2@@std@@V12@@std@@@2@@std@@QBE_NABV012@@Z 10005500 f i main.obj
 0001:00004560       ??0sentry@?$basic_ostream@DU?$char_traits@D@std@@@std@@QAE@AAV12@@Z 10005560 f i main.obj
 0001:00004620       ??1sentry@?$basic_ostream@DU?$char_traits@D@std@@@std@@QAE@XZ 10005620 f i main.obj
 0001:00004690       ??Bsentry@?$basic_ostream@DU?$char_traits@D@std@@@std@@QBE_NXZ 10005690 f i main.obj
 0001:000046b0       ??D?$_Vector_iterator@IV?$allocator@I@std@@@std@@QBEAAIXZ 100056b0 f i main.obj
 0001:000046d0       ??0length_error@std@@QAE@ABV01@@Z 100056d0 f i main.obj
 0001:00004700       ??0?$_Bidit@VReadResult@ReaderWriter@osgDB@@HPBV123@ABV123@@std@@QAE@XZ 10005700 f i main.obj
 0001:00004720       ??0?$_Bidit@U?$pair@V?$basic_string@DU?$char_traits@D@std@@V?$allocator@D@2@@std@@V12@@std@@HPBU12@ABU12@@std@@QAE@XZ 10005720 f i main.obj
 0001:00004740       ??0?$_Iterator_with_base@Ubidirectional_iterator_tag@std@@VReadResult@ReaderWriter@osgDB@@HPBV345@ABV345@V_Iterator_base_aux@2@@std@@QAE@XZ 10005740 f i main.obj
 0001:00004760       ??0?$_Iterator_with_base@Ubidirectional_iterator_tag@std@@U?$pair@V?$basic_string@DU?$char_traits@D@std@@V?$allocator@D@2@@std@@V12@@2@HPBU32@ABU32@V_Iterator_base_aux@2@@std@@QAE@XZ 10005760 f i main.obj
 0001:00004780       ?deallocate@?$allocator@V_Aux_cont@std@@@std@@QAEXPAV_Aux_cont@2@I@Z 10005780 f i main.obj
 0001:000047a0       ?_Make_iter@?$vector@IV?$allocator@I@std@@@std@@QBE?AV?$_Vector_iterator@IV?$allocator@I@std@@@2@V?$_Vector_const_iterator@IV?$allocator@I@std@@@2@@Z 100057a0 f i main.obj
 0001:000047c0       ?max_size@?$vector@IV?$allocator@I@std@@@std@@QBEIXZ 100057c0 f i main.obj
 0001:000047e0       ?_Insert_n@?$vector@IV?$allocator@I@std@@@std@@IAEXV?$_Vector_const_iterator@IV?$allocator@I@std@@@2@IABI@Z 100057e0 f i main.obj
 0001:00004b90       ?_Xlen@?$vector@IV?$allocator@I@std@@@std@@KAXXZ 10005b90 f i main.obj
 0001:00004c10       ??0?$_Container_base_aux_alloc_real@V?$allocator@I@std@@@std@@IAE@V?$allocator@I@1@@Z 10005c10 f i main.obj
 0001:00004cc0       ??0?$allocator@I@std@@QAE@ABV01@@Z 10005cc0 f i main.obj
 0001:00004cd0       ?allocate@?$allocator@I@std@@QAEPAII@Z 10005cd0 f i main.obj
 0001:00004cf0       ??0?$allocator@V?$basic_string@DU?$char_traits@D@std@@V?$allocator@D@2@@std@@@std@@QAE@ABV01@@Z 10005cf0 f i main.obj
 0001:00004d00       ??0?$_Container_base_aux_alloc_real@V?$allocator@V?$basic_string@DU?$char_traits@D@std@@V?$allocator@D@2@@std@@@std@@@std@@IAE@V?$allocator@V?$basic_string@DU?$char_traits@D@std@@V?$allocator@D@2@@std@@@1@@Z 10005d00 f i main.obj
 0001:00004db0       ??0?$_Vector_const_iterator@IV?$allocator@I@std@@@std@@QAE@PAIPBV_Container_base_aux@1@@Z 10005db0 f i main.obj
 0001:00004e00       ??G?$_Vector_const_iterator@IV?$allocator@I@std@@@std@@QBEHABV01@@Z 10005e00 f i main.obj
 0001:00004e50       ?max_size@?$deque@V?$basic_string@DU?$char_traits@D@std@@V?$allocator@D@2@@std@@V?$allocator@V?$basic_string@DU?$char_traits@D@std@@V?$allocator@D@2@@std@@@2@@std@@QBEIXZ 10005e50 f i main.obj
 0001:00004e70       ?empty@?$deque@V?$basic_string@DU?$char_traits@D@std@@V?$allocator@D@2@@std@@V?$allocator@V?$basic_string@DU?$char_traits@D@std@@V?$allocator@D@2@@std@@@2@@std@@QBE_NXZ 10005e70 f i main.obj
 0001:00004e90       ?pop_back@?$deque@V?$basic_string@DU?$char_traits@D@std@@V?$allocator@D@2@@std@@V?$allocator@V?$basic_string@DU?$char_traits@D@std@@V?$allocator@D@2@@std@@@2@@std@@QAEXXZ 10005e90 f i main.obj
 0001:00004f30       ?_Xlen@?$deque@V?$basic_string@DU?$char_traits@D@std@@V?$allocator@D@2@@std@@V?$allocator@V?$basic_string@DU?$char_traits@D@std@@V?$allocator@D@2@@std@@@2@@std@@KAXXZ 10005f30 f i main.obj
 0001:00004fb0       ??0?$_Deque_map@V?$basic_string@DU?$char_traits@D@std@@V?$allocator@D@2@@std@@V?$allocator@V?$basic_string@DU?$char_traits@D@std@@V?$allocator@D@2@@std@@@2@@std@@IAE@V?$allocator@V?$basic_string@DU?$char_traits@D@std@@V?$allocator@D@2@@std@@@1@@Z 10005fb0 f i main.obj
 0001:00004ff0       ?deallocate@?$allocator@PAV?$basic_string@DU?$char_traits@D@std@@V?$allocator@D@2@@std@@@std@@QAEXPAPAV?$basic_string@DU?$char_traits@D@std@@V?$allocator@D@2@@2@I@Z 10005ff0 f i main.obj
 0001:00005010       ?allocate@?$allocator@PAV?$basic_string@DU?$char_traits@D@std@@V?$allocator@D@2@@std@@@std@@QAEPAPAV?$basic_string@DU?$char_traits@D@std@@V?$allocator@D@2@@2@I@Z 10006010 f i main.obj
 0001:00005030       ?destroy@?$allocator@PAV?$basic_string@DU?$char_traits@D@std@@V?$allocator@D@2@@std@@@std@@QAEXPAPAV?$basic_string@DU?$char_traits@D@std@@V?$allocator@D@2@@2@@Z 10006030 f i main.obj
 0001:00005050       ?_Prevnode@?$list@VReadResult@ReaderWriter@osgDB@@V?$allocator@VReadResult@ReaderWriter@osgDB@@@std@@@std@@KAAAPAU_Node@?$_List_nod@VReadResult@ReaderWriter@osgDB@@V?$allocator@VReadResult@ReaderWriter@osgDB@@@std@@@2@PAU342@@Z 10006050 f i main.obj
 0001:00005060       ?clear@?$list@VReadResult@ReaderWriter@osgDB@@V?$allocator@VReadResult@ReaderWriter@osgDB@@@std@@@std@@QAEXXZ 10006060 f i main.obj
 0001:00005100       ?_Buynode@?$list@VReadResult@ReaderWriter@osgDB@@V?$allocator@VReadResult@ReaderWriter@osgDB@@@std@@@std@@IAEPAU_Node@?$_List_nod@VReadResult@ReaderWriter@osgDB@@V?$allocator@VReadResult@ReaderWriter@osgDB@@@std@@@2@PAU342@0ABVReadResult@ReaderWriter@osgDB@@@Z 10006100 f i main.obj
 0001:00005240       ?_Incsize@?$list@VReadResult@ReaderWriter@osgDB@@V?$allocator@VReadResult@ReaderWriter@osgDB@@@std@@@std@@IAEXI@Z 10006240 f i main.obj
 0001:000052e0       ??0?$_List_ptr@VReadResult@ReaderWriter@osgDB@@V?$allocator@VReadResult@ReaderWriter@osgDB@@@std@@@std@@IAE@V?$allocator@VReadResult@ReaderWriter@osgDB@@@1@@Z 100062e0 f i main.obj
 0001:00005320       ??0?$allocator@VReadResult@ReaderWriter@osgDB@@@std@@QAE@ABV01@@Z 10006320 f i main.obj
 0001:00005330       ?deallocate@?$allocator@U_Node@?$_List_nod@VReadResult@ReaderWriter@osgDB@@V?$allocator@VReadResult@ReaderWriter@osgDB@@@std@@@std@@@std@@QAEXPAU_Node@?$_List_nod@VReadResult@ReaderWriter@osgDB@@V?$allocator@VReadResult@ReaderWriter@osgDB@@@std@@@2@I@Z 10006330 f i main.obj
 0001:00005350       ?allocate@?$allocator@U_Node@?$_List_nod@VReadResult@ReaderWriter@osgDB@@V?$allocator@VReadResult@ReaderWriter@osgDB@@@std@@@std@@@std@@QAEPAU_Node@?$_List_nod@VReadResult@ReaderWriter@osgDB@@V?$allocator@VReadResult@ReaderWriter@osgDB@@@std@@@2@I@Z 10006350 f i main.obj
 0001:00005370       ?construct@?$allocator@PAU_Node@?$_List_nod@VReadResult@ReaderWriter@osgDB@@V?$allocator@VReadResult@ReaderWriter@osgDB@@@std@@@std@@@std@@QAEXPAPAU_Node@?$_List_nod@VReadResult@ReaderWriter@osgDB@@V?$allocator@VReadResult@ReaderWriter@osgDB@@@std@@@2@ABQAU342@@Z 10006370 f i main.obj
 0001:00005390       ?destroy@?$allocator@PAU_Node@?$_List_nod@VReadResult@ReaderWriter@osgDB@@V?$allocator@VReadResult@ReaderWriter@osgDB@@@std@@@std@@@std@@QAEXPAPAU_Node@?$_List_nod@VReadResult@ReaderWriter@osgDB@@V?$allocator@VReadResult@ReaderWriter@osgDB@@@std@@@2@@Z 10006390 f i main.obj
 0001:000053b0       ??0?$_Const_iterator@$00@?$list@VReadResult@ReaderWriter@osgDB@@V?$allocator@VReadResult@ReaderWriter@osgDB@@@std@@@std@@QAE@PAU_Node@?$_List_nod@VReadResult@ReaderWriter@osgDB@@V?$allocator@VReadResult@ReaderWriter@osgDB@@@std@@@2@PBV12@@Z 100063b0 f i main.obj
 0001:00005400       ??D?$_Const_iterator@$00@?$list@VReadResult@ReaderWriter@osgDB@@V?$allocator@VReadResult@ReaderWriter@osgDB@@@std@@@std@@QBEABVReadResult@ReaderWriter@osgDB@@XZ 10006400 f i main.obj
 0001:00005460       ??E?$_Const_iterator@$00@?$list@VReadResult@ReaderWriter@osgDB@@V?$allocator@VReadResult@ReaderWriter@osgDB@@@std@@@std@@QAEAAV012@XZ 10006460 f i main.obj
 0001:000054d0       ?_Mynode@?$_Const_iterator@$00@?$list@VReadResult@ReaderWriter@osgDB@@V?$allocator@VReadResult@ReaderWriter@osgDB@@@std@@@std@@QBEPAU_Node@?$_List_nod@VReadResult@ReaderWriter@osgDB@@V?$allocator@VReadResult@ReaderWriter@osgDB@@@std@@@3@XZ 100064d0 f i main.obj
 0001:000054f0       ?_Prevnode@?$list@U?$pair@V?$basic_string@DU?$char_traits@D@std@@V?$allocator@D@2@@std@@V12@@std@@V?$allocator@U?$pair@V?$basic_string@DU?$char_traits@D@std@@V?$allocator@D@2@@std@@V12@@std@@@2@@std@@KAAAPAU_Node@?$_List_nod@U?$pair@V?$basic_string@DU?$char_traits@D@std@@V?$allocator@D@2@@std@@V12@@std@@V?$allocator@U?$pair@V?$basic_string@DU?$char_traits@D@std@@V?$allocator@D@2@@std@@V12@@std@@@2@@2@PAU342@@Z 100064f0 f i main.obj
 0001:00005500       ?_Make_iter@?$list@U?$pair@V?$basic_string@DU?$char_traits@D@std@@V?$allocator@D@2@@std@@V12@@std@@V?$allocator@U?$pair@V?$basic_string@DU?$char_traits@D@std@@V?$allocator@D@2@@std@@V12@@std@@@2@@std@@QBE?AV?$_Iterator@$00@12@V?$_Const_iterator@$00@12@@Z 10006500 f i main.obj
 0001:00005520       ?clear@?$list@U?$pair@V?$basic_string@DU?$char_traits@D@std@@V?$allocator@D@2@@std@@V12@@std@@V?$allocator@U?$pair@V?$basic_string@DU?$char_traits@D@std@@V?$allocator@D@2@@std@@V12@@std@@@2@@std@@QAEXXZ 10006520 f i main.obj
 0001:000055c0       ?_Buynode@?$list@U?$pair@V?$basic_string@DU?$char_traits@D@std@@V?$allocator@D@2@@std@@V12@@std@@V?$allocator@U?$pair@V?$basic_string@DU?$char_traits@D@std@@V?$allocator@D@2@@std@@V12@@std@@@2@@std@@IAEPAU_Node@?$_List_nod@U?$pair@V?$basic_string@DU?$char_traits@D@std@@V?$allocator@D@2@@std@@V12@@std@@V?$allocator@U?$pair@V?$basic_string@DU?$char_traits@D@std@@V?$allocator@D@2@@std@@V12@@std@@@2@@2@PAU342@0ABU?$pair@V?$basic_string@DU?$char_traits@D@std@@V?$allocator@D@2@@std@@V12@@2@@Z 100065c0 f i main.obj
 0001:00005700       ?_Incsize@?$list@U?$pair@V?$basic_string@DU?$char_traits@D@std@@V?$allocator@D@2@@std@@V12@@std@@V?$allocator@U?$pair@V?$basic_string@DU?$char_traits@D@std@@V?$allocator@D@2@@std@@V12@@std@@@2@@std@@IAEXI@Z 10006700 f i main.obj
 0001:000057a0       ??0?$_List_ptr@U?$pair@V?$basic_string@DU?$char_traits@D@std@@V?$allocator@D@2@@std@@V12@@std@@V?$allocator@U?$pair@V?$basic_string@DU?$char_traits@D@std@@V?$allocator@D@2@@std@@V12@@std@@@2@@std@@IAE@V?$allocator@U?$pair@V?$basic_string@DU?$char_traits@D@std@@V?$allocator@D@2@@std@@V12@@std@@@1@@Z 100067a0 f i main.obj
 0001:000057e0       ??0?$allocator@U?$pair@V?$basic_string@DU?$char_traits@D@std@@V?$allocator@D@2@@std@@V12@@std@@@std@@QAE@ABV01@@Z 100067e0 f i main.obj
 0001:000057f0       ?deallocate@?$allocator@U_Node@?$_List_nod@U?$pair@V?$basic_string@DU?$char_traits@D@std@@V?$allocator@D@2@@std@@V12@@std@@V?$allocator@U?$pair@V?$basic_string@DU?$char_traits@D@std@@V?$allocator@D@2@@std@@V12@@std@@@2@@std@@@std@@QAEXPAU_Node@?$_List_nod@U?$pair@V?$basic_string@DU?$char_traits@D@std@@V?$allocator@D@2@@std@@V12@@std@@V?$allocator@U?$pair@V?$basic_string@DU?$char_traits@D@std@@V?$allocator@D@2@@std@@V12@@std@@@2@@2@I@Z 100067f0 f i main.obj
 0001:00005810       ?allocate@?$allocator@U_Node@?$_List_nod@U?$pair@V?$basic_string@DU?$char_traits@D@std@@V?$allocator@D@2@@std@@V12@@std@@V?$allocator@U?$pair@V?$basic_string@DU?$char_traits@D@std@@V?$allocator@D@2@@std@@V12@@std@@@2@@std@@@std@@QAEPAU_Node@?$_List_nod@U?$pair@V?$basic_string@DU?$char_traits@D@std@@V?$allocator@D@2@@std@@V12@@std@@V?$allocator@U?$pair@V?$basic_string@DU?$char_traits@D@std@@V?$allocator@D@2@@std@@V12@@std@@@2@@2@I@Z 10006810 f i main.obj
 0001:00005830       ?destroy@?$allocator@U_Node@?$_List_nod@U?$pair@V?$basic_string@DU?$char_traits@D@std@@V?$allocator@D@2@@std@@V12@@std@@V?$allocator@U?$pair@V?$basic_string@DU?$char_traits@D@std@@V?$allocator@D@2@@std@@V12@@std@@@2@@std@@@std@@QAEXPAU_Node@?$_List_nod@U?$pair@V?$basic_string@DU?$char_traits@D@std@@V?$allocator@D@2@@std@@V12@@std@@V?$allocator@U?$pair@V?$basic_string@DU?$char_traits@D@std@@V?$allocator@D@2@@std@@V12@@std@@@2@@2@@Z 10006830 f i main.obj
 0001:00005850       ?construct@?$allocator@PAU_Node@?$_List_nod@U?$pair@V?$basic_string@DU?$char_traits@D@std@@V?$allocator@D@2@@std@@V12@@std@@V?$allocator@U?$pair@V?$basic_string@DU?$char_traits@D@std@@V?$allocator@D@2@@std@@V12@@std@@@2@@std@@@std@@QAEXPAPAU_Node@?$_List_nod@U?$pair@V?$basic_string@DU?$char_traits@D@std@@V?$allocator@D@2@@std@@V12@@std@@V?$allocator@U?$pair@V?$basic_string@DU?$char_traits@D@std@@V?$allocator@D@2@@std@@V12@@std@@@2@@2@ABQAU342@@Z 10006850 f i main.obj
 0001:00005870       ?destroy@?$allocator@PAU_Node@?$_List_nod@U?$pair@V?$basic_string@DU?$char_traits@D@std@@V?$allocator@D@2@@std@@V12@@std@@V?$allocator@U?$pair@V?$basic_string@DU?$char_traits@D@std@@V?$allocator@D@2@@std@@V12@@std@@@2@@std@@@std@@QAEXPAPAU_Node@?$_List_nod@U?$pair@V?$basic_string@DU?$char_traits@D@std@@V?$allocator@D@2@@std@@V12@@std@@V?$allocator@U?$pair@V?$basic_string@DU?$char_traits@D@std@@V?$allocator@D@2@@std@@V12@@std@@@2@@2@@Z 10006870 f i main.obj
 0001:00005890       ??0?$_Const_iterator@$00@?$list@U?$pair@V?$basic_string@DU?$char_traits@D@std@@V?$allocator@D@2@@std@@V12@@std@@V?$allocator@U?$pair@V?$basic_string@DU?$char_traits@D@std@@V?$allocator@D@2@@std@@V12@@std@@@2@@std@@QAE@PAU_Node@?$_List_nod@U?$pair@V?$basic_string@DU?$char_traits@D@std@@V?$allocator@D@2@@std@@V12@@std@@V?$allocator@U?$pair@V?$basic_string@DU?$char_traits@D@std@@V?$allocator@D@2@@std@@V12@@std@@@2@@2@PBV12@@Z 10006890 f i main.obj
 0001:000058e0       ??D?$_Const_iterator@$00@?$list@U?$pair@V?$basic_string@DU?$char_traits@D@std@@V?$allocator@D@2@@std@@V12@@std@@V?$allocator@U?$pair@V?$basic_string@DU?$char_traits@D@std@@V?$allocator@D@2@@std@@V12@@std@@@2@@std@@QBEABU?$pair@V?$basic_string@DU?$char_traits@D@std@@V?$allocator@D@2@@std@@V12@@2@XZ 100068e0 f i main.obj
 0001:00005940       ??E?$_Const_iterator@$00@?$list@U?$pair@V?$basic_string@DU?$char_traits@D@std@@V?$allocator@D@2@@std@@V12@@std@@V?$allocator@U?$pair@V?$basic_string@DU?$char_traits@D@std@@V?$allocator@D@2@@std@@V12@@std@@@2@@std@@QAEAAV012@XZ 10006940 f i main.obj
 0001:000059b0       ??E?$_Const_iterator@$00@?$list@U?$pair@V?$basic_string@DU?$char_traits@D@std@@V?$allocator@D@2@@std@@V12@@std@@V?$allocator@U?$pair@V?$basic_string@DU?$char_traits@D@std@@V?$allocator@D@2@@std@@V12@@std@@@2@@std@@QAE?AV012@H@Z 100069b0 f i main.obj
 0001:000059f0       ?_Mynode@?$_Const_iterator@$00@?$list@U?$pair@V?$basic_string@DU?$char_traits@D@std@@V?$allocator@D@2@@std@@V12@@std@@V?$allocator@U?$pair@V?$basic_string@DU?$char_traits@D@std@@V?$allocator@D@2@@std@@V12@@std@@@2@@std@@QBEPAU_Node@?$_List_nod@U?$pair@V?$basic_string@DU?$char_traits@D@std@@V?$allocator@D@2@@std@@V12@@std@@V?$allocator@U?$pair@V?$basic_string@DU?$char_traits@D@std@@V?$allocator@D@2@@std@@V12@@std@@@2@@3@XZ 100069f0 f i main.obj
 0001:00005a10       ??0_Sentry_base@?$basic_ostream@DU?$char_traits@D@std@@@std@@QAE@AAV12@@Z 10006a10 f i main.obj
 0001:00005a60       ??1_Sentry_base@?$basic_ostream@DU?$char_traits@D@std@@@std@@QAE@XZ 10006a60 f i main.obj
 0001:00005ab0       ??0?$_Vector_iterator@IV?$allocator@I@std@@@std@@QAE@PAIPBV_Container_base_aux@1@@Z 10006ab0 f i main.obj
 0001:00005ad0       ??H?$_Vector_iterator@IV?$allocator@I@std@@@std@@QBE?AV01@H@Z 10006ad0 f i main.obj
 0001:00005b10       ??0?$_Ranit@IHPBIABI@std@@QAE@XZ 10006b10 f i main.obj
 0001:00005b30       ??0?$_Iterator_with_base@Urandom_access_iterator_tag@std@@IHPBIABIV_Iterator_base_aux@2@@std@@QAE@XZ 10006b30 f i main.obj
 0001:00005b50       ?allocate@?$allocator@V_Aux_cont@std@@@std@@QAEPAV_Aux_cont@2@I@Z 10006b50 f i main.obj
 0001:00005b70       ?max_size@?$allocator@I@std@@QBEIXZ 10006b70 f i main.obj
 0001:00005ba0       ?destroy@?$allocator@V?$basic_string@DU?$char_traits@D@std@@V?$allocator@D@2@@std@@@std@@QAEXPAV?$basic_string@DU?$char_traits@D@std@@V?$allocator@D@2@@2@@Z 10006ba0 f i main.obj
 0001:00005bc0       ?max_size@?$allocator@V?$basic_string@DU?$char_traits@D@std@@V?$allocator@D@2@@std@@@std@@QBEIXZ 10006bc0 f i main.obj
 0001:00005bf0       ?_Myval@?$list@VReadResult@ReaderWriter@osgDB@@V?$allocator@VReadResult@ReaderWriter@osgDB@@@std@@@std@@KAAAVReadResult@ReaderWriter@osgDB@@PAU_Node@?$_List_nod@VReadResult@ReaderWriter@osgDB@@V?$allocator@VReadResult@ReaderWriter@osgDB@@@std@@@2@@Z 10006bf0 f i main.obj
 0001:00005c00       ?max_size@?$list@VReadResult@ReaderWriter@osgDB@@V?$allocator@VReadResult@ReaderWriter@osgDB@@@std@@@std@@QBEIXZ 10006c00 f i main.obj
 0001:00005c20       ??0?$_List_nod@VReadResult@ReaderWriter@osgDB@@V?$allocator@VReadResult@ReaderWriter@osgDB@@@std@@@std@@IAE@V?$allocator@VReadResult@ReaderWriter@osgDB@@@1@@Z 10006c20 f i main.obj
 0001:00005c60       ?construct@?$allocator@VReadResult@ReaderWriter@osgDB@@@std@@QAEXPAVReadResult@ReaderWriter@osgDB@@ABV345@@Z 10006c60 f i main.obj
 0001:00005c80       ?destroy@?$allocator@U_Node@?$_List_nod@VReadResult@ReaderWriter@osgDB@@V?$allocator@VReadResult@ReaderWriter@osgDB@@@std@@@std@@@std@@QAEXPAU_Node@?$_List_nod@VReadResult@ReaderWriter@osgDB@@V?$allocator@VReadResult@ReaderWriter@osgDB@@@std@@@2@@Z 10006c80 f i main.obj
 0001:00005ca0       ?_Myval@?$list@U?$pair@V?$basic_string@DU?$char_traits@D@std@@V?$allocator@D@2@@std@@V12@@std@@V?$allocator@U?$pair@V?$basic_string@DU?$char_traits@D@std@@V?$allocator@D@2@@std@@V12@@std@@@2@@std@@KAAAU?$pair@V?$basic_string@DU?$char_traits@D@std@@V?$allocator@D@2@@std@@V12@@2@PAU_Node@?$_List_nod@U?$pair@V?$basic_string@DU?$char_traits@D@std@@V?$allocator@D@2@@std@@V12@@std@@V?$allocator@U?$pair@V?$basic_string@DU?$char_traits@D@std@@V?$allocator@D@2@@std@@V12@@std@@@2@@2@@Z 10006ca0 f i main.obj
 0001:00005cb0       ?max_size@?$list@U?$pair@V?$basic_string@DU?$char_traits@D@std@@V?$allocator@D@2@@std@@V12@@std@@V?$allocator@U?$pair@V?$basic_string@DU?$char_traits@D@std@@V?$allocator@D@2@@std@@V12@@std@@@2@@std@@QBEIXZ 10006cb0 f i main.obj
 0001:00005cd0       ??0?$_List_nod@U?$pair@V?$basic_string@DU?$char_traits@D@std@@V?$allocator@D@2@@std@@V12@@std@@V?$allocator@U?$pair@V?$basic_string@DU?$char_traits@D@std@@V?$allocator@D@2@@std@@V12@@std@@@2@@std@@IAE@V?$allocator@U?$pair@V?$basic_string@DU?$char_traits@D@std@@V?$allocator@D@2@@std@@V12@@std@@@1@@Z 10006cd0 f i main.obj
 0001:00005d10       ?construct@?$allocator@U?$pair@V?$basic_string@DU?$char_traits@D@std@@V?$allocator@D@2@@std@@V12@@std@@@std@@QAEXPAU?$pair@V?$basic_string@DU?$char_traits@D@std@@V?$allocator@D@2@@std@@V12@@2@ABU32@@Z 10006d10 f i main.obj
 0001:00005d30       ??Y?$_Vector_iterator@IV?$allocator@I@std@@@std@@QAEAAV01@H@Z 10006d30 f i main.obj
 0001:00005d50       ??Y?$_Vector_const_iterator@IV?$allocator@I@std@@@std@@QAEAAV01@H@Z 10006d50 f i main.obj
 0001:00005dd0       ??0?$_Container_base_aux_alloc_real@V?$allocator@VReadResult@ReaderWriter@osgDB@@@std@@@std@@IAE@V?$allocator@VReadResult@ReaderWriter@osgDB@@@1@@Z 10006dd0 f i main.obj
 0001:00005e80       ?max_size@?$allocator@VReadResult@ReaderWriter@osgDB@@@std@@QBEIXZ 10006e80 f i main.obj
 0001:00005eb0       ??0?$_Container_base_aux_alloc_real@V?$allocator@U?$pair@V?$basic_string@DU?$char_traits@D@std@@V?$allocator@D@2@@std@@V12@@std@@@std@@@std@@IAE@V?$allocator@U?$pair@V?$basic_string@DU?$char_traits@D@std@@V?$allocator@D@2@@std@@V12@@std@@@1@@Z 10006eb0 f i main.obj
 0001:00005f60       ?max_size@?$allocator@U?$pair@V?$basic_string@DU?$char_traits@D@std@@V?$allocator@D@2@@std@@V12@@std@@@std@@QBEIXZ 10006f60 f i main.obj
 0001:00005f90       ??$?6U?$char_traits@D@std@@@std@@YAAAV?$basic_ostream@DU?$char_traits@D@std@@@0@AAV10@PBD@Z 10006f90 f i main.obj
 0001:00006270       ??$drawElementsImplementation@E@PrimitiveWriter@@IAEXIHPBE@Z 10007270 f i main.obj
 0001:000065f0       ??$drawElementsImplementation@G@PrimitiveWriter@@IAEXIHPBG@Z 100075f0 f i main.obj
 0001:00006980       ??$drawElementsImplementation@I@PrimitiveWriter@@IAEXIHPBI@Z 10007980 f i main.obj
 0001:00006cf0       ??$make_pair@HH@std@@YA?AU?$pair@HH@0@HH@Z 10007cf0 f i main.obj
 0001:00006d10       ??$toString@M@@YA?AV?$basic_string@DU?$char_traits@D@std@@V?$allocator@D@2@@std@@ABM@Z 10007d10 f i main.obj
 0001:00006db0       ??$toString@W4domUpAxisType@@@@YA?AV?$basic_string@DU?$char_traits@D@std@@V?$allocator@D@2@@std@@ABW4domUpAxisType@@@Z 10007db0 f i main.obj
 0001:00006e50       ??$unchecked_copy@PAIPAI@stdext@@YAPAIPAI00@Z 10007e50 f i main.obj
 0001:00006ec0       ??$?8V?$basic_string@DU?$char_traits@D@std@@V?$allocator@D@2@@std@@V01@@std@@YA_NABU?$pair@V?$basic_string@DU?$char_traits@D@std@@V?$allocator@D@2@@std@@V12@@0@0@Z 10007ec0 f i main.obj
 0001:00006f20       ??$_Destroy_range@V?$allocator@I@std@@@std@@YAXPAI0AAV?$allocator@I@0@@Z 10007f20 f i main.obj
 0001:00006f60       ??$unchecked_uninitialized_fill_n@PAIIIV?$allocator@I@std@@@stdext@@YAXPAIIABIAAV?$allocator@I@std@@@Z 10007f60 f i main.obj
 0001:00006fb0       ??$_Allocate@V?$basic_string@DU?$char_traits@D@std@@V?$allocator@D@2@@std@@@std@@YAPAV?$basic_string@DU?$char_traits@D@std@@V?$allocator@D@2@@0@IPAV10@@Z 10007fb0 f i main.obj
 0001:00007000       ??$_Construct@V?$basic_string@DU?$char_traits@D@std@@V?$allocator@D@2@@std@@V12@@std@@YAXPAV?$basic_string@DU?$char_traits@D@std@@V?$allocator@D@2@@0@ABV10@@Z 10008000 f i main.obj
 0001:00007080       ??$unchecked_uninitialized_copy@PAPAV?$basic_string@DU?$char_traits@D@std@@V?$allocator@D@2@@std@@PAPAV12@V?$allocator@PAV?$basic_string@DU?$char_traits@D@std@@V?$allocator@D@2@@std@@@2@@stdext@@YAPAPAV?$basic_string@DU?$char_traits@D@std@@V?$allocator@D@2@@std@@PAPAV12@00AAV?$allocator@PAV?$basic_string@DU?$char_traits@D@std@@V?$allocator@D@2@@std@@@2@@Z 10008080 f i main.obj
 0001:000070e0       ??$unchecked_uninitialized_fill_n@PAPAV?$basic_string@DU?$char_traits@D@std@@V?$allocator@D@2@@std@@IPAV12@V?$allocator@PAV?$basic_string@DU?$char_traits@D@std@@V?$allocator@D@2@@std@@@2@@stdext@@YAXPAPAV?$basic_string@DU?$char_traits@D@std@@V?$allocator@D@2@@std@@IABQAV12@AAV?$allocator@PAV?$basic_string@DU?$char_traits@D@std@@V?$allocator@D@2@@std@@@2@@Z 100080e0 f i main.obj
 0001:00007130       ??$_Destroy_range@V?$allocator@PAV?$basic_string@DU?$char_traits@D@std@@V?$allocator@D@2@@std@@@std@@@std@@YAXPAPAV?$basic_string@DU?$char_traits@D@std@@V?$allocator@D@2@@0@0AAV?$allocator@PAV?$basic_string@DU?$char_traits@D@std@@V?$allocator@D@2@@std@@@0@@Z 10008130 f i main.obj
 0001:00007170       ??$_Umove@PAI@?$vector@IV?$allocator@I@std@@@std@@IAEPAIPAI00@Z 10008170 f i main.obj
 0001:000071a0       ??$fill@PAII@std@@YAXPAI0ABI@Z 100081a0 f i main.obj
 0001:000071d0       ??$_Unchecked_move_backward@PAIPAI@stdext@@YAPAIPAI00@Z 100081d0 f i main.obj
 0001:00007240       ??$?0I@?$allocator@V_Aux_cont@std@@@std@@QAE@ABV?$allocator@I@1@@Z 10008240 f i main.obj
 0001:00007250       ??$_Allocate@I@std@@YAPAIIPAI@Z 10008250 f i main.obj
 0001:000072a0       ??$?0V?$basic_string@DU?$char_traits@D@std@@V?$allocator@D@2@@std@@@?$allocator@V_Aux_cont@std@@@std@@QAE@ABV?$allocator@V?$basic_string@DU?$char_traits@D@std@@V?$allocator@D@2@@std@@@1@@Z 100082a0 f i main.obj
 0001:000072b0       ??$?0V?$basic_string@DU?$char_traits@D@std@@V?$allocator@D@2@@std@@@?$allocator@PAV?$basic_string@DU?$char_traits@D@std@@V?$allocator@D@2@@std@@@std@@QAE@ABV?$allocator@V?$basic_string@DU?$char_traits@D@std@@V?$allocator@D@2@@std@@@1@@Z 100082b0 f i main.obj
 0001:000072c0       ??$_Allocate@PAV?$basic_string@DU?$char_traits@D@std@@V?$allocator@D@2@@std@@@std@@YAPAPAV?$basic_string@DU?$char_traits@D@std@@V?$allocator@D@2@@0@IPAPAV10@@Z 100082c0 f i main.obj
 0001:00007310       ??$_Destroy@PAV?$basic_string@DU?$char_traits@D@std@@V?$allocator@D@2@@std@@@std@@YAXPAPAV?$basic_string@DU?$char_traits@D@std@@V?$allocator@D@2@@0@@Z 10008310 f i main.obj
 0001:00007320       ??$?0VReadResult@ReaderWriter@osgDB@@@?$allocator@PAU_Node@?$_List_nod@VReadResult@ReaderWriter@osgDB@@V?$allocator@VReadResult@ReaderWriter@osgDB@@@std@@@std@@@std@@QAE@ABV?$allocator@VReadResult@ReaderWriter@osgDB@@@1@@Z 10008320 f i main.obj
 0001:00007330       ??$_Allocate@U_Node@?$_List_nod@VReadResult@ReaderWriter@osgDB@@V?$allocator@VReadResult@ReaderWriter@osgDB@@@std@@@std@@@std@@YAPAU_Node@?$_List_nod@VReadResult@ReaderWriter@osgDB@@V?$allocator@VReadResult@ReaderWriter@osgDB@@@std@@@0@IPAU120@@Z 10008330 f i main.obj
 0001:00007380       ??$_Construct@PAU_Node@?$_List_nod@VReadResult@ReaderWriter@osgDB@@V?$allocator@VReadResult@ReaderWriter@osgDB@@@std@@@std@@PAU123@@std@@YAXPAPAU_Node@?$_List_nod@VReadResult@ReaderWriter@osgDB@@V?$allocator@VReadResult@ReaderWriter@osgDB@@@std@@@0@ABQAU120@@Z 10008380 f i main.obj
 0001:000073c0       ??$_Destroy@PAU_Node@?$_List_nod@VReadResult@ReaderWriter@osgDB@@V?$allocator@VReadResult@ReaderWriter@osgDB@@@std@@@std@@@std@@YAXPAPAU_Node@?$_List_nod@VReadResult@ReaderWriter@osgDB@@V?$allocator@VReadResult@ReaderWriter@osgDB@@@std@@@0@@Z 100083c0 f i main.obj
 0001:000073d0       ??$?0U?$pair@V?$basic_string@DU?$char_traits@D@std@@V?$allocator@D@2@@std@@V12@@std@@@?$allocator@PAU_Node@?$_List_nod@U?$pair@V?$basic_string@DU?$char_traits@D@std@@V?$allocator@D@2@@std@@V12@@std@@V?$allocator@U?$pair@V?$basic_string@DU?$char_traits@D@std@@V?$allocator@D@2@@std@@V12@@std@@@2@@std@@@std@@QAE@ABV?$allocator@U?$pair@V?$basic_string@DU?$char_traits@D@std@@V?$allocator@D@2@@std@@V12@@std@@@1@@Z 100083d0 f i main.obj
 0001:000073e0       ??$_Allocate@U_Node@?$_List_nod@U?$pair@V?$basic_string@DU?$char_traits@D@std@@V?$allocator@D@2@@std@@V12@@std@@V?$allocator@U?$pair@V?$basic_string@DU?$char_traits@D@std@@V?$allocator@D@2@@std@@V12@@std@@@2@@std@@@std@@YAPAU_Node@?$_List_nod@U?$pair@V?$basic_string@DU?$char_traits@D@std@@V?$allocator@D@2@@std@@V12@@std@@V?$allocator@U?$pair@V?$basic_string@DU?$char_traits@D@std@@V?$allocator@D@2@@std@@V12@@std@@@2@@0@IPAU120@@Z 100083e0 f i main.obj
 0001:00007430       ??$_Destroy@U_Node@?$_List_nod@U?$pair@V?$basic_string@DU?$char_traits@D@std@@V?$allocator@D@2@@std@@V12@@std@@V?$allocator@U?$pair@V?$basic_string@DU?$char_traits@D@std@@V?$allocator@D@2@@std@@V12@@std@@@2@@std@@@std@@YAXPAU_Node@?$_List_nod@U?$pair@V?$basic_string@DU?$char_traits@D@std@@V?$allocator@D@2@@std@@V12@@std@@V?$allocator@U?$pair@V?$basic_string@DU?$char_traits@D@std@@V?$allocator@D@2@@std@@V12@@std@@@2@@0@@Z 10008430 f i main.obj
 0001:00007440       ??$_Construct@PAU_Node@?$_List_nod@U?$pair@V?$basic_string@DU?$char_traits@D@std@@V?$allocator@D@2@@std@@V12@@std@@V?$allocator@U?$pair@V?$basic_string@DU?$char_traits@D@std@@V?$allocator@D@2@@std@@V12@@std@@@2@@std@@PAU123@@std@@YAXPAPAU_Node@?$_List_nod@U?$pair@V?$basic_string@DU?$char_traits@D@std@@V?$allocator@D@2@@std@@V12@@std@@V?$allocator@U?$pair@V?$basic_string@DU?$char_traits@D@std@@V?$allocator@D@2@@std@@V12@@std@@@2@@0@ABQAU120@@Z 10008440 f i main.obj
 0001:00007480       ??$_Destroy@PAU_Node@?$_List_nod@U?$pair@V?$basic_string@DU?$char_traits@D@std@@V?$allocator@D@2@@std@@V12@@std@@V?$allocator@U?$pair@V?$basic_string@DU?$char_traits@D@std@@V?$allocator@D@2@@std@@V12@@std@@@2@@std@@@std@@YAXPAPAU_Node@?$_List_nod@U?$pair@V?$basic_string@DU?$char_traits@D@std@@V?$allocator@D@2@@std@@V12@@std@@V?$allocator@U?$pair@V?$basic_string@DU?$char_traits@D@std@@V?$allocator@D@2@@std@@V12@@std@@@2@@0@@Z 10008480 f i main.obj
 0001:00007490       ??$_Allocate@V_Aux_cont@std@@@std@@YAPAV_Aux_cont@0@IPAV10@@Z 10008490 f i main.obj
 0001:000074e0       ??$_Destroy@V?$basic_string@DU?$char_traits@D@std@@V?$allocator@D@2@@std@@@std@@YAXPAV?$basic_string@DU?$char_traits@D@std@@V?$allocator@D@2@@0@@Z 100084e0 f i main.obj
 0001:000074f0       ??$?0VReadResult@ReaderWriter@osgDB@@@?$allocator@U_Node@?$_List_nod@VReadResult@ReaderWriter@osgDB@@V?$allocator@VReadResult@ReaderWriter@osgDB@@@std@@@std@@@std@@QAE@ABV?$allocator@VReadResult@ReaderWriter@osgDB@@@1@@Z 100084f0 f i main.obj
 0001:00007500       ??$_Construct@VReadResult@ReaderWriter@osgDB@@V123@@std@@YAXPAVReadResult@ReaderWriter@osgDB@@ABV123@@Z 10008500 f i main.obj
 0001:00007580       ??$_Destroy@U_Node@?$_List_nod@VReadResult@ReaderWriter@osgDB@@V?$allocator@VReadResult@ReaderWriter@osgDB@@@std@@@std@@@std@@YAXPAU_Node@?$_List_nod@VReadResult@ReaderWriter@osgDB@@V?$allocator@VReadResult@ReaderWriter@osgDB@@@std@@@0@@Z 10008580 f i main.obj
 0001:00007590       ??$?0U?$pair@V?$basic_string@DU?$char_traits@D@std@@V?$allocator@D@2@@std@@V12@@std@@@?$allocator@U_Node@?$_List_nod@U?$pair@V?$basic_string@DU?$char_traits@D@std@@V?$allocator@D@2@@std@@V12@@std@@V?$allocator@U?$pair@V?$basic_string@DU?$char_traits@D@std@@V?$allocator@D@2@@std@@V12@@std@@@2@@std@@@std@@QAE@ABV?$allocator@U?$pair@V?$basic_string@DU?$char_traits@D@std@@V?$allocator@D@2@@std@@V12@@std@@@1@@Z 10008590 f i main.obj
 0001:000075a0       ??$_Construct@U?$pair@V?$basic_string@DU?$char_traits@D@std@@V?$allocator@D@2@@std@@V12@@std@@U12@@std@@YAXPAU?$pair@V?$basic_string@DU?$char_traits@D@std@@V?$allocator@D@2@@std@@V12@@0@ABU10@@Z 100085a0 f i main.obj
 0001:00007620       ??$?0VReadResult@ReaderWriter@osgDB@@@?$allocator@V_Aux_cont@std@@@std@@QAE@ABV?$allocator@VReadResult@ReaderWriter@osgDB@@@1@@Z 10008620 f i main.obj
 0001:00007630       ??$?0U?$pair@V?$basic_string@DU?$char_traits@D@std@@V?$allocator@D@2@@std@@V12@@std@@@?$allocator@V_Aux_cont@std@@@std@@QAE@ABV?$allocator@U?$pair@V?$basic_string@DU?$char_traits@D@std@@V?$allocator@D@2@@std@@V12@@std@@@1@@Z 10008630 f i main.obj
 0001:00007640       ??0bad_alloc@std@@QAE@ABV01@@Z 10008640 f i main.obj
 0001:00007670       ??_G_Node@?$_List_nod@U?$pair@V?$basic_string@DU?$char_traits@D@std@@V?$allocator@D@2@@std@@V12@@std@@V?$allocator@U?$pair@V?$basic_string@DU?$char_traits@D@std@@V?$allocator@D@2@@std@@V12@@std@@@2@@std@@QAEPAXI@Z 10008670 f i main.obj
 0001:000076a0       ??_G?$basic_string@DU?$char_traits@D@std@@V?$allocator@D@2@@std@@QAEPAXI@Z 100086a0 f i main.obj
 0001:000076d0       ??_G_Node@?$_List_nod@VReadResult@ReaderWriter@osgDB@@V?$allocator@VReadResult@ReaderWriter@osgDB@@@std@@@std@@QAEPAXI@Z 100086d0 f i main.obj
 0001:00007700       ??1_Node@?$_List_nod@U?$pair@V?$basic_string@DU?$char_traits@D@std@@V?$allocator@D@2@@std@@V12@@std@@V?$allocator@U?$pair@V?$basic_string@DU?$char_traits@D@std@@V?$allocator@D@2@@std@@V12@@std@@@2@@std@@QAE@XZ 10008700 f i main.obj
 0001:00007720       ??1_Node@?$_List_nod@VReadResult@ReaderWriter@osgDB@@V?$allocator@VReadResult@ReaderWriter@osgDB@@@std@@@std@@QAE@XZ 10008720 f i main.obj
 0001:00007740       ??0?$pair@HH@std@@QAE@ABH0@Z 10008740 f i main.obj
 0001:00007770       ??$_Checked_base@PAI@std@@YAPAIAAPAI@Z 10008770 f i main.obj
 0001:00007790       ??$_Iter_random@PAIPAI@std@@YA?AUrandom_access_iterator_tag@0@ABQAI0@Z 10008790 f i main.obj
 0001:000077a0       ??$_Ptr_cat@PAIPAI@std@@YA?AU_Scalar_ptr_iterator_tag@0@AAPAI0@Z 100087a0 f i main.obj
 0001:000077b0       ??$_Copy_opt@PAIPAIUrandom_access_iterator_tag@std@@@std@@YAPAIPAI00Urandom_access_iterator_tag@0@U_Scalar_ptr_iterator_tag@0@U_Range_checked_iterator_tag@0@@Z 100087b0 f i main.obj
 0001:00007800       ??$unchecked_uninitialized_copy@PAIPAIV?$allocator@I@std@@@stdext@@YAPAIPAI00AAV?$allocator@I@std@@@Z 10008800 f i main.obj
 0001:00007860       ??$_Destroy_range@V?$allocator@I@std@@@std@@YAXPAI0AAV?$allocator@I@0@U_Scalar_ptr_iterator_tag@0@@Z 10008860 f i main.obj
 0001:00007870       ??$_Uninit_fill_n@PAIIIV?$allocator@I@std@@@std@@YAXPAIIABIAAV?$allocator@I@0@U_Scalar_ptr_iterator_tag@0@U_Range_checked_iterator_tag@0@@Z 10008870 f i main.obj
 0001:00007890       ??$_Checked_base@PAPAV?$basic_string@DU?$char_traits@D@std@@V?$allocator@D@2@@std@@@std@@YAPAPAV?$basic_string@DU?$char_traits@D@std@@V?$allocator@D@2@@0@AAPAPAV10@@Z 10008890 f i main.obj
 0001:000078b0       ??$_Ptr_cat@PAPAV?$basic_string@DU?$char_traits@D@std@@V?$allocator@D@2@@std@@PAPAV12@@std@@YA?AU_Scalar_ptr_iterator_tag@0@AAPAPAV?$basic_string@DU?$char_traits@D@std@@V?$allocator@D@2@@0@0@Z 100088b0 f i main.obj
 0001:000078c0       ??$_Uninit_copy@PAPAV?$basic_string@DU?$char_traits@D@std@@V?$allocator@D@2@@std@@PAPAV12@V?$allocator@PAV?$basic_string@DU?$char_traits@D@std@@V?$allocator@D@2@@std@@@2@@std@@YAPAPAV?$basic_string@DU?$char_traits@D@std@@V?$allocator@D@2@@0@PAPAV10@00AAV?$allocator@PAV?$basic_string@DU?$char_traits@D@std@@V?$allocator@D@2@@std@@@0@U_Scalar_ptr_iterator_tag@0@U_Range_checked_iterator_tag@0@@Z 100088c0 f i main.obj
 0001:00007910       ??$_Uninit_fill_n@PAPAV?$basic_string@DU?$char_traits@D@std@@V?$allocator@D@2@@std@@IPAV12@V?$allocator@PAV?$basic_string@DU?$char_traits@D@std@@V?$allocator@D@2@@std@@@2@@std@@YAXPAPAV?$basic_string@DU?$char_traits@D@std@@V?$allocator@D@2@@0@IABQAV10@AAV?$allocator@PAV?$basic_string@DU?$char_traits@D@std@@V?$allocator@D@2@@std@@@0@U_Scalar_ptr_iterator_tag@0@U_Range_checked_iterator_tag@0@@Z 10008910 f i main.obj
 0001:00007930       ??$_Destroy_range@V?$allocator@PAV?$basic_string@DU?$char_traits@D@std@@V?$allocator@D@2@@std@@@std@@@std@@YAXPAPAV?$basic_string@DU?$char_traits@D@std@@V?$allocator@D@2@@0@0AAV?$allocator@PAV?$basic_string@DU?$char_traits@D@std@@V?$allocator@D@2@@std@@@0@U_Scalar_ptr_iterator_tag@0@@Z 10008930 f i main.obj
 0001:00007940       ??$_Unchecked_uninitialized_move@PAIPAIV?$allocator@I@std@@@stdext@@YAPAIPAI00AAV?$allocator@I@std@@@Z 10008940 f i main.obj
 0001:00007990       ??$_Fill@PAII@std@@YAXPAI0ABI@Z 10008990 f i main.obj
 0001:000079c0       ??$_Move_cat@PAI@std@@YA?AU_Undefined_move_tag@0@ABQAI@Z 100089c0 f i main.obj
 0001:000079d0       ??$_Move_backward_opt@PAIPAIUrandom_access_iterator_tag@std@@U_Undefined_move_tag@2@@std@@YAPAIPAI00Urandom_access_iterator_tag@0@U_Undefined_move_tag@0@U_Range_checked_iterator_tag@0@@Z 100089d0 f i main.obj
 0001:00007a20       ??$_Checked_base@PAI@std@@YAPAIAAPAIU_Unchanged_checked_iterator_base_type_tag@0@@Z 10008a20 f i main.obj
 0001:00007a30       ??$_Uninit_copy@PAIPAIV?$allocator@I@std@@@std@@YAPAIPAI00AAV?$allocator@I@0@U_Scalar_ptr_iterator_tag@0@U_Range_checked_iterator_tag@0@@Z 10008a30 f i main.obj
 0001:00007a80       ??$_Uninit_move@PAIPAIV?$allocator@I@std@@U_Undefined_move_tag@2@@std@@YAPAIPAI00AAV?$allocator@I@0@U_Undefined_move_tag@0@U_Range_checked_iterator_tag@0@@Z 10008a80 f i main.obj
 0001:00007aa0       ??$unchecked_fill_n@PAIII@stdext@@YAXPAIIABI@Z 10008aa0 f i main.obj
 0001:00007ae0       ??$_Checked_base@PAPAV?$basic_string@DU?$char_traits@D@std@@V?$allocator@D@2@@std@@@std@@YAPAPAV?$basic_string@DU?$char_traits@D@std@@V?$allocator@D@2@@0@AAPAPAV10@U_Unchanged_checked_iterator_base_type_tag@0@@Z 10008ae0 f i main.obj
 0001:00007af0       ??$unchecked_fill_n@PAPAV?$basic_string@DU?$char_traits@D@std@@V?$allocator@D@2@@std@@IPAV12@@stdext@@YAXPAPAV?$basic_string@DU?$char_traits@D@std@@V?$allocator@D@2@@std@@IABQAV12@@Z 10008af0 f i main.obj
 0001:00007b30       ??$_Copy_backward_opt@PAIPAIUrandom_access_iterator_tag@std@@@std@@YAPAIPAI00Urandom_access_iterator_tag@0@U_Scalar_ptr_iterator_tag@0@U_Range_checked_iterator_tag@0@@Z 10008b30 f i main.obj
 0001:00007b80       ??$_Iter_cat@PAI@std@@YA?AUrandom_access_iterator_tag@0@ABQAI@Z 10008b80 f i main.obj
 0001:00007b90       ??$_Fill_n@PAIII@std@@YAXPAIIABIUrandom_access_iterator_tag@0@U_Range_checked_iterator_tag@0@@Z 10008b90 f i main.obj
 0001:00007bd0       ??$_Iter_cat@PAPAV?$basic_string@DU?$char_traits@D@std@@V?$allocator@D@2@@std@@@std@@YA?AUrandom_access_iterator_tag@0@ABQAPAV?$basic_string@DU?$char_traits@D@std@@V?$allocator@D@2@@0@@Z 10008bd0 f i main.obj
 0001:00007be0       ??$_Fill_n@PAPAV?$basic_string@DU?$char_traits@D@std@@V?$allocator@D@2@@std@@IPAV12@@std@@YAXPAPAV?$basic_string@DU?$char_traits@D@std@@V?$allocator@D@2@@0@IABQAV10@Urandom_access_iterator_tag@0@U_Range_checked_iterator_tag@0@@Z 10008be0 f i main.obj
 0001:00007c20       ??$_Fill_n@PAIII@std@@YAXPAIIABIU_Range_checked_iterator_tag@0@@Z 10008c20 f i main.obj
 0001:00007c50       ??$_Fill_n@PAPAV?$basic_string@DU?$char_traits@D@std@@V?$allocator@D@2@@std@@IPAV12@@std@@YAXPAPAV?$basic_string@DU?$char_traits@D@std@@V?$allocator@D@2@@0@IABQAV10@U_Range_checked_iterator_tag@0@@Z 10008c50 f i main.obj
 0001:00007c7c       ?findFileInPath@osgDB@@YA?AV?$basic_string@DU?$char_traits@D@std@@V?$allocator@D@2@@std@@ABV23@ABV?$deque@V?$basic_string@DU?$char_traits@D@std@@V?$allocator@D@2@@std@@V?$allocator@V?$basic_string@DU?$char_traits@D@std@@V?$allocator@D@2@@std@@@2@@3@W4CaseSensitivity@1@@Z 10008c7c f   osgDB:osg63-osgDB.dll
 0001:00007c82       ?getSimpleFileName@osgDB@@YA?AV?$basic_string@DU?$char_traits@D@std@@V?$allocator@D@2@@std@@ABV23@@Z 10008c82 f   osgDB:osg63-osgDB.dll
 0001:00007c88       ?readNodeFile@osgDB@@YAPAVNode@osg@@ABV?$basic_string@DU?$char_traits@D@std@@V?$allocator@D@2@@std@@PBVOptions@1@@Z 10008c88 f   osgDB:osg63-osgDB.dll
 0001:00007c8e       ?takeShader@ReadResult@ReaderWriter@osgDB@@QAEPAVShader@osg@@XZ 10008c8e f   osgDB:osg63-osgDB.dll
 0001:00007c94       ?takeNode@ReadResult@ReaderWriter@osgDB@@QAEPAVNode@osg@@XZ 10008c94 f   osgDB:osg63-osgDB.dll
 0001:00007c9a       ?takeHeightField@ReadResult@ReaderWriter@osgDB@@QAEPAVHeightField@osg@@XZ 10008c9a f   osgDB:osg63-osgDB.dll
 0001:00007ca0       ?takeImage@ReadResult@ReaderWriter@osgDB@@QAEPAVImage@osg@@XZ 10008ca0 f   osgDB:osg63-osgDB.dll
 0001:00007ca6       ?takeObject@ReadResult@ReaderWriter@osgDB@@QAEPAVObject@osg@@XZ 10008ca6 f   osgDB:osg63-osgDB.dll
 0001:00007cac       ?getNode@ReadResult@ReaderWriter@osgDB@@QAEPAVNode@osg@@XZ 10008cac f   osgDB:osg63-osgDB.dll
 0001:00007cb2       ?writeNodeFile@osgDB@@YA_NABVNode@osg@@ABV?$basic_string@DU?$char_traits@D@std@@V?$allocator@D@2@@std@@PBVOptions@1@@Z 10008cb2 f   osgDB:osg63-osgDB.dll
 0001:00007cb8       ?readShader@ReadFileCallback@osgDB@@UAE?AVReadResult@ReaderWriter@2@ABV?$basic_string@DU?$char_traits@D@std@@V?$allocator@D@2@@std@@PBVOptions@2@@Z 10008cb8 f   osgDB:osg63-osgDB.dll
 0001:00007cbe       ?readNode@ReadFileCallback@osgDB@@UAE?AVReadResult@ReaderWriter@2@ABV?$basic_string@DU?$char_traits@D@std@@V?$allocator@D@2@@std@@PBVOptions@2@@Z 10008cbe f   osgDB:osg63-osgDB.dll
 0001:00007cc4       ?readHeightField@ReadFileCallback@osgDB@@UAE?AVReadResult@ReaderWriter@2@ABV?$basic_string@DU?$char_traits@D@std@@V?$allocator@D@2@@std@@PBVOptions@2@@Z 10008cc4 f   osgDB:osg63-osgDB.dll
 0001:00007cca       ?readObject@ReadFileCallback@osgDB@@UAE?AVReadResult@ReaderWriter@2@ABV?$basic_string@DU?$char_traits@D@std@@V?$allocator@D@2@@std@@PBVOptions@2@@Z 10008cca f   osgDB:osg63-osgDB.dll
 0001:00007cd0       ?openArchive@ReadFileCallback@osgDB@@UAE?AVReadResult@ReaderWriter@2@ABV?$basic_string@DU?$char_traits@D@std@@V?$allocator@D@2@@std@@W4ArchiveStatus@42@IPBVOptions@2@@Z 10008cd0 f   osgDB:osg63-osgDB.dll
 0001:00007cd6       ?setLibraryFilePathList@Registry@osgDB@@QAEXABV?$basic_string@DU?$char_traits@D@std@@V?$allocator@D@2@@std@@@Z 10008cd6 f   osgDB:osg63-osgDB.dll
 0001:00007cdc       ?readShaderImplementation@Registry@osgDB@@QAE?AVReadResult@ReaderWriter@2@ABV?$basic_string@DU?$char_traits@D@std@@V?$allocator@D@2@@std@@PBVOptions@2@@Z 10008cdc f   osgDB:osg63-osgDB.dll
 0001:00007ce2       ?readNodeImplementation@Registry@osgDB@@QAE?AVReadResult@ReaderWriter@2@ABV?$basic_string@DU?$char_traits@D@std@@V?$allocator@D@2@@std@@PBVOptions@2@@Z 10008ce2 f   osgDB:osg63-osgDB.dll
 0001:00007ce8       ?readHeightFieldImplementation@Registry@osgDB@@QAE?AVReadResult@ReaderWriter@2@ABV?$basic_string@DU?$char_traits@D@std@@V?$allocator@D@2@@std@@PBVOptions@2@@Z 10008ce8 f   osgDB:osg63-osgDB.dll
 0001:00007cee       ?readImageImplementation@Registry@osgDB@@QAE?AVReadResult@ReaderWriter@2@ABV?$basic_string@DU?$char_traits@D@std@@V?$allocator@D@2@@std@@PBVOptions@2@@Z 10008cee f   osgDB:osg63-osgDB.dll
 0001:00007cf4       ?getReaderWriterForExtension@Registry@osgDB@@QAEPAVReaderWriter@2@ABV?$basic_string@DU?$char_traits@D@std@@V?$allocator@D@2@@std@@@Z 10008cf4 f   osgDB:osg63-osgDB.dll
 0001:00007cfa       ?instance@Registry@osgDB@@SAPAV12@_N@Z 10008cfa f   osgDB:osg63-osgDB.dll
 0001:00007d00       ?getFilePath@osgDB@@YA?AV?$basic_string@DU?$char_traits@D@std@@V?$allocator@D@2@@std@@ABV23@@Z 10008d00 f   osgDB:osg63-osgDB.dll
 0001:00007d06       ??0ReadFileCallback@osgDB@@QAE@XZ 10008d06 f   osgDB:osg63-osgDB.dll
 0001:00007d0c       ?getOptions@Registry@osgDB@@QAEPAVOptions@2@XZ 10008d0c f   osgDB:osg63-osgDB.dll
 0001:00007d12       ?setReadFileCallback@Registry@osgDB@@QAEXPAVReadFileCallback@2@@Z 10008d12 f   osgDB:osg63-osgDB.dll
 0001:00007d18       ??1Options@osgDB@@MAE@XZ   10008d18 f   osgDB:osg63-osgDB.dll
 0001:00007d1e       ?getPluginData@Options@osgDB@@QAEPAXABV?$basic_string@DU?$char_traits@D@std@@V?$allocator@D@2@@std@@@Z 10008d1e f   osgDB:osg63-osgDB.dll
 0001:00007d24       ?setPluginData@Options@osgDB@@QBEXABV?$basic_string@DU?$char_traits@D@std@@V?$allocator@D@2@@std@@PAX@Z 10008d24 f   osgDB:osg63-osgDB.dll
 0001:00007d2a       ?setObjectCacheHint@Options@osgDB@@QAEXW4CacheHintOptions@12@@Z 10008d2a f   osgDB:osg63-osgDB.dll
 0001:00007d30       ?className@Options@osgDB@@UBEPBDXZ 10008d30 f   osgDB:osg63-osgDB.dll
 0001:00007d36       ?libraryName@Options@osgDB@@UBEPBDXZ 10008d36 f   osgDB:osg63-osgDB.dll
 0001:00007d3c       ?isSameKindAs@Options@osgDB@@UBE_NPBVObject@osg@@@Z 10008d3c f   osgDB:osg63-osgDB.dll
 0001:00007d42       ?clone@Options@osgDB@@UBEPAVObject@osg@@ABVCopyOp@4@@Z 10008d42 f   osgDB:osg63-osgDB.dll
 0001:00007d48       ?cloneType@Options@osgDB@@UBEPAVObject@osg@@XZ 10008d48 f   osgDB:osg63-osgDB.dll
 0001:00007d4e       ??0Options@osgDB@@QAE@XZ   10008d4e f   osgDB:osg63-osgDB.dll
 0001:00007d54       ??1ReadFileCallback@osgDB@@MAE@XZ 10008d54 f   osgDB:osg63-osgDB.dll
 0001:00007d5a       ??1ReadResult@ReaderWriter@osgDB@@QAE@XZ 10008d5a f   osgDB:osg63-osgDB.dll
 0001:00007d60       ?status@ReadResult@ReaderWriter@osgDB@@QBE?AW4ReadStatus@123@XZ 10008d60 f   osgDB:osg63-osgDB.dll
 0001:00007d66       ?validShader@ReadResult@ReaderWriter@osgDB@@QAE_NXZ 10008d66 f   osgDB:osg63-osgDB.dll
 0001:00007d6c       ?validNode@ReadResult@ReaderWriter@osgDB@@QAE_NXZ 10008d6c f   osgDB:osg63-osgDB.dll
 0001:00007d72       ?validHeightField@ReadResult@ReaderWriter@osgDB@@QAE_NXZ 10008d72 f   osgDB:osg63-osgDB.dll
 0001:00007d78       ?validImage@ReadResult@ReaderWriter@osgDB@@QAE_NXZ 10008d78 f   osgDB:osg63-osgDB.dll
 0001:00007d7e       ?validObject@ReadResult@ReaderWriter@osgDB@@QAE_NXZ 10008d7e f   osgDB:osg63-osgDB.dll
 0001:00007d84       ??0ReadResult@ReaderWriter@osgDB@@QAE@ABV012@@Z 10008d84 f   osgDB:osg63-osgDB.dll
 0001:00007d8a       ??0ReadResult@ReaderWriter@osgDB@@QAE@PAVObject@osg@@W4ReadStatus@012@@Z 10008d8a f   osgDB:osg63-osgDB.dll
 0001:00007d90       ?notify@osg@@YAAAV?$basic_ostream@DU?$char_traits@D@std@@@std@@W4NotifySeverity@1@@Z 10008d90 f   osg:osg63-osg.dll
 0001:00007d96       ?setNotifyLevel@osg@@YAXW4NotifySeverity@1@@Z 10008d96 f   osg:osg63-osg.dll
 0001:00007d9c       ?apply@NodeVisitor@osg@@UAEXAAVBillboard@2@@Z 10008d9c f   osg:osg63-osg.dll
 0001:00007da2       ?apply@NodeVisitor@osg@@UAEXAAVGroup@2@@Z 10008da2 f   osg:osg63-osg.dll
 0001:00007da8       ?apply@NodeVisitor@osg@@UAEXAAVProxyNode@2@@Z 10008da8 f   osg:osg63-osg.dll
 0001:00007dae       ?apply@NodeVisitor@osg@@UAEXAAVProjection@2@@Z 10008dae f   osg:osg63-osg.dll
 0001:00007db4       ?apply@NodeVisitor@osg@@UAEXAAVCoordinateSystemNode@2@@Z 10008db4 f   osg:osg63-osg.dll
 0001:00007dba       ?apply@NodeVisitor@osg@@UAEXAAVClipNode@2@@Z 10008dba f   osg:osg63-osg.dll
 0001:00007dc0       ?apply@NodeVisitor@osg@@UAEXAAVTexGenNode@2@@Z 10008dc0 f   osg:osg63-osg.dll
 0001:00007dc6       ?apply@NodeVisitor@osg@@UAEXAAVLightSource@2@@Z 10008dc6 f   osg:osg63-osg.dll
 0001:00007dcc       ?apply@NodeVisitor@osg@@UAEXAAVTransform@2@@Z 10008dcc f   osg:osg63-osg.dll
 0001:00007dd2       ?apply@NodeVisitor@osg@@UAEXAAVCamera@2@@Z 10008dd2 f   osg:osg63-osg.dll
 0001:00007dd8       ?apply@NodeVisitor@osg@@UAEXAAVCameraView@2@@Z 10008dd8 f   osg:osg63-osg.dll
 0001:00007dde       ?apply@NodeVisitor@osg@@UAEXAAVMatrixTransform@2@@Z 10008dde f   osg:osg63-osg.dll
 0001:00007de4       ?apply@NodeVisitor@osg@@UAEXAAVPositionAttitudeTransform@2@@Z 10008de4 f   osg:osg63-osg.dll
 0001:00007dea       ?apply@NodeVisitor@osg@@UAEXAAVSwitch@2@@Z 10008dea f   osg:osg63-osg.dll
 0001:00007df0       ?apply@NodeVisitor@osg@@UAEXAAVSequence@2@@Z 10008df0 f   osg:osg63-osg.dll
 0001:00007df6       ?apply@NodeVisitor@osg@@UAEXAAVLOD@2@@Z 10008df6 f   osg:osg63-osg.dll
 0001:00007dfc       ?apply@NodeVisitor@osg@@UAEXAAVPagedLOD@2@@Z 10008dfc f   osg:osg63-osg.dll
 0001:00007e02       ?apply@NodeVisitor@osg@@UAEXAAVClearNode@2@@Z 10008e02 f   osg:osg63-osg.dll
 0001:00007e08       ?apply@NodeVisitor@osg@@UAEXAAVOccluderNode@2@@Z 10008e08 f   osg:osg63-osg.dll
 0001:00007e0e       ?apply@NodeVisitor@osg@@UAEXAAVOcclusionQueryNode@2@@Z 10008e0e f   osg:osg63-osg.dll
 0001:00007e14       ??1NodeVisitor@osg@@UAE@XZ 10008e14 f   osg:osg63-osg.dll
 0001:00007e1a       ??0NodeVisitor@osg@@QAE@W4TraversalMode@01@@Z 10008e1a f   osg:osg63-osg.dll
 0001:00007e20       ??1Image@osg@@MAE@XZ       10008e20 f   osg:osg63-osg.dll
 0001:00007e26       ?isImageTranslucent@Image@osg@@UBE_NXZ 10008e26 f   osg:osg63-osg.dll
 0001:00007e2c       ?copySubImage@Image@osg@@UAEXHHHPBV12@@Z 10008e2c f   osg:osg63-osg.dll
 0001:00007e32       ?scaleImage@Image@osg@@UAEXHHHI@Z 10008e32 f   osg:osg63-osg.dll
 0001:00007e38       ?readImageFromCurrentTexture@Image@osg@@UAEXI_NI@Z 10008e38 f   osg:osg63-osg.dll
 0001:00007e3e       ?readPixels@Image@osg@@UAEXHHHHII@Z 10008e3e f   osg:osg63-osg.dll
 0001:00007e44       ?setImage@Image@osg@@UAEXHHHHIIPAEW4AllocationMode@12@H@Z 10008e44 f   osg:osg63-osg.dll
 0001:00007e4a       ?allocateImage@Image@osg@@UAEXHHHIIH@Z 10008e4a f   osg:osg63-osg.dll
[...]
 0001:0000c510       __ehhandler$?_Buynode@?$list@VReadResult@ReaderWriter@osgDB@@V?$allocator@VReadResult@ReaderWriter@osgDB@@@std@@@std@@IAEPAU_Node@?$_List_nod@VReadResult@ReaderWriter@osgDB@@V?$allocator@VReadResult@ReaderWriter@osgDB@@@std@@@2@XZ 1000d510 f    CIL library: CIL module
 0001:0000c530       __unwindfunclet$??1?$list@U?$pair@V?$basic_string@DU?$char_traits@D@std@@V?$allocator@D@2@@std@@V12@@std@@V?$allocator@U?$pair@V?$basic_string@DU?$char_traits@D@std@@V?$allocator@D@2@@std@@V12@@std@@@2@@std@@QAE@XZ$0 1000d530 f    CIL library: CIL module
 0001:0000c538       __ehhandler$??1?$list@U?$pair@V?$basic_string@DU?$char_traits@D@std@@V?$allocator@D@2@@std@@V12@@std@@V?$allocator@U?$pair@V?$basic_string@DU?$char_traits@D@std@@V?$allocator@D@2@@std@@V12@@std@@@2@@std@@QAE@XZ 1000d538 f    CIL library: CIL module
 0001:0000c560       __unwindfunclet$??1?$list@VReadResult@ReaderWriter@osgDB@@V?$allocator@VReadResult@ReaderWriter@osgDB@@@std@@@std@@QAE@XZ$0 1000d560 f    CIL library: CIL module
 0001:0000c568       __ehhandler$??1?$list@VReadResult@ReaderWriter@osgDB@@V?$allocator@VReadResult@ReaderWriter@osgDB@@@std@@@std@@QAE@XZ 1000d568 f    CIL library: CIL module
 0001:0000c590       __unwindfunclet$??1?$deque@V?$basic_string@DU?$char_traits@D@std@@V?$allocator@D@2@@std@@V?$allocator@V?$basic_string@DU?$char_traits@D@std@@V?$allocator@D@2@@std@@@2@@std@@QAE@XZ$0 1000d590 f    CIL library: CIL module
 0001:0000c598       __ehhandler$??1?$deque@V?$basic_string@DU?$char_traits@D@std@@V?$allocator@D@2@@std@@V?$allocator@V?$basic_string@DU?$char_traits@D@std@@V?$allocator@D@2@@std@@@2@@std@@QAE@XZ 1000d598 f    CIL library: CIL module
 0001:0000c5c0       __unwindfunclet$??1FindTextureReferencePairs@@UAE@XZ$0 1000d5c0 f    CIL library: CIL module
 0001:0000c5cc       __ehhandler$??1FindTextureReferencePairs@@UAE@XZ 1000d5cc f    CIL library: CIL module
 0001:0000c5f0       __unwindfunclet$?GetTextureReference@FindTextureReferencePairs@@QAE?AU?$pair@V?$basic_string@DU?$char_traits@D@std@@V?$allocator@D@2@@std@@V12@@std@@PAVNode@osg@@@Z$0 1000d5f0 f    CIL library: CIL module
 0001:0000c5f8       __unwindfunclet$?GetTextureReference@FindTextureReferencePairs@@QAE?AU?$pair@V?$basic_string@DU?$char_traits@D@std@@V?$allocator@D@2@@std@@V12@@std@@PAVNode@osg@@@Z$1 1000d5f8 f    CIL library: CIL module
 0001:0000c617       __unwindfunclet$?GetTextureReference@FindTextureReferencePairs@@QAE?AU?$pair@V?$basic_string@DU?$char_traits@D@std@@V?$allocator@D@2@@std@@V12@@std@@PAVNode@osg@@@Z$2 1000d617 f    CIL library: CIL module
 0001:0000c623       __unwindfunclet$?GetTextureReference@FindTextureReferencePairs@@QAE?AU?$pair@V?$basic_string@DU?$char_traits@D@std@@V?$allocator@D@2@@std@@V12@@std@@PAVNode@osg@@@Z$3 1000d623 f    CIL library: CIL module
 0001:0000c62e       __unwindfunclet$?GetTextureReference@FindTextureReferencePairs@@QAE?AU?$pair@V?$basic_string@DU?$char_traits@D@std@@V?$allocator@D@2@@std@@V12@@std@@PAVNode@osg@@@Z$4 1000d62e f    CIL library: CIL module
 0001:0000c63a       __ehhandler$?GetTextureReference@FindTextureReferencePairs@@QAE?AU?$pair@V?$basic_string@DU?$char_traits@D@std@@V?$allocator@D@2@@std@@V12@@std@@PAVNode@osg@@@Z 1000d63a f    CIL library: CIL module
 0001:0000c670       __unwindfunclet$?apply@FixNamesVisitor@@UAEXAAVNode@osg@@@Z$1 1000d670 f    CIL library: CIL module
 0001:0000c679       __ehhandler$?apply@FixNamesVisitor@@UAEXAAVNode@osg@@@Z 1000d679 f    CIL library: CIL module
 0001:0000c6a0       __unwindfunclet$?apply@FixNamesVisitor@@UAEXAAVGeode@osg@@@Z$1 1000d6a0 f    CIL library: CIL module
 0001:0000c6a9       __unwindfunclet$?apply@FixNamesVisitor@@UAEXAAVGeode@osg@@@Z$3 1000d6a9 f    CIL library: CIL module
 0001:0000c6b2       __ehhandler$?apply@FixNamesVisitor@@UAEXAAVGeode@osg@@@Z 1000d6b2 f    CIL library: CIL module
 0001:0000c6d0       __unwindfunclet$??0?$_Container_base_aux_alloc_real@V?$allocator@U?$pair@V?$basic_string@DU?$char_traits@D@std@@V?$allocator@D@2@@std@@V12@@std@@@std@@@std@@IAE@V?$allocator@U?$pair@V?$basic_string@DU?$char_traits@D@std@@V?$allocator@D@2@@std@@V12@@std@@@1@@Z$0 1000d6d0 f    CIL library: CIL module
 0001:0000c6d8       __ehhandler$??0?$_Container_base_aux_alloc_real@V?$allocator@U?$pair@V?$basic_string@DU?$char_traits@D@std@@V?$allocator@D@2@@std@@V12@@std@@@std@@@std@@IAE@V?$allocator@U?$pair@V?$basic_string@DU?$char_traits@D@std@@V?$allocator@D@2@@std@@V12@@std@@@1@@Z 1000d6d8 f    CIL library: CIL module
 0001:0000c700       __unwindfunclet$??0?$_Container_base_aux_alloc_real@V?$allocator@VReadResult@ReaderWriter@osgDB@@@std@@@std@@IAE@V?$allocator@VReadResult@ReaderWriter@osgDB@@@1@@Z$0 1000d700 f    CIL library: CIL module
 0001:0000c708       __ehhandler$??0?$_Container_base_aux_alloc_real@V?$allocator@VReadResult@ReaderWriter@osgDB@@@std@@@std@@IAE@V?$allocator@VReadResult@ReaderWriter@osgDB@@@1@@Z 1000d708 f    CIL library: CIL module
 0001:0000c730       __unwindfunclet$?_Incsize@?$list@U?$pair@V?$basic_string@DU?$char_traits@D@std@@V?$allocator@D@2@@std@@V12@@std@@V?$allocator@U?$pair@V?$basic_string@DU?$char_traits@D@std@@V?$allocator@D@2@@std@@V12@@std@@@2@@std@@IAEXI@Z$0 1000d730 f    CIL library: CIL module
 0001:0000c739       __ehhandler$?_Incsize@?$list@U?$pair@V?$basic_string@DU?$char_traits@D@std@@V?$allocator@D@2@@std@@V12@@std@@V?$allocator@U?$pair@V?$basic_string@DU?$char_traits@D@std@@V?$allocator@D@2@@std@@V12@@std@@@2@@std@@IAEXI@Z 1000d739 f    CIL library: CIL module
 0001:0000c760       __unwindfunclet$?_Incsize@?$list@VReadResult@ReaderWriter@osgDB@@V?$allocator@VReadResult@ReaderWriter@osgDB@@@std@@@std@@IAEXI@Z$0 1000d760 f    CIL library: CIL module
 0001:0000c769       __ehhandler$?_Incsize@?$list@VReadResult@ReaderWriter@osgDB@@V?$allocator@VReadResult@ReaderWriter@osgDB@@@std@@@std@@IAEXI@Z 1000d769 f    CIL library: CIL module
 0001:0000c790       __unwindfunclet$?_Xlen@?$deque@V?$basic_string@DU?$char_traits@D@std@@V?$allocator@D@2@@std@@V?$allocator@V?$basic_string@DU?$char_traits@D@std@@V?$allocator@D@2@@std@@@2@@std@@KAXXZ$0 1000d790 f    CIL library: CIL module
 0001:0000c799       __ehhandler$?_Xlen@?$deque@V?$basic_string@DU?$char_traits@D@std@@V?$allocator@D@2@@std@@V?$allocator@V?$basic_string@DU?$char_traits@D@std@@V?$allocator@D@2@@std@@@2@@std@@KAXXZ 1000d799 f    CIL library: CIL module
 0001:0000c7c0       __unwindfunclet$?_Xlen@?$vector@IV?$allocator@I@std@@@std@@KAXXZ$0 1000d7c0 f    CIL library: CIL module
 0001:0000c7c9       __ehhandler$?_Xlen@?$vector@IV?$allocator@I@std@@@std@@KAXXZ 1000d7c9 f    CIL library: CIL module
 0001:0000c7f0       __ehhandler$?_Insert_n@?$vector@IV?$allocator@I@std@@@std@@IAEXV?$_Vector_const_iterator@IV?$allocator@I@std@@@2@IABI@Z 1000d7f0 f    CIL library: CIL module
 0001:0000c810       __unwindfunclet$??0?$list@U?$pair@V?$basic_string@DU?$char_traits@D@std@@V?$allocator@D@2@@std@@V12@@std@@V?$allocator@U?$pair@V?$basic_string@DU?$char_traits@D@std@@V?$allocator@D@2@@std@@V12@@std@@@2@@std@@QAE@XZ$0 1000d810 f    CIL library: CIL module
 0001:0000c818       __ehhandler$??0?$list@U?$pair@V?$basic_string@DU?$char_traits@D@std@@V?$allocator@D@2@@std@@V12@@std@@V?$allocator@U?$pair@V?$basic_string@DU?$char_traits@D@std@@V?$allocator@D@2@@std@@V12@@std@@@2@@std@@QAE@XZ 1000d818 f    CIL library: CIL module
 0001:0000c840       __unwindfunclet$??0?$list@VReadResult@ReaderWriter@osgDB@@V?$allocator@VReadResult@ReaderWriter@osgDB@@@std@@@std@@QAE@XZ$0 1000d840 f    CIL library: CIL module
 0001:0000c848       __ehhandler$??0?$list@VReadResult@ReaderWriter@osgDB@@V?$allocator@VReadResult@ReaderWriter@osgDB@@@std@@@std@@QAE@XZ 1000d848 f    CIL library: CIL module
 0001:0000c870       __unwindfunclet$??0?$vector@IV?$allocator@I@std@@@std@@QAE@XZ$0 1000d870 f    CIL library: CIL module
 0001:0000c878       __ehhandler$??0?$vector@IV?$allocator@I@std@@@std@@QAE@XZ 1000d878 f    CIL library: CIL module
 0001:0000c8a0       __unwindfunclet$??0FindTextureReferencePairs@@QAE@XZ$0 1000d8a0 f    CIL library: CIL module
 0001:0000c8bd       __unwindfunclet$??0FindTextureReferencePairs@@QAE@XZ$1 1000d8bd f    CIL library: CIL module
 0001:0000c8c9       __ehhandler$??0FindTextureReferencePairs@@QAE@XZ 1000d8c9 f    CIL library: CIL module
 0001:0000c8f0       __unwindfunclet$??0ManageMemoryCallback@@QAE@XZ$0 1000d8f0 f    CIL library: CIL module
 0001:0000c90d       __unwindfunclet$??0ManageMemoryCallback@@QAE@XZ$1 1000d90d f    CIL library: CIL module
 0001:0000c919       __ehhandler$??0ManageMemoryCallback@@QAE@XZ 1000d919 f    CIL library: CIL module
 0001:0000c940       __unwindfunclet$?readImage@ConditionPathsCallback@@UAE?AVReadResult@ReaderWriter@osgDB@@ABV?$basic_string@DU?$char_traits@D@std@@V?$allocator@D@2@@std@@PBVOptions@4@@Z$0 1000d940 f    CIL library: CIL module
 0001:0000c949       __unwindfunclet$?readImage@ConditionPathsCallback@@UAE?AVReadResult@ReaderWriter@osgDB@@ABV?$basic_string@DU?$char_traits@D@std@@V?$allocator@D@2@@std@@PBVOptions@4@@Z$1 1000d949 f    CIL library: CIL module
 0001:0000c951       __unwindfunclet$?readImage@ConditionPathsCallback@@UAE?AVReadResult@ReaderWriter@osgDB@@ABV?$basic_string@DU?$char_traits@D@std@@V?$allocator@D@2@@std@@PBVOptions@4@@Z$2 1000d951 f    CIL library: CIL module
 0001:0000c95a       __unwindfunclet$?readImage@ConditionPathsCallback@@UAE?AVReadResult@ReaderWriter@osgDB@@ABV?$basic_string@DU?$char_traits@D@std@@V?$allocator@D@2@@std@@PBVOptions@4@@Z$3 1000d95a f    CIL library: CIL module
 0001:0000c968       __unwindfunclet$?readImage@ConditionPathsCallback@@UAE?AVReadResult@ReaderWriter@osgDB@@ABV?$basic_string@DU?$char_traits@D@std@@V?$allocator@D@2@@std@@PBVOptions@4@@Z$4 1000d968 f    CIL library: CIL module
 0001:0000c974       __unwindfunclet$?readImage@ConditionPathsCallback@@UAE?AVReadResult@ReaderWriter@osgDB@@ABV?$basic_string@DU?$char_traits@D@std@@V?$allocator@D@2@@std@@PBVOptions@4@@Z$5 1000d974 f    CIL library: CIL module
 0001:0000c994       __ehhandler$?readImage@ConditionPathsCallback@@UAE?AVReadResult@ReaderWriter@osgDB@@ABV?$basic_string@DU?$char_traits@D@std@@V?$allocator@D@2@@std@@PBVOptions@4@@Z 1000d994 f    CIL library: CIL module
 0001:0000c9c0       __unwindfunclet$??1ManageMemoryCallback@@UAE@XZ$0 1000d9c0 f    CIL library: CIL module
 0001:0000c9cc       __unwindfunclet$??1ManageMemoryCallback@@UAE@XZ$1 1000d9cc f    CIL library: CIL module
 0001:0000c9d7       __ehhandler$??1ManageMemoryCallback@@UAE@XZ 1000d9d7 f    CIL library: CIL module
 0001:0000ca00       __unwindfunclet$??0PrimitiveWriter@@QAE@PAVGeometry@osg@@@Z$0 1000da00 f    CIL library: CIL module
 0001:0000ca08       __ehhandler$??0PrimitiveWriter@@QAE@PAVGeometry@osg@@@Z 1000da08 f    CIL library: CIL module
 0001:0000ca30       __unwindfunclet$?apply@FindTextureReferencePairs@@UAEXAAVGeode@osg@@@Z$0 1000da30 f    CIL library: CIL module
 0001:0000ca39       __unwindfunclet$?apply@FindTextureReferencePairs@@UAEXAAVGeode@osg@@@Z$1 1000da39 f    CIL library: CIL module
 0001:0000ca45       __unwindfunclet$?apply@FindTextureReferencePairs@@UAEXAAVGeode@osg@@@Z$2 1000da45 f    CIL library: CIL module
 0001:0000ca4d       __unwindfunclet$?apply@FindTextureReferencePairs@@UAEXAAVGeode@osg@@@Z$3 1000da4d f    CIL library: CIL module
 0001:0000ca58       __unwindfunclet$?apply@FindTextureReferencePairs@@UAEXAAVGeode@osg@@@Z$4 1000da58 f    CIL library: CIL module
 0001:0000ca63       __ehhandler$?apply@FindTextureReferencePairs@@UAEXAAVGeode@osg@@@Z 1000da63 f    CIL library: CIL module
 0001:0000ca90       __unwindfunclet$??1ImageCallback@@UAE@XZ$0 1000da90 f    CIL library: CIL module
 0001:0000ca9b       __ehhandler$??1ImageCallback@@UAE@XZ 1000da9b f    CIL library: CIL module
 0001:0000cac0       __unwindfunclet$??0ImageCallback@@QAE@XZ$0 1000dac0 f    CIL library: CIL module
 0001:0000cadd       __unwindfunclet$??0ImageCallback@@QAE@XZ$1 1000dadd f    CIL library: CIL module
 0001:0000cae8       __ehhandler$??0ImageCallback@@QAE@XZ 1000dae8 f    CIL library: CIL module
 0001:0000cb10       __unwindfunclet$?apply@CountVertsVisitor@@UAEXAAVGeode@osg@@@Z$0 1000db10 f    CIL library: CIL module
 0001:0000cb18       __unwindfunclet$?apply@CountVertsVisitor@@UAEXAAVGeode@osg@@@Z$1 1000db18 f    CIL library: CIL module
 0001:0000cb20       __ehhandler$?apply@CountVertsVisitor@@UAEXAAVGeode@osg@@@Z 1000db20 f    CIL library: CIL module
 0001:0000cb40       __unwindfunclet$?readHeightField@ManageMemoryCallback@@UAE?AVReadResult@ReaderWriter@osgDB@@ABV?$basic_string@DU?$char_traits@D@std@@V?$allocator@D@2@@std@@PBVOptions@4@@Z$0 1000db40 f    CIL library: CIL module
 0001:0000cb49       __unwindfunclet$?readHeightField@ManageMemoryCallback@@UAE?AVReadResult@ReaderWriter@osgDB@@ABV?$basic_string@DU?$char_traits@D@std@@V?$allocator@D@2@@std@@PBVOptions@4@@Z$1 1000db49 f    CIL library: CIL module
 0001:0000cb63       __ehhandler$?readHeightField@ManageMemoryCallback@@UAE?AVReadResult@ReaderWriter@osgDB@@ABV?$basic_string@DU?$char_traits@D@std@@V?$allocator@D@2@@std@@PBVOptions@4@@Z 1000db63 f    CIL library: CIL module
 0001:0000cb90       __unwindfunclet$?readObject@ManageMemoryCallback@@UAE?AVReadResult@ReaderWriter@osgDB@@ABV?$basic_string@DU?$char_traits@D@std@@V?$allocator@D@2@@std@@PBVOptions@4@@Z$0 1000db90 f    CIL library: CIL module
 0001:0000cb99       __unwindfunclet$?readObject@ManageMemoryCallback@@UAE?AVReadResult@ReaderWriter@osgDB@@ABV?$basic_string@DU?$char_traits@D@std@@V?$allocator@D@2@@std@@PBVOptions@4@@Z$1 1000db99 f    CIL library: CIL module
 0001:0000cbb3       __ehhandler$?readObject@ManageMemoryCallback@@UAE?AVReadResult@ReaderWriter@osgDB@@ABV?$basic_string@DU?$char_traits@D@std@@V?$allocator@D@2@@std@@PBVOptions@4@@Z 1000dbb3 f    CIL library: CIL module
 0001:0000cbe0       __unwindfunclet$?readNode@ManageMemoryCallback@@UAE?AVReadResult@ReaderWriter@osgDB@@ABV?$basic_string@DU?$char_traits@D@std@@V?$allocator@D@2@@std@@PBVOptions@4@@Z$0 1000dbe0 f    CIL library: CIL module
 0001:0000cbe9       __unwindfunclet$?readNode@ManageMemoryCallback@@UAE?AVReadResult@ReaderWriter@osgDB@@ABV?$basic_string@DU?$char_traits@D@std@@V?$allocator@D@2@@std@@PBVOptions@4@@Z$1 1000dbe9 f    CIL library: CIL module
 0001:0000cc03       __ehhandler$?readNode@ManageMemoryCallback@@UAE?AVReadResult@ReaderWriter@osgDB@@ABV?$basic_string@DU?$char_traits@D@std@@V?$allocator@D@2@@std@@PBVOptions@4@@Z 1000dc03 f    CIL library: CIL module
 0001:0000cc30       __unwindfunclet$?readShader@ManageMemoryCallback@@UAE?AVReadResult@ReaderWriter@osgDB@@ABV?$basic_string@DU?$char_traits@D@std@@V?$allocator@D@2@@std@@PBVOptions@4@@Z$0 1000dc30 f    CIL library: CIL module
 0001:0000cc39       __unwindfunclet$?readShader@ManageMemoryCallback@@UAE?AVReadResult@ReaderWriter@osgDB@@ABV?$basic_string@DU?$char_traits@D@std@@V?$allocator@D@2@@std@@PBVOptions@4@@Z$1 1000dc39 f    CIL library: CIL module
 0001:0000cc53       __ehhandler$?readShader@ManageMemoryCallback@@UAE?AVReadResult@ReaderWriter@osgDB@@ABV?$basic_string@DU?$char_traits@D@std@@V?$allocator@D@2@@std@@PBVOptions@4@@Z 1000dc53 f    CIL library: CIL module
 0001:0000cc80       __unwindfunclet$?readImage@ManageMemoryCallback@@UAE?AVReadResult@ReaderWriter@osgDB@@ABV?$basic_string@DU?$char_traits@D@std@@V?$allocator@D@2@@std@@PBVOptions@4@@Z$0 1000dc80 f    CIL library: CIL module
 0001:0000cc89       __unwindfunclet$?readImage@ManageMemoryCallback@@UAE?AVReadResult@ReaderWriter@osgDB@@ABV?$basic_string@DU?$char_traits@D@std@@V?$allocator@D@2@@std@@PBVOptions@4@@Z$1 1000dc89 f    CIL library: CIL module
 0001:0000cca3       __ehhandler$?readImage@ManageMemoryCallback@@UAE?AVReadResult@ReaderWriter@osgDB@@ABV?$basic_string@DU?$char_traits@D@std@@V?$allocator@D@2@@std@@PBVOptions@4@@Z 1000dca3 f    CIL library: CIL module
 0001:0000ccd0       __unwindfunclet$?readShader@ImageCallback@@UAE?AVReadResult@ReaderWriter@osgDB@@ABV?$basic_string@DU?$char_traits@D@std@@V?$allocator@D@2@@std@@PBVOptions@4@@Z$0 1000dcd0 f    CIL library: CIL module
 0001:0000ccd9       __unwindfunclet$?readShader@ImageCallback@@UAE?AVReadResult@ReaderWriter@osgDB@@ABV?$basic_string@DU?$char_traits@D@std@@V?$allocator@D@2@@std@@PBVOptions@4@@Z$1 1000dcd9 f    CIL library: CIL module
 0001:0000cce2       __unwindfunclet$?readShader@ImageCallback@@UAE?AVReadResult@ReaderWriter@osgDB@@ABV?$basic_string@DU?$char_traits@D@std@@V?$allocator@D@2@@std@@PBVOptions@4@@Z$2 1000dce2 f    CIL library: CIL module
 0001:0000ccfc       __ehhandler$?readShader@ImageCallback@@UAE?AVReadResult@ReaderWriter@osgDB@@ABV?$basic_string@DU?$char_traits@D@std@@V?$allocator@D@2@@std@@PBVOptions@4@@Z 1000dcfc f    CIL library: CIL module
 0001:0000cd30       __unwindfunclet$?readImage@ImageCallback@@UAE?AVReadResult@ReaderWriter@osgDB@@ABV?$basic_string@DU?$char_traits@D@std@@V?$allocator@D@2@@std@@PBVOptions@4@@Z$0 1000dd30 f    CIL library: CIL module
 0001:0000cd39       __unwindfunclet$?readImage@ImageCallback@@UAE?AVReadResult@ReaderWriter@osgDB@@ABV?$basic_string@DU?$char_traits@D@std@@V?$allocator@D@2@@std@@PBVOptions@4@@Z$1 1000dd39 f    CIL library: CIL module
 0001:0000cd42       __unwindfunclet$?readImage@ImageCallback@@UAE?AVReadResult@ReaderWriter@osgDB@@ABV?$basic_string@DU?$char_traits@D@std@@V?$allocator@D@2@@std@@PBVOptions@4@@Z$2 1000dd42 f    CIL library: CIL module
 0001:0000cd5c       __ehhandler$?readImage@ImageCallback@@UAE?AVReadResult@ReaderWriter@osgDB@@ABV?$basic_string@DU?$char_traits@D@std@@V?$allocator@D@2@@std@@PBVOptions@4@@Z 1000dd5c f    CIL library: CIL module
 0001:0000cd90       ??__EINVLN_2@osg@@YAXXZ    1000dd90 f    CIL library: CIL module
 0001:0000cdb0       ??__EX_AXIS@osg@@YAXXZ     1000ddb0 f    CIL library: CIL module
 0001:0000cde0       ??__EY_AXIS@osg@@YAXXZ     1000dde0 f    CIL library: CIL module
 0001:0000ce10       ??__EZ_AXIS@osg@@YAXXZ     1000de10 f    CIL library: CIL module
 0001:0000ce40       ??__EdefaultProp@osgDB@@YAXXZ 1000de40 f    CIL library: CIL module
 0001:0000ce70       ??__EBEGIN_BRACKET@osgDB@@YAXXZ 1000de70 f    CIL library: CIL module
 0001:0000cea0       ??__EEND_BRACKET@osgDB@@YAXXZ 1000dea0 f    CIL library: CIL module
 0001:0000ced0       ??__EgParserDir@@YAXXZ     1000ded0 f    CIL library: CIL module
 0001:0000cef0       ??__FdefaultProp@osgDB@@YAXXZ 1000def0 f    CIL library: CIL module
 0001:0000cf00       ??__FBEGIN_BRACKET@osgDB@@YAXXZ 1000df00 f    CIL library: CIL module
 0001:0000cf10       ??__FEND_BRACKET@osgDB@@YAXXZ 1000df10 f    CIL library: CIL module
 0001:0000cf20       ??__FgParserDir@@YAXXZ     1000df20 f    CIL library: CIL module

 Exports

  ordinal    name

        1    _Convert
               exported name: Convert
        2    _ConvertFiles
               exported name: ConvertFiles
        3    _CountVerticies
               exported name: CountVerticies
        4    _CountVerticiesFile
               exported name: CountVerticiesFile
        5    _GetTextureReferences
               exported name: GetTextureReferences
        6    _GetTextureReferencesFile
               exported name: GetTextureReferencesFile
        7    _GetTexturesOnObjects
               exported name: GetTexturesOnObjects
        8    _GetTexturesOnObjectsFile
               exported name: GetTexturesOnObjectsFile
        9    _GetTransformProperties
               exported name: GetTransformProperties
       10    _GetTransformPropertiesFile
               exported name: GetTransformPropertiesFile
       11    _Shutdown
               exported name: Shutdown
       12    _Startup
               exported name: Startup
       13    _VerifyType
               exported name: VerifyType
       14    _VerifyTypeFile
               exported name: VerifyTypeFile
