 ConverterDLL

 Timestamp is 4d5adf29 (Tue Feb 15 15:16:41 2011)

 Preferred load address is 10000000

 Start         Length     Name                   Class
 0001:00000000 0002b076H .text                   CODE
 0001:0002b080 0000273cH .text$x                 CODE
 0001:0002d7c0 00000201H .text$yc                CODE
 0001:0002d9d0 00000040H .text$yd                CODE
 0002:00000000 000006c4H .idata$5                DATA
 0002:000006d0 00003f50H .rdata                  DATA
 0002:00004620 0000005cH .rdata$debug            DATA
 0002:0000467c 00000f18H .rdata$r                DATA
 0002:000055a0 0000026cH .rdata$sxdata           DATA
 0002:00005810 000026e4H .xdata$x                DATA
 0002:00007ef4 000000b4H .idata$2                DATA
 0002:00007fa8 00000014H .idata$3                DATA
 0002:00007fbc 000006c4H .idata$4                DATA
 0002:00008680 00005a68H .idata$6                DATA
 0002:0000e0f0 000001e8H .edata                  DATA
 0003:00000000 00000750H .data                   DATA
 0003:00000750 00000424H .bss                    DATA
 0004:00000000 00000030H .CRT$XCU                DATA

  Address         Publics by Value              Rva+Base       Lib:Object

 0000:00000000       __except_list              00000000     <absolute>
 0000:0000009b       ___safe_se_handler_count   0000009b     <absolute>
 0000:00009876       __fltused                  00009876     <absolute>
 0000:00009876       __ldused                   00009876     <absolute>
 0001:00000040       ?drawArrays@PrimitiveWriter@@UAEXIHH@Z 10001040 f   main.obj
 0001:00000380       ?ToLower@@YA?AV?$basic_string@DU?$char_traits@D@std@@V?$allocator@D@2@@std@@V12@@Z 10001380 f   main.obj
 0001:00000440       ?ToFileType@@YA?AV?$basic_string@DU?$char_traits@D@std@@V?$allocator@D@2@@std@@PBD@Z 10001440 f   main.obj
 0001:00000580       ?ToFileType@@YA?AV?$basic_string@DU?$char_traits@D@std@@V?$allocator@D@2@@std@@PAD@Z 10001580 f   main.obj
 0001:000006b0       _Startup                   100016b0 f   main.obj
 0001:000007e0       _Shutdown                  100017e0 f   main.obj
 0001:000007f0       ?LoadSceneFromFile@@YA_NPADPAVGroup@osg@@AAPADPAVOptions@osgDB@@@Z 100017f0 f   main.obj
 0001:000008f0       ?LoadSceneFromStream@@YA_NAAV?$basic_stringstream@DU?$char_traits@D@std@@V?$allocator@D@2@@std@@PADPAVGroup@osg@@AAPADPAVOptions@osgDB@@@Z 100018f0 f   main.obj
 0001:00000bb0       ?SaveSceneToStream@@YA_NAAV?$basic_stringstream@DU?$char_traits@D@std@@V?$allocator@D@2@@std@@AAHPBDPAVNode@osg@@AAPAD@Z 10001bb0 f   main.obj
 0001:00001010       _VerifyTypeFile            10002010 f   main.obj
 0001:00001140       _VerifyType                10002140 f   main.obj
 0001:00001420       ?SimplifyScene@@YAXPAVNode@osg@@M@Z 10002420 f   main.obj
 0001:00001580       ?GetVertexCount@@YA?AU?$pair@HH@std@@PAVNode@osg@@@Z 10002580 f   main.obj
 0001:00001680       ?ConvertZipEntry@@YA_NPAVZipEntry@@PAUHZIP__@@PBDAAVOptionsReader@@AAPAD@Z 10002680 f   main.obj
 0001:00002540       ?RecompressTGA@@YAXAAPAXAAH@Z 10003540 f   main.obj
 0001:000027d0       ?ReEncodeImage@@YA_NAAPAXAAHV?$basic_string@DU?$char_traits@D@std@@V?$allocator@D@2@@std@@VOptionsReader@@@Z 100037d0 f   main.obj
 0001:00002b60       ?ReSizeImage@@YA_NAAPAXAAHV?$basic_string@DU?$char_traits@D@std@@V?$allocator@D@2@@std@@VOptionsReader@@@Z 10003b60 f   main.obj
 0001:00002f40       ?ResizeTexture@@YAXV?$basic_string@DU?$char_traits@D@std@@V?$allocator@D@2@@std@@AAPAXAAHAAVOptionsReader@@@Z 10003f40 f   main.obj
 0001:000031d0       ?ResizeTextures@@YAXAAPAXAAHAAVOptionsReader@@@Z 100041d0 f   main.obj
 0001:000039a0       ?ConvertTextures@@YAXAAPAXAAHAAVOptionsReader@@@Z 100049a0 f   main.obj
 0001:000040e0       _DeleteCMemory             100050e0 f   main.obj
 0001:00004130       _ConvertZipStream          10005130 f   main.obj
 0001:00005b90       _Convert                   10006b90 f   main.obj
 0001:00005fe0       _ConvertFiles              10006fe0 f   main.obj
 0001:00006350       _CountVerticies            10007350 f   main.obj
 0001:000065d0       _CountVerticiesFile        100075d0 f   main.obj
 0001:000066c0       _GetTextureReferences      100076c0 f   main.obj
 0001:00006a60       _GetTextureReferencesFile  10007a60 f   main.obj
 0001:00006c50       _GetTransformPropertiesFile 10007c50 f   main.obj
 0001:000072d0       _GetTransformProperties    100082d0 f   main.obj
 0001:00007bd0       _GetTexturesOnObjects      10008bd0 f   main.obj
 0001:00008110       _GetTexturesOnObjectsFile  10009110 f   main.obj
 0001:00008490       _DllMain@12                10009490 f   main.obj
 0001:000084a0       ?writeTriangle@PrimitiveWriter@@QAEXIII@Z 100094a0 f i main.obj
 0001:000084c0       ?writeLine@PrimitiveWriter@@QAEXII@Z 100094c0 f i main.obj
 0001:000084e0       ?writePoint@PrimitiveWriter@@QAEXI@Z 100094e0 f i main.obj
 0001:00008500       ??_H@YGXPAXIHP6EPAX0@Z@Z   10009500 f i main.obj
 0001:00008530       ??0ReentrantMutex@OpenThreads@@QAE@XZ 10009530 f i main.obj
 0001:00008560       ??_EReentrantMutex@OpenThreads@@UAEPAXI@Z 10009560 f i main.obj
 0001:00008560       ??_GReentrantMutex@OpenThreads@@UAEPAXI@Z 10009560 f i main.obj
 0001:00008590       ??1ReentrantMutex@OpenThreads@@UAE@XZ 10009590 f i main.obj
 0001:000085b0       ?setLibraryFilePathList@osgDB@@YAXABV?$basic_string@DU?$char_traits@D@std@@V?$allocator@D@2@@std@@@Z 100095b0 f i main.obj
 0001:000085d0       ??0FixNamesVisitor@@QAE@XZ 100095d0 f i main.obj
 0001:00008670       ?apply@FixNamesVisitor@@UAEXAAVGeode@osg@@@Z 10009670 f i main.obj
 0001:000088c0       ?replace@FixNamesVisitor@@AAE?AV?$basic_string@DU?$char_traits@D@std@@V?$allocator@D@2@@std@@V23@DD@Z 100098c0 f i main.obj
 0001:000089c0       ?apply@FixNamesVisitor@@UAEXAAVNode@osg@@@Z 100099c0 f i main.obj
 0001:00008b20       ??_GFixNamesVisitor@@UAEPAXI@Z 10009b20 f i main.obj
 0001:00008b20       ??_EFixNamesVisitor@@UAEPAXI@Z 10009b20 f i main.obj
 0001:00008b60       ??_DFixNamesVisitor@@QAEXXZ 10009b60 f i main.obj
 0001:00008b90       ??1FixNamesVisitor@@UAE@XZ 10009b90 f i main.obj
 0001:00008bb0       ??1WriteResult@ReaderWriter@osgDB@@QAE@XZ 10009bb0 f i main.obj
 0001:00008bd0       ??_GOptimizer@osgUtil@@UAEPAXI@Z 10009bd0 f i main.obj
 0001:00008bd0       ??_EOptimizer@osgUtil@@UAEPAXI@Z 10009bd0 f i main.obj
 0001:00008c00       ??_GTriStripVisitor@osgUtil@@UAEPAXI@Z 10009c00 f i main.obj
 0001:00008c00       ??_ETriStripVisitor@osgUtil@@UAEPAXI@Z 10009c00 f i main.obj
 0001:00008c40       ??0Triangulator@@QAE@XZ    10009c40 f i main.obj
 0001:00008d00       ?apply@Triangulator@@UAEXAAVGeode@osg@@@Z 10009d00 f i main.obj
 0001:00008dd0       ?apply@Triangulator@@UAEXAAVNode@osg@@@Z 10009dd0 f i main.obj
 0001:00008df0       ?Triangulate@Triangulator@@QAEXXZ 10009df0 f i main.obj
 0001:00008e70       ?ProcessGeometry@Triangulator@@AAEXPAVGeometry@osg@@@Z 10009e70 f i main.obj
 0001:000090f0       ?getDrawElements@DrawElements@osg@@UAEPAV12@XZ 1000a0f0 f i main.obj
 0001:00009100       ?getDrawElements@DrawElements@osg@@UBEPBV12@XZ 1000a100 f i main.obj
 0001:00009110       ??_GDrawElementsUInt@osg@@MAEPAXI@Z 1000a110 f i main.obj
 0001:00009110       ??_EDrawElementsUInt@osg@@MAEPAXI@Z 1000a110 f i main.obj
 0001:00009140       ??_GTriangulator@@UAEPAXI@Z 1000a140 f i main.obj
 0001:00009140       ??_ETriangulator@@UAEPAXI@Z 1000a140 f i main.obj
 0001:00009180       ??_DTriangulator@@QAEXXZ   1000a180 f i main.obj
 0001:000091b0       ??1Triangulator@@UAE@XZ    1000a1b0 f i main.obj
 0001:00009210       ??_EOptions@osgDB@@MAEPAXI@Z 1000a210 f i main.obj
 0001:00009210       ??_GOptions@osgDB@@MAEPAXI@Z 1000a210 f i main.obj
 0001:00009240       ??_G?$basic_stringstream@DU?$char_traits@D@std@@V?$allocator@D@2@@std@@UAEPAXI@Z 1000a240 f i main.obj
 0001:00009240       ??_E?$basic_stringstream@DU?$char_traits@D@std@@V?$allocator@D@2@@std@@UAEPAXI@Z 1000a240 f i main.obj
 0001:00009280       ??0GatherGeometryVisitor@@QAE@XZ 1000a280 f i main.obj
 0001:00009340       ?apply@GatherGeometryVisitor@@UAEXAAVGeode@osg@@@Z 1000a340 f i main.obj
 0001:00009410       ?apply@GatherGeometryVisitor@@UAEXAAVNode@osg@@@Z 1000a410 f i main.obj
 0001:00009430       ??_EGatherGeometryVisitor@@UAEPAXI@Z 1000a430 f i main.obj
 0001:00009430       ??_GGatherGeometryVisitor@@UAEPAXI@Z 1000a430 f i main.obj
 0001:00009470       ??_DGatherGeometryVisitor@@QAEXXZ 1000a470 f i main.obj
 0001:000094a0       ??1GatherGeometryVisitor@@UAE@XZ 1000a4a0 f i main.obj
 0001:00009500       ??0CountVertsVisitor@@QAE@XZ 1000a500 f i main.obj
 0001:000095c0       ?apply@CountVertsVisitor@@UAEXAAVGeode@osg@@@Z 1000a5c0 f i main.obj
 0001:00009730       ??0PrimitiveWriter@@QAE@PAVGeometry@osg@@@Z 1000a730 f i main.obj
 0001:000097b0       ??1PrimitiveIndexFunctor@osg@@UAE@XZ 1000a7b0 f i main.obj
 0001:000097d0       ??_EPrimitiveIndexFunctor@osg@@UAEPAXI@Z 1000a7d0 f i main.obj
 0001:000097d0       ??_GPrimitiveIndexFunctor@osg@@UAEPAXI@Z 1000a7d0 f i main.obj
 0001:00009800       ?setVertexArray@PrimitiveWriter@@UAEXIPBVVec2f@osg@@@Z 1000a800 f i main.obj
 0001:00009810       ?setVertexArray@PrimitiveWriter@@UAEXIPBVVec3f@osg@@@Z 1000a810 f i main.obj
 0001:00009820       ?setVertexArray@PrimitiveWriter@@UAEXIPBVVec4f@osg@@@Z 1000a820 f i main.obj
 0001:00009830       ?setVertexArray@PrimitiveWriter@@UAEXIPBVVec2d@osg@@@Z 1000a830 f i main.obj
 0001:00009840       ?setVertexArray@PrimitiveWriter@@UAEXIPBVVec3d@osg@@@Z 1000a840 f i main.obj
 0001:00009850       ?setVertexArray@PrimitiveWriter@@UAEXIPBVVec4d@osg@@@Z 1000a850 f i main.obj
 0001:00009860       ?begin@PrimitiveWriter@@UAEXI@Z 1000a860 f i main.obj
 0001:00009890       ?vertex@PrimitiveWriter@@UAEXI@Z 1000a890 f i main.obj
 0001:000098b0       ?end@PrimitiveWriter@@UAEXXZ 1000a8b0 f i main.obj
 0001:00009900       ?drawElements@PrimitiveWriter@@UAEXIHPBE@Z 1000a900 f i main.obj
 0001:00009930       ?drawElements@PrimitiveWriter@@UAEXIHPBG@Z 1000a930 f i main.obj
 0001:00009960       ?drawElements@PrimitiveWriter@@UAEXIHPBI@Z 1000a960 f i main.obj
 0001:00009990       ??_GPrimitiveWriter@@UAEPAXI@Z 1000a990 f i main.obj
 0001:00009990       ??_EPrimitiveWriter@@UAEPAXI@Z 1000a990 f i main.obj
 0001:000099c0       ??0PrimitiveIndexFunctor@osg@@QAE@XZ 1000a9c0 f i main.obj
 0001:000099e0       ??1PrimitiveWriter@@UAE@XZ 1000a9e0 f i main.obj
 0001:00009a40       ?apply@CountVertsVisitor@@UAEXAAVNode@osg@@@Z 1000aa40 f i main.obj
 0001:00009a60       ??_ECountVertsVisitor@@UAEPAXI@Z 1000aa60 f i main.obj
 0001:00009a60       ??_GCountVertsVisitor@@UAEPAXI@Z 1000aa60 f i main.obj
 0001:00009aa0       ??_DCountVertsVisitor@@QAEXXZ 1000aaa0 f i main.obj
 0001:00009ad0       ??1CountVertsVisitor@@UAE@XZ 1000aad0 f i main.obj
 0001:00009af0       ??_GGroup@osg@@MAEPAXI@Z   1000aaf0 f i main.obj
 0001:00009af0       ??_EGroup@osg@@MAEPAXI@Z   1000aaf0 f i main.obj
 0001:00009b20       ?GetReducePolys@OptionsReader@@QAE_NXZ 1000ab20 f i main.obj
 0001:00009b40       ?GetPolygonReductionThreshold@OptionsReader@@QAEMXZ 1000ab40 f i main.obj
 0001:00009b60       ?GetMetadataGathering@OptionsReader@@QAE_NXZ 1000ab60 f i main.obj
 0001:00009b80       ??0ConditionPathsCallback@@QAE@AAVOptionsReader@@@Z 1000ab80 f i main.obj
 0001:00009c60       ?readNode@ManageMemoryCallback@@UAE?AVReadResult@ReaderWriter@osgDB@@ABV?$basic_string@DU?$char_traits@D@std@@V?$allocator@D@2@@std@@PBVOptions@4@@Z 1000ac60 f i main.obj
 0001:00009d10       ?readObject@ManageMemoryCallback@@UAE?AVReadResult@ReaderWriter@osgDB@@ABV?$basic_string@DU?$char_traits@D@std@@V?$allocator@D@2@@std@@PBVOptions@4@@Z 1000ad10 f i main.obj
 0001:00009dc0       ?readHeightField@ManageMemoryCallback@@UAE?AVReadResult@ReaderWriter@osgDB@@ABV?$basic_string@DU?$char_traits@D@std@@V?$allocator@D@2@@std@@PBVOptions@4@@Z 1000adc0 f i main.obj
 0001:00009e70       ??0OptionsReader@@QAE@XZ   1000ae70 f i main.obj
 0001:00009fb0       ??1?$map@V?$basic_string@DU?$char_traits@D@std@@V?$allocator@D@2@@std@@V12@U?$less@V?$basic_string@DU?$char_traits@D@std@@V?$allocator@D@2@@std@@@2@V?$allocator@U?$pair@$$CBV?$basic_string@DU?$char_traits@D@std@@V?$allocator@D@2@@std@@V12@@std@@@2@@std@@QAE@XZ 1000afb0 f i main.obj
 0001:00009fd0       ?readShader@ImageCallback@@UAE?AVReadResult@ReaderWriter@osgDB@@ABV?$basic_string@DU?$char_traits@D@std@@V?$allocator@D@2@@std@@PBVOptions@4@@Z 1000afd0 f i main.obj
 0001:0000a110       ?readShader@ManageMemoryCallback@@UAE?AVReadResult@ReaderWriter@osgDB@@ABV?$basic_string@DU?$char_traits@D@std@@V?$allocator@D@2@@std@@PBVOptions@4@@Z 1000b110 f i main.obj
 0001:0000a1c0       ?readImage@ConditionPathsCallback@@UAE?AVReadResult@ReaderWriter@osgDB@@ABV?$basic_string@DU?$char_traits@D@std@@V?$allocator@D@2@@std@@PBVOptions@4@@Z 1000b1c0 f i main.obj
 0001:0000a3e0       ??_GImage@osg@@MAEPAXI@Z   1000b3e0 f i main.obj
 0001:0000a3e0       ??_EImage@osg@@MAEPAXI@Z   1000b3e0 f i main.obj
 0001:0000a410       ?GetTextureNameMapping@OptionsReader@@QAE?AV?$basic_string@DU?$char_traits@D@std@@V?$allocator@D@2@@std@@V23@@Z 1000b410 f i main.obj
 0001:0000a550       ?readImage@ImageCallback@@UAE?AVReadResult@ReaderWriter@osgDB@@ABV?$basic_string@DU?$char_traits@D@std@@V?$allocator@D@2@@std@@PBVOptions@4@@Z 1000b550 f i main.obj
 0001:0000a690       ?readImage@ManageMemoryCallback@@UAE?AVReadResult@ReaderWriter@osgDB@@ABV?$basic_string@DU?$char_traits@D@std@@V?$allocator@D@2@@std@@PBVOptions@4@@Z 1000b690 f i main.obj
 0001:0000a740       ?setFilepath@ConditionPathsCallback@@QAEXV?$basic_string@DU?$char_traits@D@std@@V?$allocator@D@2@@std@@@Z 1000b740 f i main.obj
 0001:0000a7b0       ??_EConditionPathsCallback@@UAEPAXI@Z 1000b7b0 f i main.obj
 0001:0000a7b0       ??_GConditionPathsCallback@@UAEPAXI@Z 1000b7b0 f i main.obj
 0001:0000a7f0       ??0ImageCallback@@QAE@XZ   1000b7f0 f i main.obj
 0001:0000a8a0       ??1ManageMemoryCallback@@UAE@XZ 1000b8a0 f i main.obj
 0001:0000aa60       ??_EManageMemoryCallback@@UAEPAXI@Z 1000ba60 f i main.obj
 0001:0000aa60       ??_GManageMemoryCallback@@UAEPAXI@Z 1000ba60 f i main.obj
 0001:0000aaa0       ??_DManageMemoryCallback@@QAEXXZ 1000baa0 f i main.obj
 0001:0000aad0       ??1ImageCallback@@UAE@XZ   1000bad0 f i main.obj
 0001:0000ab30       ??1OptionsReader@@QAE@XZ   1000bb30 f i main.obj
 0001:0000abc0       ??4OptionsReader@@QAEAAV0@ABV0@@Z 1000bbc0 f i main.obj
 0001:0000acd0       ??4?$map@V?$basic_string@DU?$char_traits@D@std@@V?$allocator@D@2@@std@@V12@U?$less@V?$basic_string@DU?$char_traits@D@std@@V?$allocator@D@2@@std@@@2@V?$allocator@U?$pair@$$CBV?$basic_string@DU?$char_traits@D@std@@V?$allocator@D@2@@std@@V12@@std@@@2@@std@@QAEAAV01@ABV01@@Z 1000bcd0 f i main.obj
 0001:0000acf0       ??_DConditionPathsCallback@@QAEXXZ 1000bcf0 f i main.obj
 0001:0000ad20       ??_EImageCallback@@UAEPAXI@Z 1000bd20 f i main.obj
 0001:0000ad20       ??_GImageCallback@@UAEPAXI@Z 1000bd20 f i main.obj
 0001:0000ad60       ??0ManageMemoryCallback@@QAE@XZ 1000bd60 f i main.obj
 0001:0000ae10       ??1ConditionPathsCallback@@UAE@XZ 1000be10 f i main.obj
 0001:0000ae80       ??_DImageCallback@@QAEXXZ  1000be80 f i main.obj
 0001:0000aeb0       ?GetExtension@ZipEntry@@QAE?AV?$basic_string@DU?$char_traits@D@std@@V?$allocator@D@2@@std@@XZ 1000beb0 f i main.obj
 0001:0000aef0       ?GetFilename@ZipEntry@@QAE?AV?$basic_string@DU?$char_traits@D@std@@V?$allocator@D@2@@std@@XZ 1000bef0 f i main.obj
 0001:0000af30       ?GetData@ZipEntry@@QAEPAXAAH@Z 1000bf30 f i main.obj
 0001:0000afa0       ?status@WriteResult@ReaderWriter@osgDB@@QBE?AW4WriteStatus@123@XZ 1000bfa0 f i main.obj
 0001:0000afb0       ?GetNewTextureFormat@OptionsReader@@QAE?AV?$basic_string@DU?$char_traits@D@std@@V?$allocator@D@2@@std@@XZ 1000bfb0 f i main.obj
 0001:0000aff0       ?GetNewTextureSize@OptionsReader@@QAEHXZ 1000bff0 f i main.obj
 0001:0000b010       ??_GTraits@GraphicsContext@osg@@UAEPAXI@Z 1000c010 f i main.obj
 0001:0000b010       ??_ETraits@GraphicsContext@osg@@UAEPAXI@Z 1000c010 f i main.obj
 0001:0000b040       ??0OptionsReader@@QAE@ABV0@@Z 1000c040 f i main.obj
 0001:0000b190       ??0?$map@V?$basic_string@DU?$char_traits@D@std@@V?$allocator@D@2@@std@@V12@U?$less@V?$basic_string@DU?$char_traits@D@std@@V?$allocator@D@2@@std@@@2@V?$allocator@U?$pair@$$CBV?$basic_string@DU?$char_traits@D@std@@V?$allocator@D@2@@std@@V12@@std@@@2@@std@@QAE@ABV01@@Z 1000c190 f i main.obj
 0001:0000b1b0       ??0ZipEntry@@QAE@PAUHZIP__@@H@Z 1000c1b0 f i main.obj
 0001:0000b320       ?GetFileNameOnly@ZipEntry@@QAE?AV?$basic_string@DU?$char_traits@D@std@@V?$allocator@D@2@@std@@XZ 1000c320 f i main.obj
 0001:0000b360       ?IsImageFile@ZipEntry@@QAE_NXZ 1000c360 f i main.obj
 0001:0000b640       ?AddTextureNameMapping@OptionsReader@@QAEXV?$basic_string@DU?$char_traits@D@std@@V?$allocator@D@2@@std@@0@Z 1000c640 f i main.obj
 0001:0000b740       ??0OptionsReader@@QAE@PBD@Z 1000c740 f i main.obj
 0001:0000be50       ?EnableMetadataGathering@OptionsReader@@QAEXXZ 1000ce50 f i main.obj
 0001:0000be70       ?GetResizeTextures@OptionsReader@@QAE_NXZ 1000ce70 f i main.obj
 0001:0000be90       ?GetConvertTextures@OptionsReader@@QAE_NXZ 1000ce90 f i main.obj
 0001:0000beb0       ?CheckReferencedTextureName@OptionsReader@@QAE_NV?$basic_string@DU?$char_traits@D@std@@V?$allocator@D@2@@std@@@Z 1000ceb0 f i main.obj
 0001:0000c0b0       ??1?$queue@V?$basic_string@DU?$char_traits@D@std@@V?$allocator@D@2@@std@@V?$deque@V?$basic_string@DU?$char_traits@D@std@@V?$allocator@D@2@@std@@V?$allocator@V?$basic_string@DU?$char_traits@D@std@@V?$allocator@D@2@@std@@@2@@2@@std@@QAE@XZ 1000d0b0 f i main.obj
 0001:0000c0d0       ??0ZipEntry@@QAE@PADHV?$basic_string@DU?$char_traits@D@std@@V?$allocator@D@2@@std@@@Z 1000d0d0 f i main.obj
 0001:0000c160       ?Is3DFile@ZipEntry@@QAE_NXZ 1000d160 f i main.obj
 0001:0000c4c0       ??_GZipEntry@@QAEPAXI@Z    1000d4c0 f i main.obj
 0001:0000c4f0       ??1ZipEntry@@QAE@XZ        1000d4f0 f i main.obj
 0001:0000c530       ??0ConditionPathsCallback@@QAE@XZ 1000d530 f i main.obj
 0001:0000c600       ?readNodeFile@osgDB@@YAPAVNode@osg@@ABV?$basic_string@DU?$char_traits@D@std@@V?$allocator@D@2@@std@@@Z 1000d600 f i main.obj
 0001:0000c630       ?writeNodeFile@osgDB@@YA_NABVNode@osg@@ABV?$basic_string@DU?$char_traits@D@std@@V?$allocator@D@2@@std@@@Z 1000d630 f i main.obj
 0001:0000c660       ??0FindTextureReferencePairs@@QAE@XZ 1000d660 f i main.obj
 0001:0000c720       ?apply@FindTextureReferencePairs@@UAEXAAVGeode@osg@@@Z 1000d720 f i main.obj
 0001:0000c920       ?GetTextureReference@FindTextureReferencePairs@@QAE?AU?$pair@V?$basic_string@DU?$char_traits@D@std@@V?$allocator@D@2@@std@@V12@@std@@PAVStateSet@osg@@@Z 1000d920 f i main.obj
 0001:0000ca70       ?GetTextureReference@FindTextureReferencePairs@@QAE?AU?$pair@V?$basic_string@DU?$char_traits@D@std@@V?$allocator@D@2@@std@@V12@@std@@PAVNode@osg@@@Z 1000da70 f i main.obj
 0001:0000cd20       ?apply@FindTextureReferencePairs@@UAEXAAVNode@osg@@@Z 1000dd20 f i main.obj
 0001:0000cd40       ??_EFindTextureReferencePairs@@UAEPAXI@Z 1000dd40 f i main.obj
 0001:0000cd40       ??_GFindTextureReferencePairs@@UAEPAXI@Z 1000dd40 f i main.obj
 0001:0000cd80       ??1?$pair@V?$basic_string@DU?$char_traits@D@std@@V?$allocator@D@2@@std@@V12@@std@@QAE@XZ 1000dd80 f i main.obj
 0001:0000cde0       ??4?$pair@V?$basic_string@DU?$char_traits@D@std@@V?$allocator@D@2@@std@@V12@@std@@QAEAAU01@ABU01@@Z 1000dde0 f i main.obj
 0001:0000ce10       ??0?$pair@V?$basic_string@DU?$char_traits@D@std@@V?$allocator@D@2@@std@@V12@@std@@QAE@ABU01@@Z 1000de10 f i main.obj
 0001:0000ce80       ??_DFindTextureReferencePairs@@QAEXXZ 1000de80 f i main.obj
 0001:0000ceb0       ??1FindTextureReferencePairs@@UAE@XZ 1000deb0 f i main.obj
 0001:0000cf10       ??0?$vector@IV?$allocator@I@std@@@std@@QAE@XZ 1000df10 f i main.obj
 0001:0000cf80       ??1?$vector@IV?$allocator@I@std@@@std@@QAE@XZ 1000df80 f i main.obj
 0001:0000cfe0       ?size@?$vector@IV?$allocator@I@std@@@std@@QBEIXZ 1000dfe0 f i main.obj
 0001:0000d000       ?empty@?$vector@IV?$allocator@I@std@@@std@@QBE_NXZ 1000e000 f i main.obj
 0001:0000d020       ?front@?$vector@IV?$allocator@I@std@@@std@@QAEAAIXZ 1000e020 f i main.obj
 0001:0000d040       ?push_back@?$vector@IV?$allocator@I@std@@@std@@QAEXABI@Z 1000e040 f i main.obj
 0001:0000d0c0       ?clear@?$vector@IV?$allocator@I@std@@@std@@QAEXXZ 1000e0c0 f i main.obj
 0001:0000d120       ?size@?$vector@V?$map@U?$pair@W4Type@StateAttribute@osg@@I@std@@U?$pair@V?$ref_ptr@VStateAttribute@osg@@@osg@@I@2@U?$less@U?$pair@W4Type@StateAttribute@osg@@I@std@@@2@V?$allocator@U?$pair@$$CBU?$pair@W4Type@StateAttribute@osg@@I@std@@U?$pair@V?$ref_ptr@VStateAttribute@osg@@@osg@@I@2@@std@@@2@@std@@V?$allocator@V?$map@U?$pair@W4Type@StateAttribute@osg@@I@std@@U?$pair@V?$ref_ptr@VStateAttribute@osg@@@osg@@I@2@U?$less@U?$pair@W4Type@StateAttribute@osg@@I@std@@@2@V?$allocator@U?$pair@$$CBU?$pair@W4Type@StateAttribute@osg@@I@std@@U?$pair@V?$ref_ptr@VStateAttribute@osg@@@osg@@I@2@@std@@@2@@std@@@2@@std@@QBEIXZ 1000e120 f i main.obj
 0001:0000d140       ??0?$map@V?$basic_string@DU?$char_traits@D@std@@V?$allocator@D@2@@std@@V12@U?$less@V?$basic_string@DU?$char_traits@D@std@@V?$allocator@D@2@@std@@@2@V?$allocator@U?$pair@$$CBV?$basic_string@DU?$char_traits@D@std@@V?$allocator@D@2@@std@@V12@@std@@@2@@std@@QAE@XZ 1000e140 f i main.obj
 0001:0000d170       ??A?$map@V?$basic_string@DU?$char_traits@D@std@@V?$allocator@D@2@@std@@V12@U?$less@V?$basic_string@DU?$char_traits@D@std@@V?$allocator@D@2@@std@@@2@V?$allocator@U?$pair@$$CBV?$basic_string@DU?$char_traits@D@std@@V?$allocator@D@2@@std@@V12@@std@@@2@@std@@QAEAAV?$basic_string@DU?$char_traits@D@std@@V?$allocator@D@2@@1@ABV21@@Z 1000e170 f i main.obj
 0001:0000d2c0       ??0?$_Tree@V?$_Tmap_traits@V?$basic_string@DU?$char_traits@D@std@@V?$allocator@D@2@@std@@V12@U?$less@V?$basic_string@DU?$char_traits@D@std@@V?$allocator@D@2@@std@@@2@V?$allocator@U?$pair@$$CBV?$basic_string@DU?$char_traits@D@std@@V?$allocator@D@2@@std@@V12@@std@@@2@$0A@@std@@@std@@QAE@ABV01@@Z 1000e2c0 f i main.obj
 0001:0000d380       ??1?$_Tree@V?$_Tmap_traits@V?$basic_string@DU?$char_traits@D@std@@V?$allocator@D@2@@std@@V12@U?$less@V?$basic_string@DU?$char_traits@D@std@@V?$allocator@D@2@@std@@@2@V?$allocator@U?$pair@$$CBV?$basic_string@DU?$char_traits@D@std@@V?$allocator@D@2@@std@@V12@@std@@@2@$0A@@std@@@std@@QAE@XZ 1000e380 f i main.obj
 0001:0000d3e0       ??4?$_Tree@V?$_Tmap_traits@V?$basic_string@DU?$char_traits@D@std@@V?$allocator@D@2@@std@@V12@U?$less@V?$basic_string@DU?$char_traits@D@std@@V?$allocator@D@2@@std@@@2@V?$allocator@U?$pair@$$CBV?$basic_string@DU?$char_traits@D@std@@V?$allocator@D@2@@std@@V12@@std@@@2@$0A@@std@@@std@@QAEAAV01@ABV01@@Z 1000e3e0 f i main.obj
 0001:0000d450       ?end@?$_Tree@V?$_Tmap_traits@V?$basic_string@DU?$char_traits@D@std@@V?$allocator@D@2@@std@@V12@U?$less@V?$basic_string@DU?$char_traits@D@std@@V?$allocator@D@2@@std@@@2@V?$allocator@U?$pair@$$CBV?$basic_string@DU?$char_traits@D@std@@V?$allocator@D@2@@std@@V12@@std@@@2@$0A@@std@@@std@@QAE?AViterator@12@XZ 1000e450 f i main.obj
 0001:0000d480       ?find@?$_Tree@V?$_Tmap_traits@V?$basic_string@DU?$char_traits@D@std@@V?$allocator@D@2@@std@@V12@U?$less@V?$basic_string@DU?$char_traits@D@std@@V?$allocator@D@2@@std@@@2@V?$allocator@U?$pair@$$CBV?$basic_string@DU?$char_traits@D@std@@V?$allocator@D@2@@std@@V12@@std@@@2@$0A@@std@@@std@@QAE?AViterator@12@ABV?$basic_string@DU?$char_traits@D@std@@V?$allocator@D@2@@2@@Z 1000e480 f i main.obj
 0001:0000d520       ??0?$vector@HV?$allocator@H@std@@@std@@QAE@XZ 1000e520 f i main.obj
 0001:0000d590       ??0?$vector@HV?$allocator@H@std@@@std@@QAE@ABV01@@Z 1000e590 f i main.obj
 0001:0000d690       ??1?$vector@HV?$allocator@H@std@@@std@@QAE@XZ 1000e690 f i main.obj
 0001:0000d6f0       ?push_back@?$vector@HV?$allocator@H@std@@@std@@QAEXABH@Z 1000e6f0 f i main.obj
 0001:0000d770       ??0?$ref_ptr@VNode@osg@@@osg@@QAE@PAVNode@1@@Z 1000e770 f i main.obj
 0001:0000d7a0       ??1?$ref_ptr@VNode@osg@@@osg@@QAE@XZ 1000e7a0 f i main.obj
 0001:0000d7d0       ??7?$ref_ptr@VNode@osg@@@osg@@QBE_NXZ 1000e7d0 f i main.obj
 0001:0000d7f0       ??0?$ref_ptr@VGeometry@osg@@@osg@@QAE@PAVGeometry@1@@Z 1000e7f0 f i main.obj
 0001:0000d820       ??1?$ref_ptr@VGeometry@osg@@@osg@@QAE@XZ 1000e820 f i main.obj
 0001:0000d850       ??B?$ref_ptr@VGeometry@osg@@@osg@@QBEPAVGeometry@1@XZ 1000e850 f i main.obj
 0001:0000d860       ??C?$ref_ptr@VGeometry@osg@@@osg@@QBEPAVGeometry@1@XZ 1000e860 f i main.obj
 0001:0000d870       ?valid@?$ref_ptr@VGeometry@osg@@@osg@@QBE_NXZ 1000e870 f i main.obj
 0001:0000d890       ??1?$deque@V?$basic_string@DU?$char_traits@D@std@@V?$allocator@D@2@@std@@V?$allocator@V?$basic_string@DU?$char_traits@D@std@@V?$allocator@D@2@@std@@@2@@std@@QAE@XZ 1000e890 f i main.obj
 0001:0000d8f0       ??8const_iterator@?$_Tree@V?$_Tmap_traits@V?$basic_string@DU?$char_traits@D@std@@V?$allocator@D@2@@std@@V12@U?$less@V?$basic_string@DU?$char_traits@D@std@@V?$allocator@D@2@@std@@@2@V?$allocator@U?$pair@$$CBV?$basic_string@DU?$char_traits@D@std@@V?$allocator@D@2@@std@@V12@@std@@@2@$0A@@std@@@std@@QBE_NABV012@@Z 1000e8f0 f i main.obj
 0001:0000d940       ?_Same_container@_Iterator_base_aux@std@@QBE_NABV12@@Z 1000e940 f i main.obj
 0001:0000d960       ?_Has_container@_Iterator_base_aux@std@@QBE_NXZ 1000e960 f i main.obj
 0001:0000d980       ??9const_iterator@?$_Tree@V?$_Tmap_traits@V?$basic_string@DU?$char_traits@D@std@@V?$allocator@D@2@@std@@V12@U?$less@V?$basic_string@DU?$char_traits@D@std@@V?$allocator@D@2@@std@@@2@V?$allocator@U?$pair@$$CBV?$basic_string@DU?$char_traits@D@std@@V?$allocator@D@2@@std@@V12@@std@@@2@$0A@@std@@@std@@QBE_NABV012@@Z 1000e980 f i main.obj
 0001:0000d9b0       ??0?$ref_ptr@VOptions@osgDB@@@osg@@QAE@PAVOptions@osgDB@@@Z 1000e9b0 f i main.obj
 0001:0000d9e0       ??1?$ref_ptr@VOptions@osgDB@@@osg@@QAE@XZ 1000e9e0 f i main.obj
 0001:0000da10       ??B?$ref_ptr@VOptions@osgDB@@@osg@@QBEPAVOptions@osgDB@@XZ 1000ea10 f i main.obj
 0001:0000da20       ??C?$ref_ptr@VOptions@osgDB@@@osg@@QBEPAVOptions@osgDB@@XZ 1000ea20 f i main.obj
 0001:0000da30       ??0?$ref_ptr@VGroup@osg@@@osg@@QAE@PAVGroup@1@@Z 1000ea30 f i main.obj
 0001:0000da60       ??1?$ref_ptr@VGroup@osg@@@osg@@QAE@XZ 1000ea60 f i main.obj
 0001:0000da90       ??B?$ref_ptr@VGroup@osg@@@osg@@QBEPAVGroup@1@XZ 1000ea90 f i main.obj
 0001:0000daa0       ??C?$ref_ptr@VGroup@osg@@@osg@@QBEPAVGroup@1@XZ 1000eaa0 f i main.obj
 0001:0000dab0       ?get@?$ref_ptr@VGroup@osg@@@osg@@QBEPAVGroup@2@XZ 1000eab0 f i main.obj
 0001:0000dac0       ??0?$list@PAVGeometry@osg@@V?$allocator@PAVGeometry@osg@@@std@@@std@@QAE@XZ 1000eac0 f i main.obj
 0001:0000db40       ??1?$list@PAVGeometry@osg@@V?$allocator@PAVGeometry@osg@@@std@@@std@@QAE@XZ 1000eb40 f i main.obj
 0001:0000dba0       ?begin@?$list@PAVGeometry@osg@@V?$allocator@PAVGeometry@osg@@@std@@@std@@QAE?AV?$_Iterator@$00@12@XZ 1000eba0 f i main.obj
 0001:0000dbd0       ?end@?$list@PAVGeometry@osg@@V?$allocator@PAVGeometry@osg@@@std@@@std@@QAE?AV?$_Iterator@$00@12@XZ 1000ebd0 f i main.obj
 0001:0000dc00       ?push_back@?$list@PAVGeometry@osg@@V?$allocator@PAVGeometry@osg@@@std@@@std@@QAEXABQAVGeometry@osg@@@Z 1000ec00 f i main.obj
 0001:0000dc40       ??0?$_Iterator@$00@?$list@PAVGeometry@osg@@V?$allocator@PAVGeometry@osg@@@std@@@std@@QAE@XZ 1000ec40 f i main.obj
 0001:0000dc60       ??D?$_Iterator@$00@?$list@PAVGeometry@osg@@V?$allocator@PAVGeometry@osg@@@std@@@std@@QBEAAPAVGeometry@osg@@XZ 1000ec60 f i main.obj
 0001:0000dc80       ??E?$_Iterator@$00@?$list@PAVGeometry@osg@@V?$allocator@PAVGeometry@osg@@@std@@@std@@QAE?AV012@H@Z 1000ec80 f i main.obj
 0001:0000dcc0       ??9?$_Const_iterator@$00@?$list@PAVGeometry@osg@@V?$allocator@PAVGeometry@osg@@@std@@@std@@QBE_NABV012@@Z 1000ecc0 f i main.obj
 0001:0000dcf0       ??0?$list@VReadResult@ReaderWriter@osgDB@@V?$allocator@VReadResult@ReaderWriter@osgDB@@@std@@@std@@QAE@XZ 1000ecf0 f i main.obj
 0001:0000dd70       ??1?$list@VReadResult@ReaderWriter@osgDB@@V?$allocator@VReadResult@ReaderWriter@osgDB@@@std@@@std@@QAE@XZ 1000ed70 f i main.obj
 0001:0000ddd0       ?begin@?$list@VReadResult@ReaderWriter@osgDB@@V?$allocator@VReadResult@ReaderWriter@osgDB@@@std@@@std@@QAE?AV?$_Iterator@$00@12@XZ 1000edd0 f i main.obj
 0001:0000de00       ?end@?$list@VReadResult@ReaderWriter@osgDB@@V?$allocator@VReadResult@ReaderWriter@osgDB@@@std@@@std@@QAE?AV?$_Iterator@$00@12@XZ 1000ee00 f i main.obj
 0001:0000de30       ?push_back@?$list@VReadResult@ReaderWriter@osgDB@@V?$allocator@VReadResult@ReaderWriter@osgDB@@@std@@@std@@QAEXABVReadResult@ReaderWriter@osgDB@@@Z 1000ee30 f i main.obj
 0001:0000de70       ??0?$_Iterator@$00@?$list@VReadResult@ReaderWriter@osgDB@@V?$allocator@VReadResult@ReaderWriter@osgDB@@@std@@@std@@QAE@XZ 1000ee70 f i main.obj
 0001:0000de90       ??C?$_Iterator@$00@?$list@VReadResult@ReaderWriter@osgDB@@V?$allocator@VReadResult@ReaderWriter@osgDB@@@std@@@std@@QBEPAVReadResult@ReaderWriter@osgDB@@XZ 1000ee90 f i main.obj
 0001:0000deb0       ??E?$_Iterator@$00@?$list@VReadResult@ReaderWriter@osgDB@@V?$allocator@VReadResult@ReaderWriter@osgDB@@@std@@@std@@QAE?AV012@H@Z 1000eeb0 f i main.obj
 0001:0000def0       ??9?$_Const_iterator@$00@?$list@VReadResult@ReaderWriter@osgDB@@V?$allocator@VReadResult@ReaderWriter@osgDB@@@std@@@std@@QBE_NABV012@@Z 1000eef0 f i main.obj
 0001:0000df20       ??0?$ScopedLock@VReentrantMutex@OpenThreads@@@OpenThreads@@QAE@AAVReentrantMutex@1@@Z 1000ef20 f i main.obj
 0001:0000df50       ??1?$ScopedLock@VReentrantMutex@OpenThreads@@@OpenThreads@@QAE@XZ 1000ef50 f i main.obj
 0001:0000df70       ??B?$fpos@H@std@@QBEJXZ    1000ef70 f i main.obj
 0001:0000df90       ??0?$queue@V?$basic_string@DU?$char_traits@D@std@@V?$allocator@D@2@@std@@V?$deque@V?$basic_string@DU?$char_traits@D@std@@V?$allocator@D@2@@std@@V?$allocator@V?$basic_string@DU?$char_traits@D@std@@V?$allocator@D@2@@std@@@2@@2@@std@@QAE@XZ 1000ef90 f i main.obj
 0001:0000dfb0       ??0?$deque@V?$basic_string@DU?$char_traits@D@std@@V?$allocator@D@2@@std@@V?$allocator@V?$basic_string@DU?$char_traits@D@std@@V?$allocator@D@2@@std@@@2@@std@@QAE@XZ 1000efb0 f i main.obj
 0001:0000e000       ?size@?$queue@V?$basic_string@DU?$char_traits@D@std@@V?$allocator@D@2@@std@@V?$deque@V?$basic_string@DU?$char_traits@D@std@@V?$allocator@D@2@@std@@V?$allocator@V?$basic_string@DU?$char_traits@D@std@@V?$allocator@D@2@@std@@@2@@2@@std@@QBEIXZ 1000f000 f i main.obj
 0001:0000e020       ?front@?$queue@V?$basic_string@DU?$char_traits@D@std@@V?$allocator@D@2@@std@@V?$deque@V?$basic_string@DU?$char_traits@D@std@@V?$allocator@D@2@@std@@V?$allocator@V?$basic_string@DU?$char_traits@D@std@@V?$allocator@D@2@@std@@@2@@2@@std@@QAEAAV?$basic_string@DU?$char_traits@D@std@@V?$allocator@D@2@@2@XZ 1000f020 f i main.obj
 0001:0000e040       ?push@?$queue@V?$basic_string@DU?$char_traits@D@std@@V?$allocator@D@2@@std@@V?$deque@V?$basic_string@DU?$char_traits@D@std@@V?$allocator@D@2@@std@@V?$allocator@V?$basic_string@DU?$char_traits@D@std@@V?$allocator@D@2@@std@@@2@@2@@std@@QAEXABV?$basic_string@DU?$char_traits@D@std@@V?$allocator@D@2@@2@@Z 1000f040 f i main.obj
 0001:0000e060       ?push_back@?$deque@V?$basic_string@DU?$char_traits@D@std@@V?$allocator@D@2@@std@@V?$allocator@V?$basic_string@DU?$char_traits@D@std@@V?$allocator@D@2@@std@@@2@@std@@QAEXABV?$basic_string@DU?$char_traits@D@std@@V?$allocator@D@2@@2@@Z 1000f060 f i main.obj
 0001:0000e140       ?pop@?$queue@V?$basic_string@DU?$char_traits@D@std@@V?$allocator@D@2@@std@@V?$deque@V?$basic_string@DU?$char_traits@D@std@@V?$allocator@D@2@@std@@V?$allocator@V?$basic_string@DU?$char_traits@D@std@@V?$allocator@D@2@@std@@@2@@2@@std@@QAEXXZ 1000f140 f i main.obj
 0001:0000e160       ??0?$list@V?$basic_string@DU?$char_traits@D@std@@V?$allocator@D@2@@std@@V?$allocator@V?$basic_string@DU?$char_traits@D@std@@V?$allocator@D@2@@std@@@2@@std@@QAE@XZ 1000f160 f i main.obj
 0001:0000e1e0       ??1?$list@V?$basic_string@DU?$char_traits@D@std@@V?$allocator@D@2@@std@@V?$allocator@V?$basic_string@DU?$char_traits@D@std@@V?$allocator@D@2@@std@@@2@@std@@QAE@XZ 1000f1e0 f i main.obj
 0001:0000e240       ?begin@?$list@V?$basic_string@DU?$char_traits@D@std@@V?$allocator@D@2@@std@@V?$allocator@V?$basic_string@DU?$char_traits@D@std@@V?$allocator@D@2@@std@@@2@@std@@QAE?AV?$_Iterator@$00@12@XZ 1000f240 f i main.obj
 0001:0000e270       ?end@?$list@V?$basic_string@DU?$char_traits@D@std@@V?$allocator@D@2@@std@@V?$allocator@V?$basic_string@DU?$char_traits@D@std@@V?$allocator@D@2@@std@@@2@@std@@QAE?AV?$_Iterator@$00@12@XZ 1000f270 f i main.obj
 0001:0000e2a0       ?push_back@?$list@V?$basic_string@DU?$char_traits@D@std@@V?$allocator@D@2@@std@@V?$allocator@V?$basic_string@DU?$char_traits@D@std@@V?$allocator@D@2@@std@@@2@@std@@QAEXABV?$basic_string@DU?$char_traits@D@std@@V?$allocator@D@2@@2@@Z 1000f2a0 f i main.obj
 0001:0000e2e0       ??9?$_Const_iterator@$00@?$list@V?$basic_string@DU?$char_traits@D@std@@V?$allocator@D@2@@std@@V?$allocator@V?$basic_string@DU?$char_traits@D@std@@V?$allocator@D@2@@std@@@2@@std@@QBE_NABV012@@Z 1000f2e0 f i main.obj
 0001:0000e310       ??0?$list@PAVZipEntry@@V?$allocator@PAVZipEntry@@@std@@@std@@QAE@XZ 1000f310 f i main.obj
 0001:0000e390       ??1?$list@PAVZipEntry@@V?$allocator@PAVZipEntry@@@std@@@std@@QAE@XZ 1000f390 f i main.obj
 0001:0000e3f0       ?begin@?$list@PAVZipEntry@@V?$allocator@PAVZipEntry@@@std@@@std@@QAE?AV?$_Iterator@$00@12@XZ 1000f3f0 f i main.obj
 0001:0000e420       ?end@?$list@PAVZipEntry@@V?$allocator@PAVZipEntry@@@std@@@std@@QAE?AV?$_Iterator@$00@12@XZ 1000f420 f i main.obj
 0001:0000e450       ?push_back@?$list@PAVZipEntry@@V?$allocator@PAVZipEntry@@@std@@@std@@QAEXABQAVZipEntry@@@Z 1000f450 f i main.obj
 0001:0000e490       ??0?$_Iterator@$00@?$list@PAVZipEntry@@V?$allocator@PAVZipEntry@@@std@@@std@@QAE@XZ 1000f490 f i main.obj
 0001:0000e4b0       ??D?$_Iterator@$00@?$list@PAVZipEntry@@V?$allocator@PAVZipEntry@@@std@@@std@@QBEAAPAVZipEntry@@XZ 1000f4b0 f i main.obj
 0001:0000e4d0       ??E?$_Iterator@$00@?$list@PAVZipEntry@@V?$allocator@PAVZipEntry@@@std@@@std@@QAE?AV012@H@Z 1000f4d0 f i main.obj
 0001:0000e510       ??9?$_Const_iterator@$00@?$list@PAVZipEntry@@V?$allocator@PAVZipEntry@@@std@@@std@@QBE_NABV012@@Z 1000f510 f i main.obj
 0001:0000e540       ??0?$ref_ptr@VImageCallback@@@osg@@QAE@PAVImageCallback@@@Z 1000f540 f i main.obj
 0001:0000e580       ??1?$ref_ptr@VImageCallback@@@osg@@QAE@XZ 1000f580 f i main.obj
 0001:0000e5c0       ??B?$ref_ptr@VImageCallback@@@osg@@QBEPAVImageCallback@@XZ 1000f5c0 f i main.obj
 0001:0000e5d0       ??C?$ref_ptr@VImageCallback@@@osg@@QBEPAVImageCallback@@XZ 1000f5d0 f i main.obj
 0001:0000e5e0       ??0?$list@U?$pair@V?$basic_string@DU?$char_traits@D@std@@V?$allocator@D@2@@std@@V12@@std@@V?$allocator@U?$pair@V?$basic_string@DU?$char_traits@D@std@@V?$allocator@D@2@@std@@V12@@std@@@2@@std@@QAE@XZ 1000f5e0 f i main.obj
 0001:0000e660       ??1?$list@U?$pair@V?$basic_string@DU?$char_traits@D@std@@V?$allocator@D@2@@std@@V12@@std@@V?$allocator@U?$pair@V?$basic_string@DU?$char_traits@D@std@@V?$allocator@D@2@@std@@V12@@std@@@2@@std@@QAE@XZ 1000f660 f i main.obj
 0001:0000e6c0       ?begin@?$list@U?$pair@V?$basic_string@DU?$char_traits@D@std@@V?$allocator@D@2@@std@@V12@@std@@V?$allocator@U?$pair@V?$basic_string@DU?$char_traits@D@std@@V?$allocator@D@2@@std@@V12@@std@@@2@@std@@QAE?AV?$_Iterator@$00@12@XZ 1000f6c0 f i main.obj
 0001:0000e6f0       ?end@?$list@U?$pair@V?$basic_string@DU?$char_traits@D@std@@V?$allocator@D@2@@std@@V12@@std@@V?$allocator@U?$pair@V?$basic_string@DU?$char_traits@D@std@@V?$allocator@D@2@@std@@V12@@std@@@2@@std@@QAE?AV?$_Iterator@$00@12@XZ 1000f6f0 f i main.obj
 0001:0000e720       ?push_back@?$list@U?$pair@V?$basic_string@DU?$char_traits@D@std@@V?$allocator@D@2@@std@@V12@@std@@V?$allocator@U?$pair@V?$basic_string@DU?$char_traits@D@std@@V?$allocator@D@2@@std@@V12@@std@@@2@@std@@QAEXABU?$pair@V?$basic_string@DU?$char_traits@D@std@@V?$allocator@D@2@@std@@V12@@2@@Z 1000f720 f i main.obj
 0001:0000e760       ?unique@?$list@U?$pair@V?$basic_string@DU?$char_traits@D@std@@V?$allocator@D@2@@std@@V12@@std@@V?$allocator@U?$pair@V?$basic_string@DU?$char_traits@D@std@@V?$allocator@D@2@@std@@V12@@std@@@2@@std@@QAEXXZ 1000f760 f i main.obj
 0001:0000e830       ??0?$pair@V?$basic_string@DU?$char_traits@D@std@@V?$allocator@D@2@@std@@V12@@std@@QAE@ABV?$basic_string@DU?$char_traits@D@std@@V?$allocator@D@2@@1@0@Z 1000f830 f i main.obj
 0001:0000e8a0       ??0?$ref_ptr@VConditionPathsCallback@@@osg@@QAE@PAVConditionPathsCallback@@@Z 1000f8a0 f i main.obj
 0001:0000e8e0       ??1?$ref_ptr@VConditionPathsCallback@@@osg@@QAE@XZ 1000f8e0 f i main.obj
 0001:0000e920       ??B?$ref_ptr@VConditionPathsCallback@@@osg@@QBEPAVConditionPathsCallback@@XZ 1000f920 f i main.obj
 0001:0000e930       ??0?$_Iterator@$00@?$list@U?$pair@V?$basic_string@DU?$char_traits@D@std@@V?$allocator@D@2@@std@@V12@@std@@V?$allocator@U?$pair@V?$basic_string@DU?$char_traits@D@std@@V?$allocator@D@2@@std@@V12@@std@@@2@@std@@QAE@XZ 1000f930 f i main.obj
 0001:0000e950       ??C?$_Iterator@$00@?$list@U?$pair@V?$basic_string@DU?$char_traits@D@std@@V?$allocator@D@2@@std@@V12@@std@@V?$allocator@U?$pair@V?$basic_string@DU?$char_traits@D@std@@V?$allocator@D@2@@std@@V12@@std@@@2@@std@@QBEPAU?$pair@V?$basic_string@DU?$char_traits@D@std@@V?$allocator@D@2@@std@@V12@@2@XZ 1000f950 f i main.obj
 0001:0000e970       ??E?$_Iterator@$00@?$list@U?$pair@V?$basic_string@DU?$char_traits@D@std@@V?$allocator@D@2@@std@@V12@@std@@V?$allocator@U?$pair@V?$basic_string@DU?$char_traits@D@std@@V?$allocator@D@2@@std@@V12@@std@@@2@@std@@QAE?AV012@H@Z 1000f970 f i main.obj
 0001:0000e9b0       ??9?$_Const_iterator@$00@?$list@U?$pair@V?$basic_string@DU?$char_traits@D@std@@V?$allocator@D@2@@std@@V12@@std@@V?$allocator@U?$pair@V?$basic_string@DU?$char_traits@D@std@@V?$allocator@D@2@@std@@V12@@std@@@2@@std@@QBE_NABV012@@Z 1000f9b0 f i main.obj
 0001:0000e9e0       ??1?$_Vector_val@IV?$allocator@I@std@@@std@@QAE@XZ 1000f9e0 f i main.obj
 0001:0000ea00       ??1?$pair@$$CBV?$basic_string@DU?$char_traits@D@std@@V?$allocator@D@2@@std@@V12@@std@@QAE@XZ 1000fa00 f i main.obj
 0001:0000ea60       ??1?$_Tree_val@V?$_Tmap_traits@V?$basic_string@DU?$char_traits@D@std@@V?$allocator@D@2@@std@@V12@U?$less@V?$basic_string@DU?$char_traits@D@std@@V?$allocator@D@2@@std@@@2@V?$allocator@U?$pair@$$CBV?$basic_string@DU?$char_traits@D@std@@V?$allocator@D@2@@std@@V12@@std@@@2@$0A@@std@@@std@@QAE@XZ 1000fa60 f i main.obj
 0001:0000ea80       ??1?$_Vector_val@HV?$allocator@H@std@@@std@@QAE@XZ 1000fa80 f i main.obj
 0001:0000eaa0       ??1?$_Deque_val@V?$basic_string@DU?$char_traits@D@std@@V?$allocator@D@2@@std@@V?$allocator@V?$basic_string@DU?$char_traits@D@std@@V?$allocator@D@2@@std@@@2@@std@@QAE@XZ 1000faa0 f i main.obj
 0001:0000eac0       ??1?$_List_val@PAVGeometry@osg@@V?$allocator@PAVGeometry@osg@@@std@@@std@@QAE@XZ 1000fac0 f i main.obj
 0001:0000eae0       ??1?$_List_val@VReadResult@ReaderWriter@osgDB@@V?$allocator@VReadResult@ReaderWriter@osgDB@@@std@@@std@@QAE@XZ 1000fae0 f i main.obj
 0001:0000eb00       ??1?$_List_val@V?$basic_string@DU?$char_traits@D@std@@V?$allocator@D@2@@std@@V?$allocator@V?$basic_string@DU?$char_traits@D@std@@V?$allocator@D@2@@std@@@2@@std@@QAE@XZ 1000fb00 f i main.obj
 0001:0000eb20       ??1?$_List_val@PAVZipEntry@@V?$allocator@PAVZipEntry@@@std@@@std@@QAE@XZ 1000fb20 f i main.obj
 0001:0000eb40       ??1?$_List_val@U?$pair@V?$basic_string@DU?$char_traits@D@std@@V?$allocator@D@2@@std@@V12@@std@@V?$allocator@U?$pair@V?$basic_string@DU?$char_traits@D@std@@V?$allocator@D@2@@std@@V12@@std@@@2@@std@@QAE@XZ 1000fb40 f i main.obj
 0001:0000eb60       ??1?$_Tree_ptr@V?$_Tmap_traits@V?$basic_string@DU?$char_traits@D@std@@V?$allocator@D@2@@std@@V12@U?$less@V?$basic_string@DU?$char_traits@D@std@@V?$allocator@D@2@@std@@@2@V?$allocator@U?$pair@$$CBV?$basic_string@DU?$char_traits@D@std@@V?$allocator@D@2@@std@@V12@@std@@@2@$0A@@std@@@std@@QAE@XZ 1000fb60 f i main.obj
 0001:0000eb80       ??1?$_Deque_map@V?$basic_string@DU?$char_traits@D@std@@V?$allocator@D@2@@std@@V?$allocator@V?$basic_string@DU?$char_traits@D@std@@V?$allocator@D@2@@std@@@2@@std@@QAE@XZ 1000fb80 f i main.obj
 0001:0000eba0       ??1?$_List_ptr@PAVGeometry@osg@@V?$allocator@PAVGeometry@osg@@@std@@@std@@QAE@XZ 1000fba0 f i main.obj
 0001:0000ebc0       ??1?$_List_ptr@VReadResult@ReaderWriter@osgDB@@V?$allocator@VReadResult@ReaderWriter@osgDB@@@std@@@std@@QAE@XZ 1000fbc0 f i main.obj
 0001:0000ebe0       ??1?$_List_ptr@V?$basic_string@DU?$char_traits@D@std@@V?$allocator@D@2@@std@@V?$allocator@V?$basic_string@DU?$char_traits@D@std@@V?$allocator@D@2@@std@@@2@@std@@QAE@XZ 1000fbe0 f i main.obj
 0001:0000ec00       ??1?$_List_ptr@PAVZipEntry@@V?$allocator@PAVZipEntry@@@std@@@std@@QAE@XZ 1000fc00 f i main.obj
 0001:0000ec20       ??1?$_List_ptr@U?$pair@V?$basic_string@DU?$char_traits@D@std@@V?$allocator@D@2@@std@@V12@@std@@V?$allocator@U?$pair@V?$basic_string@DU?$char_traits@D@std@@V?$allocator@D@2@@std@@V12@@std@@@2@@std@@QAE@XZ 1000fc20 f i main.obj
 0001:0000ec40       ??1?$_Tree_nod@V?$_Tmap_traits@V?$basic_string@DU?$char_traits@D@std@@V?$allocator@D@2@@std@@V12@U?$less@V?$basic_string@DU?$char_traits@D@std@@V?$allocator@D@2@@std@@@2@V?$allocator@U?$pair@$$CBV?$basic_string@DU?$char_traits@D@std@@V?$allocator@D@2@@std@@V12@@std@@@2@$0A@@std@@@std@@QAE@XZ 1000fc40 f i main.obj
 0001:0000ec60       ??1?$_List_nod@PAVGeometry@osg@@V?$allocator@PAVGeometry@osg@@@std@@@std@@QAE@XZ 1000fc60 f i main.obj
 0001:0000ec80       ??1?$_List_nod@VReadResult@ReaderWriter@osgDB@@V?$allocator@VReadResult@ReaderWriter@osgDB@@@std@@@std@@QAE@XZ 1000fc80 f i main.obj
 0001:0000eca0       ??1?$_List_nod@V?$basic_string@DU?$char_traits@D@std@@V?$allocator@D@2@@std@@V?$allocator@V?$basic_string@DU?$char_traits@D@std@@V?$allocator@D@2@@std@@@2@@std@@QAE@XZ 1000fca0 f i main.obj
 0001:0000ecc0       ??1?$_List_nod@PAVZipEntry@@V?$allocator@PAVZipEntry@@@std@@@std@@QAE@XZ 1000fcc0 f i main.obj
 0001:0000ece0       ??1?$_List_nod@U?$pair@V?$basic_string@DU?$char_traits@D@std@@V?$allocator@D@2@@std@@V12@@std@@V?$allocator@U?$pair@V?$basic_string@DU?$char_traits@D@std@@V?$allocator@D@2@@std@@V12@@std@@@2@@std@@QAE@XZ 1000fce0 f i main.obj
 0001:0000ed00       ??1?$_Tmap_traits@V?$basic_string@DU?$char_traits@D@std@@V?$allocator@D@2@@std@@V12@U?$less@V?$basic_string@DU?$char_traits@D@std@@V?$allocator@D@2@@std@@@2@V?$allocator@U?$pair@$$CBV?$basic_string@DU?$char_traits@D@std@@V?$allocator@D@2@@std@@V12@@std@@@2@$0A@@std@@QAE@XZ 1000fd00 f i main.obj
 0001:0000ed20       ?capacity@?$vector@IV?$allocator@I@std@@@std@@QBEIXZ 1000fd20 f i main.obj
 0001:0000ed60       ?begin@?$vector@IV?$allocator@I@std@@@std@@QAE?AV?$_Vector_iterator@IV?$allocator@I@std@@@2@XZ 1000fd60 f i main.obj
 0001:0000ed90       ?end@?$vector@IV?$allocator@I@std@@@std@@QAE?AV?$_Vector_iterator@IV?$allocator@I@std@@@2@XZ 1000fd90 f i main.obj
 0001:0000edc0       ?insert@?$vector@IV?$allocator@I@std@@@std@@QAE?AV?$_Vector_iterator@IV?$allocator@I@std@@@2@V?$_Vector_const_iterator@IV?$allocator@I@std@@@2@ABI@Z 1000fdc0 f i main.obj
 0001:0000ee40       ?erase@?$vector@IV?$allocator@I@std@@@std@@QAE?AV?$_Vector_iterator@IV?$allocator@I@std@@@2@V?$_Vector_const_iterator@IV?$allocator@I@std@@@2@0@Z 1000fe40 f i main.obj
 0001:0000eee0       ??9?$_Vector_const_iterator@IV?$allocator@I@std@@@std@@QBE_NABV01@@Z 1000fee0 f i main.obj
 0001:0000ef10       ?_Buy@?$vector@IV?$allocator@I@std@@@std@@IAE_NI@Z 1000ff10 f i main.obj
 0001:0000ef90       ?_Destroy@?$vector@IV?$allocator@I@std@@@std@@IAEXPAI0@Z 1000ff90 f i main.obj
 0001:0000efc0       ?_Tidy@?$vector@IV?$allocator@I@std@@@std@@IAEXXZ 1000ffc0 f i main.obj
 0001:0000f030       ?_Ufill@?$vector@IV?$allocator@I@std@@@std@@IAEPAIPAIIABI@Z 10010030 f i main.obj
 0001:0000f070       ??0?$_Vector_val@IV?$allocator@I@std@@@std@@IAE@V?$allocator@I@1@@Z 10010070 f i main.obj
 0001:0000f0b0       ??1?$_Container_base_aux_alloc_real@V?$allocator@I@std@@@std@@IAE@XZ 100100b0 f i main.obj
 0001:0000f110       ??1_Container_base_aux@std@@QAE@XZ 10010110 f i main.obj
 0001:0000f120       ??0?$allocator@I@std@@QAE@XZ 10010120 f i main.obj
 0001:0000f130       ??0?$allocator@I@std@@QAE@ABV01@@Z 10010130 f i main.obj
 0001:0000f140       ?deallocate@?$allocator@I@std@@QAEXPAII@Z 10010140 f i main.obj
 0001:0000f160       ??R?$less@V?$basic_string@DU?$char_traits@D@std@@V?$allocator@D@2@@std@@@std@@QBE_NABV?$basic_string@DU?$char_traits@D@std@@V?$allocator@D@2@@1@0@Z 10010160 f i main.obj
 0001:0000f180       ??0?$allocator@V?$basic_string@DU?$char_traits@D@std@@V?$allocator@D@2@@std@@@std@@QAE@XZ 10010180 f i main.obj
 0001:0000f190       ?allocate@?$allocator@V?$basic_string@DU?$char_traits@D@std@@V?$allocator@D@2@@std@@@std@@QAEPAV?$basic_string@DU?$char_traits@D@std@@V?$allocator@D@2@@2@I@Z 10010190 f i main.obj
 0001:0000f1b0       ?construct@?$allocator@V?$basic_string@DU?$char_traits@D@std@@V?$allocator@D@2@@std@@@std@@QAEXPAV?$basic_string@DU?$char_traits@D@std@@V?$allocator@D@2@@2@ABV32@@Z 100101b0 f i main.obj
 0001:0000f1d0       ??1?$_Container_base_aux_alloc_real@V?$allocator@V?$basic_string@DU?$char_traits@D@std@@V?$allocator@D@2@@std@@@std@@@std@@IAE@XZ 100101d0 f i main.obj
 0001:0000f230       ?_Key@?$_Tree@V?$_Tmap_traits@V?$basic_string@DU?$char_traits@D@std@@V?$allocator@D@2@@std@@V12@U?$less@V?$basic_string@DU?$char_traits@D@std@@V?$allocator@D@2@@std@@@2@V?$allocator@U?$pair@$$CBV?$basic_string@DU?$char_traits@D@std@@V?$allocator@D@2@@std@@V12@@std@@@2@$0A@@std@@@std@@KAABV?$basic_string@DU?$char_traits@D@std@@V?$allocator@D@2@@2@PAU_Node@?$_Tree_nod@V?$_Tmap_traits@V?$basic_string@DU?$char_traits@D@std@@V?$allocator@D@2@@std@@V12@U?$less@V?$basic_string@DU?$char_traits@D@std@@V?$allocator@D@2@@std@@@2@V?$allocator@U?$pair@$$CBV?$basic_string@DU?$char_traits@D@std@@V?$allocator@D@2@@std@@V12@@std@@@2@$0A@@std@@@2@@Z 10010230 f i main.obj
 0001:0000f250       ??0?$_Tree@V?$_Tmap_traits@V?$basic_string@DU?$char_traits@D@std@@V?$allocator@D@2@@std@@V12@U?$less@V?$basic_string@DU?$char_traits@D@std@@V?$allocator@D@2@@std@@@2@V?$allocator@U?$pair@$$CBV?$basic_string@DU?$char_traits@D@std@@V?$allocator@D@2@@std@@V12@@std@@@2@$0A@@std@@@std@@QAE@ABU?$less@V?$basic_string@DU?$char_traits@D@std@@V?$allocator@D@2@@std@@@1@ABV?$allocator@U?$pair@$$CBV?$basic_string@DU?$char_traits@D@std@@V?$allocator@D@2@@std@@V12@@std@@@1@@Z 10010250 f i main.obj
 0001:0000f2c0       ?begin@?$_Tree@V?$_Tmap_traits@V?$basic_string@DU?$char_traits@D@std@@V?$allocator@D@2@@std@@V12@U?$less@V?$basic_string@DU?$char_traits@D@std@@V?$allocator@D@2@@std@@@2@V?$allocator@U?$pair@$$CBV?$basic_string@DU?$char_traits@D@std@@V?$allocator@D@2@@std@@V12@@std@@@2@$0A@@std@@@std@@QAE?AViterator@12@XZ 100102c0 f i main.obj
 0001:0000f2f0       ?get_allocator@?$_Tree@V?$_Tmap_traits@V?$basic_string@DU?$char_traits@D@std@@V?$allocator@D@2@@std@@V12@U?$less@V?$basic_string@DU?$char_traits@D@std@@V?$allocator@D@2@@std@@@2@V?$allocator@U?$pair@$$CBV?$basic_string@DU?$char_traits@D@std@@V?$allocator@D@2@@std@@V12@@std@@@2@$0A@@std@@@std@@QBE?AV?$allocator@U?$pair@$$CBV?$basic_string@DU?$char_traits@D@std@@V?$allocator@D@2@@std@@V12@@std@@@2@XZ 100102f0 f i main.obj
 0001:0000f310       ?key_comp@?$_Tree@V?$_Tmap_traits@V?$basic_string@DU?$char_traits@D@std@@V?$allocator@D@2@@std@@V12@U?$less@V?$basic_string@DU?$char_traits@D@std@@V?$allocator@D@2@@std@@@2@V?$allocator@U?$pair@$$CBV?$basic_string@DU?$char_traits@D@std@@V?$allocator@D@2@@std@@V12@@std@@@2@$0A@@std@@@std@@QBE?AU?$less@V?$basic_string@DU?$char_traits@D@std@@V?$allocator@D@2@@std@@@2@XZ 10010310 f i main.obj
 0001:0000f320       ?insert@?$_Tree@V?$_Tmap_traits@V?$basic_string@DU?$char_traits@D@std@@V?$allocator@D@2@@std@@V12@U?$less@V?$basic_string@DU?$char_traits@D@std@@V?$allocator@D@2@@std@@@2@V?$allocator@U?$pair@$$CBV?$basic_string@DU?$char_traits@D@std@@V?$allocator@D@2@@std@@V12@@std@@@2@$0A@@std@@@std@@QAE?AViterator@12@Vconst_iterator@12@ABU?$pair@$$CBV?$basic_string@DU?$char_traits@D@std@@V?$allocator@D@2@@std@@V12@@2@@Z 10010320 f i main.obj
 0001:0000f940       ?erase@?$_Tree@V?$_Tmap_traits@V?$basic_string@DU?$char_traits@D@std@@V?$allocator@D@2@@std@@V12@U?$less@V?$basic_string@DU?$char_traits@D@std@@V?$allocator@D@2@@std@@@2@V?$allocator@U?$pair@$$CBV?$basic_string@DU?$char_traits@D@std@@V?$allocator@D@2@@std@@V12@@std@@@2@$0A@@std@@@std@@QAE?AViterator@12@Vconst_iterator@12@0@Z 10010940 f i main.obj
 0001:0000f9f0       ?lower_bound@?$_Tree@V?$_Tmap_traits@V?$basic_string@DU?$char_traits@D@std@@V?$allocator@D@2@@std@@V12@U?$less@V?$basic_string@DU?$char_traits@D@std@@V?$allocator@D@2@@std@@@2@V?$allocator@U?$pair@$$CBV?$basic_string@DU?$char_traits@D@std@@V?$allocator@D@2@@std@@V12@@std@@@2@$0A@@std@@@std@@QAE?AViterator@12@ABV?$basic_string@DU?$char_traits@D@std@@V?$allocator@D@2@@2@@Z 100109f0 f i main.obj
 0001:0000fa20       ?_Copy@?$_Tree@V?$_Tmap_traits@V?$basic_string@DU?$char_traits@D@std@@V?$allocator@D@2@@std@@V12@U?$less@V?$basic_string@DU?$char_traits@D@std@@V?$allocator@D@2@@std@@@2@V?$allocator@U?$pair@$$CBV?$basic_string@DU?$char_traits@D@std@@V?$allocator@D@2@@std@@V12@@std@@@2@$0A@@std@@@std@@IAEXABV12@@Z 10010a20 f i main.obj
 0001:0000fae0       ?_Init@?$_Tree@V?$_Tmap_traits@V?$basic_string@DU?$char_traits@D@std@@V?$allocator@D@2@@std@@V12@U?$less@V?$basic_string@DU?$char_traits@D@std@@V?$allocator@D@2@@std@@@2@V?$allocator@U?$pair@$$CBV?$basic_string@DU?$char_traits@D@std@@V?$allocator@D@2@@std@@V12@@std@@@2@$0A@@std@@@std@@IAEXXZ 10010ae0 f i main.obj
 0001:0000fb50       ?_Tidy@?$_Tree@V?$_Tmap_traits@V?$basic_string@DU?$char_traits@D@std@@V?$allocator@D@2@@std@@V12@U?$less@V?$basic_string@DU?$char_traits@D@std@@V?$allocator@D@2@@std@@@2@V?$allocator@U?$pair@$$CBV?$basic_string@DU?$char_traits@D@std@@V?$allocator@D@2@@std@@V12@@std@@@2@$0A@@std@@@std@@IAEXXZ 10010b50 f i main.obj
 0001:0000fc20       ??0?$_Tree_val@V?$_Tmap_traits@V?$basic_string@DU?$char_traits@D@std@@V?$allocator@D@2@@std@@V12@U?$less@V?$basic_string@DU?$char_traits@D@std@@V?$allocator@D@2@@std@@@2@V?$allocator@U?$pair@$$CBV?$basic_string@DU?$char_traits@D@std@@V?$allocator@D@2@@std@@V12@@std@@@2@$0A@@std@@@std@@IAE@ABU?$less@V?$basic_string@DU?$char_traits@D@std@@V?$allocator@D@2@@std@@@1@V?$allocator@U?$pair@$$CBV?$basic_string@DU?$char_traits@D@std@@V?$allocator@D@2@@std@@V12@@std@@@1@@Z 10010c20 f i main.obj
 0001:0000fc60       ??1?$_Container_base_aux_alloc_real@V?$allocator@U?$pair@$$CBV?$basic_string@DU?$char_traits@D@std@@V?$allocator@D@2@@std@@V12@@std@@@std@@@std@@IAE@XZ 10010c60 f i main.obj
 0001:0000fcc0       ??0?$allocator@U?$pair@$$CBV?$basic_string@DU?$char_traits@D@std@@V?$allocator@D@2@@std@@V12@@std@@@std@@QAE@XZ 10010cc0 f i main.obj
 0001:0000fcd0       ?capacity@?$vector@HV?$allocator@H@std@@@std@@QBEIXZ 10010cd0 f i main.obj
 0001:0000fd10       ?begin@?$vector@HV?$allocator@H@std@@@std@@QBE?AV?$_Vector_const_iterator@HV?$allocator@H@std@@@2@XZ 10010d10 f i main.obj
 0001:0000fd40       ?end@?$vector@HV?$allocator@H@std@@@std@@QAE?AV?$_Vector_iterator@HV?$allocator@H@std@@@2@XZ 10010d40 f i main.obj
 0001:0000fd70       ?end@?$vector@HV?$allocator@H@std@@@std@@QBE?AV?$_Vector_const_iterator@HV?$allocator@H@std@@@2@XZ 10010d70 f i main.obj
 0001:0000fda0       ?size@?$vector@HV?$allocator@H@std@@@std@@QBEIXZ 10010da0 f i main.obj
 0001:0000fdc0       ?insert@?$vector@HV?$allocator@H@std@@@std@@QAE?AV?$_Vector_iterator@HV?$allocator@H@std@@@2@V?$_Vector_const_iterator@HV?$allocator@H@std@@@2@ABH@Z 10010dc0 f i main.obj
 0001:0000fe40       ?begin@?$vector@HV?$allocator@H@std@@@std@@QAE?AV?$_Vector_iterator@HV?$allocator@H@std@@@2@XZ 10010e40 f i main.obj
 0001:0000fe70       ?_Buy@?$vector@HV?$allocator@H@std@@@std@@IAE_NI@Z 10010e70 f i main.obj
 0001:0000fef0       ?_Tidy@?$vector@HV?$allocator@H@std@@@std@@IAEXXZ 10010ef0 f i main.obj
 0001:0000ff60       ?_Ufill@?$vector@HV?$allocator@H@std@@@std@@IAEPAHPAHIABH@Z 10010f60 f i main.obj
 0001:0000ffa0       ??0?$_Vector_val@HV?$allocator@H@std@@@std@@IAE@V?$allocator@H@1@@Z 10010fa0 f i main.obj
 0001:0000ffe0       ??1?$_Container_base_aux_alloc_real@V?$allocator@H@std@@@std@@IAE@XZ 10010fe0 f i main.obj
 0001:00010040       ??0?$allocator@H@std@@QAE@XZ 10011040 f i main.obj
 0001:00010050       ??0?$allocator@H@std@@QAE@ABV01@@Z 10011050 f i main.obj
 0001:00010060       ??8?$_Vector_const_iterator@IV?$allocator@I@std@@@std@@QBE_NABV01@@Z 10011060 f i main.obj
 0001:000100b0       ?size@?$deque@V?$basic_string@DU?$char_traits@D@std@@V?$allocator@D@2@@std@@V?$allocator@V?$basic_string@DU?$char_traits@D@std@@V?$allocator@D@2@@std@@@2@@std@@QBEIXZ 100110b0 f i main.obj
 0001:000100d0       ?front@?$deque@V?$basic_string@DU?$char_traits@D@std@@V?$allocator@D@2@@std@@V?$allocator@V?$basic_string@DU?$char_traits@D@std@@V?$allocator@D@2@@std@@@2@@std@@QAEAAV?$basic_string@DU?$char_traits@D@std@@V?$allocator@D@2@@2@XZ 100110d0 f i main.obj
 0001:000100f0       ?begin@?$deque@V?$basic_string@DU?$char_traits@D@std@@V?$allocator@D@2@@std@@V?$allocator@V?$basic_string@DU?$char_traits@D@std@@V?$allocator@D@2@@std@@@2@@std@@QAE?AV?$_Deque_iterator@V?$basic_string@DU?$char_traits@D@std@@V?$allocator@D@2@@std@@V?$allocator@V?$basic_string@DU?$char_traits@D@std@@V?$allocator@D@2@@std@@@2@$00@2@XZ 100110f0 f i main.obj
 0001:00010120       ?pop_front@?$deque@V?$basic_string@DU?$char_traits@D@std@@V?$allocator@D@2@@std@@V?$allocator@V?$basic_string@DU?$char_traits@D@std@@V?$allocator@D@2@@std@@@2@@std@@QAEXXZ 10011120 f i main.obj
 0001:000101c0       ?_Growmap@?$deque@V?$basic_string@DU?$char_traits@D@std@@V?$allocator@D@2@@std@@V?$allocator@V?$basic_string@DU?$char_traits@D@std@@V?$allocator@D@2@@std@@@2@@std@@IAEXI@Z 100111c0 f i main.obj
 0001:000103e0       ?_Tidy@?$deque@V?$basic_string@DU?$char_traits@D@std@@V?$allocator@D@2@@std@@V?$allocator@V?$basic_string@DU?$char_traits@D@std@@V?$allocator@D@2@@std@@@2@@std@@IAEXXZ 100113e0 f i main.obj
 0001:000104a0       ?deallocate@?$allocator@V?$basic_string@DU?$char_traits@D@std@@V?$allocator@D@2@@std@@@std@@QAEXPAV?$basic_string@DU?$char_traits@D@std@@V?$allocator@D@2@@2@I@Z 100114a0 f i main.obj
 0001:000104c0       ??0?$_Deque_val@V?$basic_string@DU?$char_traits@D@std@@V?$allocator@D@2@@std@@V?$allocator@V?$basic_string@DU?$char_traits@D@std@@V?$allocator@D@2@@std@@@2@@std@@IAE@V?$allocator@V?$basic_string@DU?$char_traits@D@std@@V?$allocator@D@2@@std@@@1@@Z 100114c0 f i main.obj
 0001:00010500       ?_Mynode@const_iterator@?$_Tree@V?$_Tmap_traits@V?$basic_string@DU?$char_traits@D@std@@V?$allocator@D@2@@std@@V12@U?$less@V?$basic_string@DU?$char_traits@D@std@@V?$allocator@D@2@@std@@@2@V?$allocator@U?$pair@$$CBV?$basic_string@DU?$char_traits@D@std@@V?$allocator@D@2@@std@@V12@@std@@@2@$0A@@std@@@std@@QBEPAU_Node@?$_Tree_nod@V?$_Tmap_traits@V?$basic_string@DU?$char_traits@D@std@@V?$allocator@D@2@@std@@V12@U?$less@V?$basic_string@DU?$char_traits@D@std@@V?$allocator@D@2@@std@@@2@V?$allocator@U?$pair@$$CBV?$basic_string@DU?$char_traits@D@std@@V?$allocator@D@2@@std@@V12@@std@@@2@$0A@@std@@@3@XZ 10011500 f i main.obj
 0001:00010520       ??0iterator@?$_Tree@V?$_Tmap_traits@V?$basic_string@DU?$char_traits@D@std@@V?$allocator@D@2@@std@@V12@U?$less@V?$basic_string@DU?$char_traits@D@std@@V?$allocator@D@2@@std@@@2@V?$allocator@U?$pair@$$CBV?$basic_string@DU?$char_traits@D@std@@V?$allocator@D@2@@std@@V12@@std@@@2@$0A@@std@@@std@@QAE@PAU_Node@?$_Tree_nod@V?$_Tmap_traits@V?$basic_string@DU?$char_traits@D@std@@V?$allocator@D@2@@std@@V12@U?$less@V?$basic_string@DU?$char_traits@D@std@@V?$allocator@D@2@@std@@@2@V?$allocator@U?$pair@$$CBV?$basic_string@DU?$char_traits@D@std@@V?$allocator@D@2@@std@@V12@@std@@@2@$0A@@std@@@2@PBV12@@Z 10011520 f i main.obj
 0001:00010540       ??Diterator@?$_Tree@V?$_Tmap_traits@V?$basic_string@DU?$char_traits@D@std@@V?$allocator@D@2@@std@@V12@U?$less@V?$basic_string@DU?$char_traits@D@std@@V?$allocator@D@2@@std@@@2@V?$allocator@U?$pair@$$CBV?$basic_string@DU?$char_traits@D@std@@V?$allocator@D@2@@std@@V12@@std@@@2@$0A@@std@@@std@@QBEAAU?$pair@$$CBV?$basic_string@DU?$char_traits@D@std@@V?$allocator@D@2@@std@@V12@@2@XZ 10011540 f i main.obj
 0001:00010560       ??Dconst_iterator@?$_Tree@V?$_Tmap_traits@V?$basic_string@DU?$char_traits@D@std@@V?$allocator@D@2@@std@@V12@U?$less@V?$basic_string@DU?$char_traits@D@std@@V?$allocator@D@2@@std@@@2@V?$allocator@U?$pair@$$CBV?$basic_string@DU?$char_traits@D@std@@V?$allocator@D@2@@std@@V12@@std@@@2@$0A@@std@@@std@@QBEABU?$pair@$$CBV?$basic_string@DU?$char_traits@D@std@@V?$allocator@D@2@@std@@V12@@2@XZ 10011560 f i main.obj
 0001:000105b0       ?_Getmycont@_Iterator_base_aux@std@@QBEPBV_Container_base_aux@2@XZ 100115b0 f i main.obj
 0001:000105e0       ?_Getcont@_Aux_cont@std@@QBEPBV_Container_base_aux@2@XZ 100115e0 f i main.obj
 0001:000105f0       ??0?$pair@$$CBV?$basic_string@DU?$char_traits@D@std@@V?$allocator@D@2@@std@@V12@@std@@QAE@ABV?$basic_string@DU?$char_traits@D@std@@V?$allocator@D@2@@1@0@Z 100115f0 f i main.obj
 0001:00010660       ??1?$_Container_base_aux_alloc_real@V?$allocator@PAVGeometry@osg@@@std@@@std@@IAE@XZ 10011660 f i main.obj
 0001:000106c0       ??0?$allocator@PAVGeometry@osg@@@std@@QAE@XZ 100116c0 f i main.obj
 0001:000106d0       ?_Nextnode@?$list@PAVGeometry@osg@@V?$allocator@PAVGeometry@osg@@@std@@@std@@KAAAPAU_Node@?$_List_nod@PAVGeometry@osg@@V?$allocator@PAVGeometry@osg@@@std@@@2@PAU342@@Z 100116d0 f i main.obj
 0001:000106e0       ?_Insert@?$list@PAVGeometry@osg@@V?$allocator@PAVGeometry@osg@@@std@@@std@@QAEXV?$_Const_iterator@$00@12@ABQAVGeometry@osg@@@Z 100116e0 f i main.obj
 0001:00010760       ?_Buynode@?$list@PAVGeometry@osg@@V?$allocator@PAVGeometry@osg@@@std@@@std@@IAEPAU_Node@?$_List_nod@PAVGeometry@osg@@V?$allocator@PAVGeometry@osg@@@std@@@2@XZ 10011760 f i main.obj
 0001:00010860       ?_Tidy@?$list@PAVGeometry@osg@@V?$allocator@PAVGeometry@osg@@@std@@@std@@IAEXXZ 10011860 f i main.obj
 0001:000108d0       ??0?$_List_val@PAVGeometry@osg@@V?$allocator@PAVGeometry@osg@@@std@@@std@@QAE@V?$allocator@PAVGeometry@osg@@@1@@Z 100118d0 f i main.obj
 0001:00010910       ??0?$_Iterator@$00@?$list@PAVGeometry@osg@@V?$allocator@PAVGeometry@osg@@@std@@@std@@QAE@PAU_Node@?$_List_nod@PAVGeometry@osg@@V?$allocator@PAVGeometry@osg@@@std@@@2@PBV12@@Z 10011910 f i main.obj
 0001:00010930       ??E?$_Iterator@$00@?$list@PAVGeometry@osg@@V?$allocator@PAVGeometry@osg@@@std@@@std@@QAEAAV012@XZ 10011930 f i main.obj
 0001:00010950       ??0?$_Const_iterator@$00@?$list@PAVGeometry@osg@@V?$allocator@PAVGeometry@osg@@@std@@@std@@QAE@XZ 10011950 f i main.obj
 0001:00010970       ??D?$_Const_iterator@$00@?$list@PAVGeometry@osg@@V?$allocator@PAVGeometry@osg@@@std@@@std@@QBEABQAVGeometry@osg@@XZ 10011970 f i main.obj
 0001:000109d0       ??8?$_Const_iterator@$00@?$list@PAVGeometry@osg@@V?$allocator@PAVGeometry@osg@@@std@@@std@@QBE_NABV012@@Z 100119d0 f i main.obj
 0001:00010a30       ?_Nextnode@?$list@VReadResult@ReaderWriter@osgDB@@V?$allocator@VReadResult@ReaderWriter@osgDB@@@std@@@std@@KAAAPAU_Node@?$_List_nod@VReadResult@ReaderWriter@osgDB@@V?$allocator@VReadResult@ReaderWriter@osgDB@@@std@@@2@PAU342@@Z 10011a30 f i main.obj
 0001:00010a40       ?_Insert@?$list@VReadResult@ReaderWriter@osgDB@@V?$allocator@VReadResult@ReaderWriter@osgDB@@@std@@@std@@QAEXV?$_Const_iterator@$00@12@ABVReadResult@ReaderWriter@osgDB@@@Z 10011a40 f i main.obj
 0001:00010ac0       ?_Buynode@?$list@VReadResult@ReaderWriter@osgDB@@V?$allocator@VReadResult@ReaderWriter@osgDB@@@std@@@std@@IAEPAU_Node@?$_List_nod@VReadResult@ReaderWriter@osgDB@@V?$allocator@VReadResult@ReaderWriter@osgDB@@@std@@@2@XZ 10011ac0 f i main.obj
 0001:00010bc0       ?_Tidy@?$list@VReadResult@ReaderWriter@osgDB@@V?$allocator@VReadResult@ReaderWriter@osgDB@@@std@@@std@@IAEXXZ 10011bc0 f i main.obj
 0001:00010c30       ??0?$_List_val@VReadResult@ReaderWriter@osgDB@@V?$allocator@VReadResult@ReaderWriter@osgDB@@@std@@@std@@QAE@V?$allocator@VReadResult@ReaderWriter@osgDB@@@1@@Z 10011c30 f i main.obj
 0001:00010c70       ??1?$_Container_base_aux_alloc_real@V?$allocator@VReadResult@ReaderWriter@osgDB@@@std@@@std@@IAE@XZ 10011c70 f i main.obj
 0001:00010cd0       ??0?$allocator@VReadResult@ReaderWriter@osgDB@@@std@@QAE@XZ 10011cd0 f i main.obj
 0001:00010ce0       ??0?$_Iterator@$00@?$list@VReadResult@ReaderWriter@osgDB@@V?$allocator@VReadResult@ReaderWriter@osgDB@@@std@@@std@@QAE@PAU_Node@?$_List_nod@VReadResult@ReaderWriter@osgDB@@V?$allocator@VReadResult@ReaderWriter@osgDB@@@std@@@2@PBV12@@Z 10011ce0 f i main.obj
 0001:00010d00       ??D?$_Iterator@$00@?$list@VReadResult@ReaderWriter@osgDB@@V?$allocator@VReadResult@ReaderWriter@osgDB@@@std@@@std@@QBEAAVReadResult@ReaderWriter@osgDB@@XZ 10011d00 f i main.obj
 0001:00010d20       ??E?$_Iterator@$00@?$list@VReadResult@ReaderWriter@osgDB@@V?$allocator@VReadResult@ReaderWriter@osgDB@@@std@@@std@@QAEAAV012@XZ 10011d20 f i main.obj
 0001:00010d40       ??0?$_Const_iterator@$00@?$list@VReadResult@ReaderWriter@osgDB@@V?$allocator@VReadResult@ReaderWriter@osgDB@@@std@@@std@@QAE@XZ 10011d40 f i main.obj
 0001:00010d60       ??8?$_Const_iterator@$00@?$list@VReadResult@ReaderWriter@osgDB@@V?$allocator@VReadResult@ReaderWriter@osgDB@@@std@@@std@@QBE_NABV012@@Z 10011d60 f i main.obj
 0001:00010dc0       ?_Nextnode@?$list@V?$basic_string@DU?$char_traits@D@std@@V?$allocator@D@2@@std@@V?$allocator@V?$basic_string@DU?$char_traits@D@std@@V?$allocator@D@2@@std@@@2@@std@@KAAAPAU_Node@?$_List_nod@V?$basic_string@DU?$char_traits@D@std@@V?$allocator@D@2@@std@@V?$allocator@V?$basic_string@DU?$char_traits@D@std@@V?$allocator@D@2@@std@@@2@@2@PAU342@@Z 10011dc0 f i main.obj
 0001:00010dd0       ?_Insert@?$list@V?$basic_string@DU?$char_traits@D@std@@V?$allocator@D@2@@std@@V?$allocator@V?$basic_string@DU?$char_traits@D@std@@V?$allocator@D@2@@std@@@2@@std@@QAEXV?$_Const_iterator@$00@12@ABV?$basic_string@DU?$char_traits@D@std@@V?$allocator@D@2@@2@@Z 10011dd0 f i main.obj
 0001:00010e50       ?_Buynode@?$list@V?$basic_string@DU?$char_traits@D@std@@V?$allocator@D@2@@std@@V?$allocator@V?$basic_string@DU?$char_traits@D@std@@V?$allocator@D@2@@std@@@2@@std@@IAEPAU_Node@?$_List_nod@V?$basic_string@DU?$char_traits@D@std@@V?$allocator@D@2@@std@@V?$allocator@V?$basic_string@DU?$char_traits@D@std@@V?$allocator@D@2@@std@@@2@@2@XZ 10011e50 f i main.obj
 0001:00010f50       ?_Tidy@?$list@V?$basic_string@DU?$char_traits@D@std@@V?$allocator@D@2@@std@@V?$allocator@V?$basic_string@DU?$char_traits@D@std@@V?$allocator@D@2@@std@@@2@@std@@IAEXXZ 10011f50 f i main.obj
 0001:00010fc0       ??0?$_List_val@V?$basic_string@DU?$char_traits@D@std@@V?$allocator@D@2@@std@@V?$allocator@V?$basic_string@DU?$char_traits@D@std@@V?$allocator@D@2@@std@@@2@@std@@QAE@V?$allocator@V?$basic_string@DU?$char_traits@D@std@@V?$allocator@D@2@@std@@@1@@Z 10011fc0 f i main.obj
 0001:00011000       ??0?$_Iterator@$00@?$list@V?$basic_string@DU?$char_traits@D@std@@V?$allocator@D@2@@std@@V?$allocator@V?$basic_string@DU?$char_traits@D@std@@V?$allocator@D@2@@std@@@2@@std@@QAE@PAU_Node@?$_List_nod@V?$basic_string@DU?$char_traits@D@std@@V?$allocator@D@2@@std@@V?$allocator@V?$basic_string@DU?$char_traits@D@std@@V?$allocator@D@2@@std@@@2@@2@PBV12@@Z 10012000 f i main.obj
 0001:00011020       ??8?$_Const_iterator@$00@?$list@V?$basic_string@DU?$char_traits@D@std@@V?$allocator@D@2@@std@@V?$allocator@V?$basic_string@DU?$char_traits@D@std@@V?$allocator@D@2@@std@@@2@@std@@QBE_NABV012@@Z 10012020 f i main.obj
 0001:00011080       ?_Nextnode@?$list@PAVZipEntry@@V?$allocator@PAVZipEntry@@@std@@@std@@KAAAPAU_Node@?$_List_nod@PAVZipEntry@@V?$allocator@PAVZipEntry@@@std@@@2@PAU342@@Z 10012080 f i main.obj
 0001:00011090       ?_Insert@?$list@PAVZipEntry@@V?$allocator@PAVZipEntry@@@std@@@std@@QAEXV?$_Const_iterator@$00@12@ABQAVZipEntry@@@Z 10012090 f i main.obj
 0001:00011110       ?_Buynode@?$list@PAVZipEntry@@V?$allocator@PAVZipEntry@@@std@@@std@@IAEPAU_Node@?$_List_nod@PAVZipEntry@@V?$allocator@PAVZipEntry@@@std@@@2@XZ 10012110 f i main.obj
 0001:00011210       ?_Tidy@?$list@PAVZipEntry@@V?$allocator@PAVZipEntry@@@std@@@std@@IAEXXZ 10012210 f i main.obj
 0001:00011280       ??0?$_List_val@PAVZipEntry@@V?$allocator@PAVZipEntry@@@std@@@std@@QAE@V?$allocator@PAVZipEntry@@@1@@Z 10012280 f i main.obj
 0001:000112c0       ??1?$_Container_base_aux_alloc_real@V?$allocator@PAVZipEntry@@@std@@@std@@IAE@XZ 100122c0 f i main.obj
 0001:00011320       ??0?$allocator@PAVZipEntry@@@std@@QAE@XZ 10012320 f i main.obj
 0001:00011330       ??0?$_Iterator@$00@?$list@PAVZipEntry@@V?$allocator@PAVZipEntry@@@std@@@std@@QAE@PAU_Node@?$_List_nod@PAVZipEntry@@V?$allocator@PAVZipEntry@@@std@@@2@PBV12@@Z 10012330 f i main.obj
 0001:00011350       ??E?$_Iterator@$00@?$list@PAVZipEntry@@V?$allocator@PAVZipEntry@@@std@@@std@@QAEAAV012@XZ 10012350 f i main.obj
 0001:00011370       ??0?$_Const_iterator@$00@?$list@PAVZipEntry@@V?$allocator@PAVZipEntry@@@std@@@std@@QAE@XZ 10012370 f i main.obj
 0001:00011390       ??D?$_Const_iterator@$00@?$list@PAVZipEntry@@V?$allocator@PAVZipEntry@@@std@@@std@@QBEABQAVZipEntry@@XZ 10012390 f i main.obj
 0001:000113f0       ??8?$_Const_iterator@$00@?$list@PAVZipEntry@@V?$allocator@PAVZipEntry@@@std@@@std@@QBE_NABV012@@Z 100123f0 f i main.obj
 0001:00011450       ?_Nextnode@?$list@U?$pair@V?$basic_string@DU?$char_traits@D@std@@V?$allocator@D@2@@std@@V12@@std@@V?$allocator@U?$pair@V?$basic_string@DU?$char_traits@D@std@@V?$allocator@D@2@@std@@V12@@std@@@2@@std@@KAAAPAU_Node@?$_List_nod@U?$pair@V?$basic_string@DU?$char_traits@D@std@@V?$allocator@D@2@@std@@V12@@std@@V?$allocator@U?$pair@V?$basic_string@DU?$char_traits@D@std@@V?$allocator@D@2@@std@@V12@@std@@@2@@2@PAU342@@Z 10012450 f i main.obj
 0001:00011460       ?_Insert@?$list@U?$pair@V?$basic_string@DU?$char_traits@D@std@@V?$allocator@D@2@@std@@V12@@std@@V?$allocator@U?$pair@V?$basic_string@DU?$char_traits@D@std@@V?$allocator@D@2@@std@@V12@@std@@@2@@std@@QAEXV?$_Const_iterator@$00@12@ABU?$pair@V?$basic_string@DU?$char_traits@D@std@@V?$allocator@D@2@@std@@V12@@2@@Z 10012460 f i main.obj
 0001:000114e0       ?erase@?$list@U?$pair@V?$basic_string@DU?$char_traits@D@std@@V?$allocator@D@2@@std@@V12@@std@@V?$allocator@U?$pair@V?$basic_string@DU?$char_traits@D@std@@V?$allocator@D@2@@std@@V12@@std@@@2@@std@@QAE?AV?$_Iterator@$00@12@V?$_Const_iterator@$00@12@@Z 100124e0 f i main.obj
 0001:000115b0       ?_Buynode@?$list@U?$pair@V?$basic_string@DU?$char_traits@D@std@@V?$allocator@D@2@@std@@V12@@std@@V?$allocator@U?$pair@V?$basic_string@DU?$char_traits@D@std@@V?$allocator@D@2@@std@@V12@@std@@@2@@std@@IAEPAU_Node@?$_List_nod@U?$pair@V?$basic_string@DU?$char_traits@D@std@@V?$allocator@D@2@@std@@V12@@std@@V?$allocator@U?$pair@V?$basic_string@DU?$char_traits@D@std@@V?$allocator@D@2@@std@@V12@@std@@@2@@2@XZ 100125b0 f i main.obj
 0001:000116b0       ?_Tidy@?$list@U?$pair@V?$basic_string@DU?$char_traits@D@std@@V?$allocator@D@2@@std@@V12@@std@@V?$allocator@U?$pair@V?$basic_string@DU?$char_traits@D@std@@V?$allocator@D@2@@std@@V12@@std@@@2@@std@@IAEXXZ 100126b0 f i main.obj
 0001:00011720       ??0?$_List_val@U?$pair@V?$basic_string@DU?$char_traits@D@std@@V?$allocator@D@2@@std@@V12@@std@@V?$allocator@U?$pair@V?$basic_string@DU?$char_traits@D@std@@V?$allocator@D@2@@std@@V12@@std@@@2@@std@@QAE@V?$allocator@U?$pair@V?$basic_string@DU?$char_traits@D@std@@V?$allocator@D@2@@std@@V12@@std@@@1@@Z 10012720 f i main.obj
 0001:00011760       ??1?$_Container_base_aux_alloc_real@V?$allocator@U?$pair@V?$basic_string@DU?$char_traits@D@std@@V?$allocator@D@2@@std@@V12@@std@@@std@@@std@@IAE@XZ 10012760 f i main.obj
 0001:000117c0       ??0?$allocator@U?$pair@V?$basic_string@DU?$char_traits@D@std@@V?$allocator@D@2@@std@@V12@@std@@@std@@QAE@XZ 100127c0 f i main.obj
 0001:000117d0       ??0?$_Iterator@$00@?$list@U?$pair@V?$basic_string@DU?$char_traits@D@std@@V?$allocator@D@2@@std@@V12@@std@@V?$allocator@U?$pair@V?$basic_string@DU?$char_traits@D@std@@V?$allocator@D@2@@std@@V12@@std@@@2@@std@@QAE@PAU_Node@?$_List_nod@U?$pair@V?$basic_string@DU?$char_traits@D@std@@V?$allocator@D@2@@std@@V12@@std@@V?$allocator@U?$pair@V?$basic_string@DU?$char_traits@D@std@@V?$allocator@D@2@@std@@V12@@std@@@2@@2@PBV12@@Z 100127d0 f i main.obj
 0001:000117f0       ??D?$_Iterator@$00@?$list@U?$pair@V?$basic_string@DU?$char_traits@D@std@@V?$allocator@D@2@@std@@V12@@std@@V?$allocator@U?$pair@V?$basic_string@DU?$char_traits@D@std@@V?$allocator@D@2@@std@@V12@@std@@@2@@std@@QBEAAU?$pair@V?$basic_string@DU?$char_traits@D@std@@V?$allocator@D@2@@std@@V12@@2@XZ 100127f0 f i main.obj
 0001:00011810       ??E?$_Iterator@$00@?$list@U?$pair@V?$basic_string@DU?$char_traits@D@std@@V?$allocator@D@2@@std@@V12@@std@@V?$allocator@U?$pair@V?$basic_string@DU?$char_traits@D@std@@V?$allocator@D@2@@std@@V12@@std@@@2@@std@@QAEAAV012@XZ 10012810 f i main.obj
 0001:00011830       ??0?$_Const_iterator@$00@?$list@U?$pair@V?$basic_string@DU?$char_traits@D@std@@V?$allocator@D@2@@std@@V12@@std@@V?$allocator@U?$pair@V?$basic_string@DU?$char_traits@D@std@@V?$allocator@D@2@@std@@V12@@std@@@2@@std@@QAE@XZ 10012830 f i main.obj
 0001:00011850       ??8?$_Const_iterator@$00@?$list@U?$pair@V?$basic_string@DU?$char_traits@D@std@@V?$allocator@D@2@@std@@V12@@std@@V?$allocator@U?$pair@V?$basic_string@DU?$char_traits@D@std@@V?$allocator@D@2@@std@@V12@@std@@@2@@std@@QBE_NABV012@@Z 10012850 f i main.obj
 0001:000118b0       ??D?$_Vector_iterator@IV?$allocator@I@std@@@std@@QBEAAIXZ 100128b0 f i main.obj
 0001:000118d0       ??D?$_Vector_const_iterator@IV?$allocator@I@std@@@std@@QBEABIXZ 100128d0 f i main.obj
 0001:00011910       ??0?$_Bidit@PAVGeometry@osg@@HPBQAV12@ABQAV12@@std@@QAE@XZ 10012910 f i main.obj
 0001:00011930       ??0?$_Bidit@VReadResult@ReaderWriter@osgDB@@HPBV123@ABV123@@std@@QAE@XZ 10012930 f i main.obj
 0001:00011950       ??0?$_Bidit@PAVZipEntry@@HPBQAV1@ABQAV1@@std@@QAE@XZ 10012950 f i main.obj
 0001:00011970       ??0?$_Bidit@U?$pair@V?$basic_string@DU?$char_traits@D@std@@V?$allocator@D@2@@std@@V12@@std@@HPBU12@ABU12@@std@@QAE@XZ 10012970 f i main.obj
 0001:00011990       ??0?$_Iterator_with_base@Ubidirectional_iterator_tag@std@@PAVGeometry@osg@@HPBQAV34@ABQAV34@V_Iterator_base_aux@2@@std@@QAE@XZ 10012990 f i main.obj
 0001:000119b0       ??0_Iterator_base_aux@std@@QAE@XZ 100129b0 f i main.obj
 0001:000119d0       ??0?$_Iterator_with_base@Ubidirectional_iterator_tag@std@@VReadResult@ReaderWriter@osgDB@@HPBV345@ABV345@V_Iterator_base_aux@2@@std@@QAE@XZ 100129d0 f i main.obj
 0001:000119f0       ??0?$_Iterator_with_base@Ubidirectional_iterator_tag@std@@PAVZipEntry@@HPBQAV3@ABQAV3@V_Iterator_base_aux@2@@std@@QAE@XZ 100129f0 f i main.obj
 0001:00011a10       ??0?$_Iterator_with_base@Ubidirectional_iterator_tag@std@@U?$pair@V?$basic_string@DU?$char_traits@D@std@@V?$allocator@D@2@@std@@V12@@2@HPBU32@ABU32@V_Iterator_base_aux@2@@std@@QAE@XZ 10012a10 f i main.obj
 0001:00011a30       ?deallocate@?$allocator@V_Aux_cont@std@@@std@@QAEXPAV_Aux_cont@2@I@Z 10012a30 f i main.obj
 0001:00011a50       ?_Make_iter@?$vector@IV?$allocator@I@std@@@std@@QBE?AV?$_Vector_iterator@IV?$allocator@I@std@@@2@V?$_Vector_const_iterator@IV?$allocator@I@std@@@2@@Z 10012a50 f i main.obj
 0001:00011a70       ?max_size@?$vector@IV?$allocator@I@std@@@std@@QBEIXZ 10012a70 f i main.obj
 0001:00011a90       ?_Insert_n@?$vector@IV?$allocator@I@std@@@std@@IAEXV?$_Vector_const_iterator@IV?$allocator@I@std@@@2@IABI@Z 10012a90 f i main.obj
 0001:00011e40       ?_Xlen@?$vector@IV?$allocator@I@std@@@std@@KAXXZ 10012e40 f i main.obj
 0001:00011ec0       ??0length_error@std@@QAE@ABV?$basic_string@DU?$char_traits@D@std@@V?$allocator@D@2@@1@@Z 10012ec0 f i main.obj
 0001:00011ef0       ??0logic_error@std@@QAE@ABV?$basic_string@DU?$char_traits@D@std@@V?$allocator@D@2@@1@@Z 10012ef0 f i main.obj
 0001:00011f60       ?what@logic_error@std@@UBEPBDXZ 10012f60 f i main.obj
 0001:00011f80       ??_Elogic_error@std@@UAEPAXI@Z 10012f80 f i main.obj
 0001:00011f80       ??_Glogic_error@std@@UAEPAXI@Z 10012f80 f i main.obj
 0001:00011fb0       ??1logic_error@std@@UAE@XZ 10012fb0 f i main.obj
 0001:00011fe0       ??1length_error@std@@UAE@XZ 10012fe0 f i main.obj
 0001:00012000       ??_Elength_error@std@@UAEPAXI@Z 10013000 f i main.obj
 0001:00012000       ??_Glength_error@std@@UAEPAXI@Z 10013000 f i main.obj
 0001:00012030       ??0logic_error@std@@QAE@ABV01@@Z 10013030 f i main.obj
 0001:000120b0       ??0length_error@std@@QAE@ABV01@@Z 100130b0 f i main.obj
 0001:000120e0       ??0?$_Container_base_aux_alloc_real@V?$allocator@I@std@@@std@@IAE@V?$allocator@I@1@@Z 100130e0 f i main.obj
 0001:000121a0       ??2@YAPAXIPAX@Z            100131a0 f i main.obj
 0001:000121b0       ??3@YAXPAX0@Z              100131b0 f i main.obj
 0001:000121c0       ??0_Aux_cont@std@@QAE@QBV_Container_base_aux@1@@Z 100131c0 f i main.obj
 0001:000121e0       ??0_Container_base_aux@std@@QAE@XZ 100131e0 f i main.obj
 0001:000121f0       ?allocate@?$allocator@I@std@@QAEPAII@Z 100131f0 f i main.obj
 0001:00012210       ??0?$allocator@V?$basic_string@DU?$char_traits@D@std@@V?$allocator@D@2@@std@@@std@@QAE@ABV01@@Z 10013210 f i main.obj
 0001:00012220       ?destroy@?$allocator@V?$basic_string@DU?$char_traits@D@std@@V?$allocator@D@2@@std@@@std@@QAEXPAV?$basic_string@DU?$char_traits@D@std@@V?$allocator@D@2@@2@@Z 10013220 f i main.obj
 0001:00012240       ?_Isnil@?$_Tree@V?$_Tmap_traits@V?$basic_string@DU?$char_traits@D@std@@V?$allocator@D@2@@std@@V12@U?$less@V?$basic_string@DU?$char_traits@D@std@@V?$allocator@D@2@@std@@@2@V?$allocator@U?$pair@$$CBV?$basic_string@DU?$char_traits@D@std@@V?$allocator@D@2@@std@@V12@@std@@@2@$0A@@std@@@std@@KAAADPAU_Node@?$_Tree_nod@V?$_Tmap_traits@V?$basic_string@DU?$char_traits@D@std@@V?$allocator@D@2@@std@@V12@U?$less@V?$basic_string@DU?$char_traits@D@std@@V?$allocator@D@2@@std@@@2@V?$allocator@U?$pair@$$CBV?$basic_string@DU?$char_traits@D@std@@V?$allocator@D@2@@std@@V12@@std@@@2@$0A@@std@@@2@@Z 10013240 f i main.obj
 0001:00012250       ?_Left@?$_Tree@V?$_Tmap_traits@V?$basic_string@DU?$char_traits@D@std@@V?$allocator@D@2@@std@@V12@U?$less@V?$basic_string@DU?$char_traits@D@std@@V?$allocator@D@2@@std@@@2@V?$allocator@U?$pair@$$CBV?$basic_string@DU?$char_traits@D@std@@V?$allocator@D@2@@std@@V12@@std@@@2@$0A@@std@@@std@@KAAAPAU_Node@?$_Tree_nod@V?$_Tmap_traits@V?$basic_string@DU?$char_traits@D@std@@V?$allocator@D@2@@std@@V12@U?$less@V?$basic_string@DU?$char_traits@D@std@@V?$allocator@D@2@@std@@@2@V?$allocator@U?$pair@$$CBV?$basic_string@DU?$char_traits@D@std@@V?$allocator@D@2@@std@@V12@@std@@@2@$0A@@std@@@2@PAU342@@Z 10013250 f i main.obj
 0001:00012260       ?_Parent@?$_Tree@V?$_Tmap_traits@V?$basic_string@DU?$char_traits@D@std@@V?$allocator@D@2@@std@@V12@U?$less@V?$basic_string@DU?$char_traits@D@std@@V?$allocator@D@2@@std@@@2@V?$allocator@U?$pair@$$CBV?$basic_string@DU?$char_traits@D@std@@V?$allocator@D@2@@std@@V12@@std@@@2@$0A@@std@@@std@@KAAAPAU_Node@?$_Tree_nod@V?$_Tmap_traits@V?$basic_string@DU?$char_traits@D@std@@V?$allocator@D@2@@std@@V12@U?$less@V?$basic_string@DU?$char_traits@D@std@@V?$allocator@D@2@@std@@@2@V?$allocator@U?$pair@$$CBV?$basic_string@DU?$char_traits@D@std@@V?$allocator@D@2@@std@@V12@@std@@@2@$0A@@std@@@2@PAU342@@Z 10013260 f i main.obj
 0001:00012270       ?_Right@?$_Tree@V?$_Tmap_traits@V?$basic_string@DU?$char_traits@D@std@@V?$allocator@D@2@@std@@V12@U?$less@V?$basic_string@DU?$char_traits@D@std@@V?$allocator@D@2@@std@@@2@V?$allocator@U?$pair@$$CBV?$basic_string@DU?$char_traits@D@std@@V?$allocator@D@2@@std@@V12@@std@@@2@$0A@@std@@@std@@KAAAPAU_Node@?$_Tree_nod@V?$_Tmap_traits@V?$basic_string@DU?$char_traits@D@std@@V?$allocator@D@2@@std@@V12@U?$less@V?$basic_string@DU?$char_traits@D@std@@V?$allocator@D@2@@std@@@2@V?$allocator@U?$pair@$$CBV?$basic_string@DU?$char_traits@D@std@@V?$allocator@D@2@@std@@V12@@std@@@2@$0A@@std@@@2@PAU342@@Z 10013270 f i main.obj
 0001:00012280       ?_Myval@?$_Tree@V?$_Tmap_traits@V?$basic_string@DU?$char_traits@D@std@@V?$allocator@D@2@@std@@V12@U?$less@V?$basic_string@DU?$char_traits@D@std@@V?$allocator@D@2@@std@@@2@V?$allocator@U?$pair@$$CBV?$basic_string@DU?$char_traits@D@std@@V?$allocator@D@2@@std@@V12@@std@@@2@$0A@@std@@@std@@KAAAU?$pair@$$CBV?$basic_string@DU?$char_traits@D@std@@V?$allocator@D@2@@std@@V12@@2@PAU_Node@?$_Tree_nod@V?$_Tmap_traits@V?$basic_string@DU?$char_traits@D@std@@V?$allocator@D@2@@std@@V12@U?$less@V?$basic_string@DU?$char_traits@D@std@@V?$allocator@D@2@@std@@@2@V?$allocator@U?$pair@$$CBV?$basic_string@DU?$char_traits@D@std@@V?$allocator@D@2@@std@@V12@@std@@@2@$0A@@std@@@2@@Z 10013280 f i main.obj
 0001:00012290       ?_Make_iter@?$_Tree@V?$_Tmap_traits@V?$basic_string@DU?$char_traits@D@std@@V?$allocator@D@2@@std@@V12@U?$less@V?$basic_string@DU?$char_traits@D@std@@V?$allocator@D@2@@std@@@2@V?$allocator@U?$pair@$$CBV?$basic_string@DU?$char_traits@D@std@@V?$allocator@D@2@@std@@V12@@std@@@2@$0A@@std@@@std@@QBE?AViterator@12@Vconst_iterator@12@@Z 10013290 f i main.obj
 0001:000122c0       ?size@?$_Tree@V?$_Tmap_traits@V?$basic_string@DU?$char_traits@D@std@@V?$allocator@D@2@@std@@V12@U?$less@V?$basic_string@DU?$char_traits@D@std@@V?$allocator@D@2@@std@@@2@V?$allocator@U?$pair@$$CBV?$basic_string@DU?$char_traits@D@std@@V?$allocator@D@2@@std@@V12@@std@@@2@$0A@@std@@@std@@QBEIXZ 100132c0 f i main.obj
 0001:000122e0       ?insert@?$_Tree@V?$_Tmap_traits@V?$basic_string@DU?$char_traits@D@std@@V?$allocator@D@2@@std@@V12@U?$less@V?$basic_string@DU?$char_traits@D@std@@V?$allocator@D@2@@std@@@2@V?$allocator@U?$pair@$$CBV?$basic_string@DU?$char_traits@D@std@@V?$allocator@D@2@@std@@V12@@std@@@2@$0A@@std@@@std@@QAE?AU?$pair@Viterator@?$_Tree@V?$_Tmap_traits@V?$basic_string@DU?$char_traits@D@std@@V?$allocator@D@2@@std@@V12@U?$less@V?$basic_string@DU?$char_traits@D@std@@V?$allocator@D@2@@std@@@2@V?$allocator@U?$pair@$$CBV?$basic_string@DU?$char_traits@D@std@@V?$allocator@D@2@@std@@V12@@std@@@2@$0A@@std@@@std@@_N@2@ABU?$pair@$$CBV?$basic_string@DU?$char_traits@D@std@@V?$allocator@D@2@@std@@V12@@2@@Z 100132e0 f i main.obj
 0001:000124b0       ?erase@?$_Tree@V?$_Tmap_traits@V?$basic_string@DU?$char_traits@D@std@@V?$allocator@D@2@@std@@V12@U?$less@V?$basic_string@DU?$char_traits@D@std@@V?$allocator@D@2@@std@@@2@V?$allocator@U?$pair@$$CBV?$basic_string@DU?$char_traits@D@std@@V?$allocator@D@2@@std@@V12@@std@@@2@$0A@@std@@@std@@QAE?AViterator@12@Vconst_iterator@12@@Z 100134b0 f i main.obj
 0001:00012c90       ??0out_of_range@std@@QAE@ABV?$basic_string@DU?$char_traits@D@std@@V?$allocator@D@2@@1@@Z 10013c90 f i main.obj
 0001:00012cc0       ??1out_of_range@std@@UAE@XZ 10013cc0 f i main.obj
 0001:00012ce0       ??_Gout_of_range@std@@UAEPAXI@Z 10013ce0 f i main.obj
 0001:00012ce0       ??_Eout_of_range@std@@UAEPAXI@Z 10013ce0 f i main.obj
 0001:00012d10       ??0out_of_range@std@@QAE@ABV01@@Z 10013d10 f i main.obj
 0001:00012d40       ?clear@?$_Tree@V?$_Tmap_traits@V?$basic_string@DU?$char_traits@D@std@@V?$allocator@D@2@@std@@V12@U?$less@V?$basic_string@DU?$char_traits@D@std@@V?$allocator@D@2@@std@@@2@V?$allocator@U?$pair@$$CBV?$basic_string@DU?$char_traits@D@std@@V?$allocator@D@2@@std@@V12@@std@@@2@$0A@@std@@@std@@QAEXXZ 10013d40 f i main.obj
[...]
 0001:0002d009       __ehhandler$?_Incsize@?$list@PAVGeometry@osg@@V?$allocator@PAVGeometry@osg@@@std@@@std@@IAEXI@Z 1002e009 f   main.obj
 0001:0002d030       __ehhandler$?_Buynode@?$list@VReadResult@ReaderWriter@osgDB@@V?$allocator@VReadResult@ReaderWriter@osgDB@@@std@@@std@@IAEPAU_Node@?$_List_nod@VReadResult@ReaderWriter@osgDB@@V?$allocator@VReadResult@ReaderWriter@osgDB@@@std@@@2@PAU342@0ABVReadResult@ReaderWriter@osgDB@@@Z 1002e030 f   main.obj
 0001:0002d050       __unwindfunclet$?_Incsize@?$list@VReadResult@ReaderWriter@osgDB@@V?$allocator@VReadResult@ReaderWriter@osgDB@@@std@@@std@@IAEXI@Z$0 1002e050 f   main.obj
 0001:0002d059       __ehhandler$?_Incsize@?$list@VReadResult@ReaderWriter@osgDB@@V?$allocator@VReadResult@ReaderWriter@osgDB@@@std@@@std@@IAEXI@Z 1002e059 f   main.obj
 0001:0002d080       __ehhandler$?_Buynode@?$list@V?$basic_string@DU?$char_traits@D@std@@V?$allocator@D@2@@std@@V?$allocator@V?$basic_string@DU?$char_traits@D@std@@V?$allocator@D@2@@std@@@2@@std@@IAEPAU_Node@?$_List_nod@V?$basic_string@DU?$char_traits@D@std@@V?$allocator@D@2@@std@@V?$allocator@V?$basic_string@DU?$char_traits@D@std@@V?$allocator@D@2@@std@@@2@@2@PAU342@0ABV?$basic_string@DU?$char_traits@D@std@@V?$allocator@D@2@@2@@Z 1002e080 f   main.obj
 0001:0002d0a0       __unwindfunclet$?_Incsize@?$list@V?$basic_string@DU?$char_traits@D@std@@V?$allocator@D@2@@std@@V?$allocator@V?$basic_string@DU?$char_traits@D@std@@V?$allocator@D@2@@std@@@2@@std@@IAEXI@Z$0 1002e0a0 f   main.obj
 0001:0002d0a9       __ehhandler$?_Incsize@?$list@V?$basic_string@DU?$char_traits@D@std@@V?$allocator@D@2@@std@@V?$allocator@V?$basic_string@DU?$char_traits@D@std@@V?$allocator@D@2@@std@@@2@@std@@IAEXI@Z 1002e0a9 f   main.obj
 0001:0002d0d0       __ehhandler$?_Buynode@?$list@PAVZipEntry@@V?$allocator@PAVZipEntry@@@std@@@std@@IAEPAU_Node@?$_List_nod@PAVZipEntry@@V?$allocator@PAVZipEntry@@@std@@@2@PAU342@0ABQAVZipEntry@@@Z 1002e0d0 f   main.obj
 0001:0002d0f0       __unwindfunclet$?_Incsize@?$list@PAVZipEntry@@V?$allocator@PAVZipEntry@@@std@@@std@@IAEXI@Z$0 1002e0f0 f   main.obj
 0001:0002d0f9       __ehhandler$?_Incsize@?$list@PAVZipEntry@@V?$allocator@PAVZipEntry@@@std@@@std@@IAEXI@Z 1002e0f9 f   main.obj
 0001:0002d120       __ehhandler$?_Buynode@?$list@U?$pair@V?$basic_string@DU?$char_traits@D@std@@V?$allocator@D@2@@std@@V12@@std@@V?$allocator@U?$pair@V?$basic_string@DU?$char_traits@D@std@@V?$allocator@D@2@@std@@V12@@std@@@2@@std@@IAEPAU_Node@?$_List_nod@U?$pair@V?$basic_string@DU?$char_traits@D@std@@V?$allocator@D@2@@std@@V12@@std@@V?$allocator@U?$pair@V?$basic_string@DU?$char_traits@D@std@@V?$allocator@D@2@@std@@V12@@std@@@2@@2@PAU342@0ABU?$pair@V?$basic_string@DU?$char_traits@D@std@@V?$allocator@D@2@@std@@V12@@2@@Z 1002e120 f   main.obj
 0001:0002d140       __unwindfunclet$?_Incsize@?$list@U?$pair@V?$basic_string@DU?$char_traits@D@std@@V?$allocator@D@2@@std@@V12@@std@@V?$allocator@U?$pair@V?$basic_string@DU?$char_traits@D@std@@V?$allocator@D@2@@std@@V12@@std@@@2@@std@@IAEXI@Z$0 1002e140 f   main.obj
 0001:0002d149       __ehhandler$?_Incsize@?$list@U?$pair@V?$basic_string@DU?$char_traits@D@std@@V?$allocator@D@2@@std@@V12@@std@@V?$allocator@U?$pair@V?$basic_string@DU?$char_traits@D@std@@V?$allocator@D@2@@std@@V12@@std@@@2@@std@@IAEXI@Z 1002e149 f   main.obj
 0001:0002d170       __unwindfunclet$?_Buynode@?$_Tree@V?$_Tmap_traits@V?$basic_string@DU?$char_traits@D@std@@V?$allocator@D@2@@std@@V12@U?$less@V?$basic_string@DU?$char_traits@D@std@@V?$allocator@D@2@@std@@@2@V?$allocator@U?$pair@$$CBV?$basic_string@DU?$char_traits@D@std@@V?$allocator@D@2@@std@@V12@@std@@@2@$0A@@std@@@std@@IAEPAU_Node@?$_Tree_nod@V?$_Tmap_traits@V?$basic_string@DU?$char_traits@D@std@@V?$allocator@D@2@@std@@V12@U?$less@V?$basic_string@DU?$char_traits@D@std@@V?$allocator@D@2@@std@@@2@V?$allocator@U?$pair@$$CBV?$basic_string@DU?$char_traits@D@std@@V?$allocator@D@2@@std@@V12@@std@@@2@$0A@@std@@@2@PAU342@00ABU?$pair@$$CBV?$basic_string@DU?$char_traits@D@std@@V?$allocator@D@2@@std@@V12@@2@D@Z$2 1002e170 f   main.obj
 0001:0002d181       __ehhandler$?_Buynode@?$_Tree@V?$_Tmap_traits@V?$basic_string@DU?$char_traits@D@std@@V?$allocator@D@2@@std@@V12@U?$less@V?$basic_string@DU?$char_traits@D@std@@V?$allocator@D@2@@std@@@2@V?$allocator@U?$pair@$$CBV?$basic_string@DU?$char_traits@D@std@@V?$allocator@D@2@@std@@V12@@std@@@2@$0A@@std@@@std@@IAEPAU_Node@?$_Tree_nod@V?$_Tmap_traits@V?$basic_string@DU?$char_traits@D@std@@V?$allocator@D@2@@std@@V12@U?$less@V?$basic_string@DU?$char_traits@D@std@@V?$allocator@D@2@@std@@@2@V?$allocator@U?$pair@$$CBV?$basic_string@DU?$char_traits@D@std@@V?$allocator@D@2@@std@@V12@@std@@@2@$0A@@std@@@2@PAU342@00ABU?$pair@$$CBV?$basic_string@DU?$char_traits@D@std@@V?$allocator@D@2@@std@@V12@@2@D@Z 1002e181 f   main.obj
 0001:0002d1a0       __unwindfunclet$??0?$_Container_base_aux_alloc_real@V?$allocator@PAVGeometry@osg@@@std@@@std@@IAE@V?$allocator@PAVGeometry@osg@@@1@@Z$0 1002e1a0 f   main.obj
 0001:0002d1a8       __unwindfunclet$??0?$_Container_base_aux_alloc_real@V?$allocator@PAVGeometry@osg@@@std@@@std@@IAE@V?$allocator@PAVGeometry@osg@@@1@@Z$1 1002e1a8 f   main.obj
 0001:0002d1b9       __ehhandler$??0?$_Container_base_aux_alloc_real@V?$allocator@PAVGeometry@osg@@@std@@@std@@IAE@V?$allocator@PAVGeometry@osg@@@1@@Z 1002e1b9 f   main.obj
 0001:0002d1e0       __unwindfunclet$??0?$_Container_base_aux_alloc_real@V?$allocator@VReadResult@ReaderWriter@osgDB@@@std@@@std@@IAE@V?$allocator@VReadResult@ReaderWriter@osgDB@@@1@@Z$0 1002e1e0 f   main.obj
 0001:0002d1e8       __unwindfunclet$??0?$_Container_base_aux_alloc_real@V?$allocator@VReadResult@ReaderWriter@osgDB@@@std@@@std@@IAE@V?$allocator@VReadResult@ReaderWriter@osgDB@@@1@@Z$1 1002e1e8 f   main.obj
 0001:0002d1f9       __ehhandler$??0?$_Container_base_aux_alloc_real@V?$allocator@VReadResult@ReaderWriter@osgDB@@@std@@@std@@IAE@V?$allocator@VReadResult@ReaderWriter@osgDB@@@1@@Z 1002e1f9 f   main.obj
 0001:0002d220       __unwindfunclet$??0?$_Container_base_aux_alloc_real@V?$allocator@PAVZipEntry@@@std@@@std@@IAE@V?$allocator@PAVZipEntry@@@1@@Z$0 1002e220 f   main.obj
 0001:0002d228       __unwindfunclet$??0?$_Container_base_aux_alloc_real@V?$allocator@PAVZipEntry@@@std@@@std@@IAE@V?$allocator@PAVZipEntry@@@1@@Z$1 1002e228 f   main.obj
 0001:0002d239       __ehhandler$??0?$_Container_base_aux_alloc_real@V?$allocator@PAVZipEntry@@@std@@@std@@IAE@V?$allocator@PAVZipEntry@@@1@@Z 1002e239 f   main.obj
 0001:0002d260       __unwindfunclet$??0?$_Container_base_aux_alloc_real@V?$allocator@U?$pair@V?$basic_string@DU?$char_traits@D@std@@V?$allocator@D@2@@std@@V12@@std@@@std@@@std@@IAE@V?$allocator@U?$pair@V?$basic_string@DU?$char_traits@D@std@@V?$allocator@D@2@@std@@V12@@std@@@1@@Z$0 1002e260 f   main.obj
 0001:0002d268       __unwindfunclet$??0?$_Container_base_aux_alloc_real@V?$allocator@U?$pair@V?$basic_string@DU?$char_traits@D@std@@V?$allocator@D@2@@std@@V12@@std@@@std@@@std@@IAE@V?$allocator@U?$pair@V?$basic_string@DU?$char_traits@D@std@@V?$allocator@D@2@@std@@V12@@std@@@1@@Z$1 1002e268 f   main.obj
 0001:0002d279       __ehhandler$??0?$_Container_base_aux_alloc_real@V?$allocator@U?$pair@V?$basic_string@DU?$char_traits@D@std@@V?$allocator@D@2@@std@@V12@@std@@@std@@@std@@IAE@V?$allocator@U?$pair@V?$basic_string@DU?$char_traits@D@std@@V?$allocator@D@2@@std@@V12@@std@@@1@@Z 1002e279 f   main.obj
 0001:0002d2a0       __unwindfunclet$??0?$pair@$$CBV?$basic_string@DU?$char_traits@D@std@@V?$allocator@D@2@@std@@V12@@std@@QAE@ABU01@@Z$0 1002e2a0 f   main.obj
 0001:0002d2a9       __ehhandler$??0?$pair@$$CBV?$basic_string@DU?$char_traits@D@std@@V?$allocator@D@2@@std@@V12@@std@@QAE@ABU01@@Z 1002e2a9 f   main.obj
 0001:0002d2d0       __unwindfunclet$??0?$_Container_base_aux_alloc_real@V?$allocator@U?$pair@$$CBV?$basic_string@DU?$char_traits@D@std@@V?$allocator@D@2@@std@@V12@@std@@@std@@@std@@IAE@V?$allocator@U?$pair@$$CBV?$basic_string@DU?$char_traits@D@std@@V?$allocator@D@2@@std@@V12@@std@@@1@@Z$0 1002e2d0 f   main.obj
 0001:0002d2d8       __unwindfunclet$??0?$_Container_base_aux_alloc_real@V?$allocator@U?$pair@$$CBV?$basic_string@DU?$char_traits@D@std@@V?$allocator@D@2@@std@@V12@@std@@@std@@@std@@IAE@V?$allocator@U?$pair@$$CBV?$basic_string@DU?$char_traits@D@std@@V?$allocator@D@2@@std@@V12@@std@@@1@@Z$1 1002e2d8 f   main.obj
 0001:0002d2e9       __ehhandler$??0?$_Container_base_aux_alloc_real@V?$allocator@U?$pair@$$CBV?$basic_string@DU?$char_traits@D@std@@V?$allocator@D@2@@std@@V12@@std@@@std@@@std@@IAE@V?$allocator@U?$pair@$$CBV?$basic_string@DU?$char_traits@D@std@@V?$allocator@D@2@@std@@V12@@std@@@1@@Z 1002e2e9 f   main.obj
 0001:0002d310       __unwindfunclet$??$?6U?$char_traits@D@std@@@std@@YAAAV?$basic_ostream@DU?$char_traits@D@std@@@0@AAV10@PBD@Z$2 1002e310 f   main.obj
 0001:0002d318       __ehhandler$??$?6U?$char_traits@D@std@@@std@@YAAAV?$basic_ostream@DU?$char_traits@D@std@@@0@AAV10@PBD@Z 1002e318 f   main.obj
 0001:0002d340       __unwindfunclet$??0sentry@?$basic_ostream@DU?$char_traits@D@std@@@std@@QAE@AAV12@@Z$0 1002e340 f   main.obj
 0001:0002d348       __ehhandler$??0sentry@?$basic_ostream@DU?$char_traits@D@std@@@std@@QAE@AAV12@@Z 1002e348 f   main.obj
 0001:0002d370       __unwindfunclet$??1sentry@?$basic_ostream@DU?$char_traits@D@std@@@std@@QAE@XZ$0 1002e370 f   main.obj
 0001:0002d378       __ehhandler$??1sentry@?$basic_ostream@DU?$char_traits@D@std@@@std@@QAE@XZ 1002e378 f   main.obj
 0001:0002d3a0       __unwindfunclet$??$ProcessSinglePPrim@VDrawElementsUShort@osg@@@Triangulator@@AAEXPAVGeometry@osg@@HPAVPrimitiveSet@2@@Z$0 1002e3a0 f   main.obj
 0001:0002d3a8       __unwindfunclet$??$ProcessSinglePPrim@VDrawElementsUShort@osg@@@Triangulator@@AAEXPAVGeometry@osg@@HPAVPrimitiveSet@2@@Z$1 1002e3a8 f   main.obj
 0001:0002d3b3       __unwindfunclet$??$ProcessSinglePPrim@VDrawElementsUShort@osg@@@Triangulator@@AAEXPAVGeometry@osg@@HPAVPrimitiveSet@2@@Z$3 1002e3b3 f   main.obj
 0001:0002d3be       __ehhandler$??$ProcessSinglePPrim@VDrawElementsUShort@osg@@@Triangulator@@AAEXPAVGeometry@osg@@HPAVPrimitiveSet@2@@Z 1002e3be f   main.obj
 0001:0002d3e0       __unwindfunclet$??$ProcessSinglePPrim@VDrawElementsUInt@osg@@@Triangulator@@AAEXPAVGeometry@osg@@HPAVPrimitiveSet@2@@Z$0 1002e3e0 f   main.obj
 0001:0002d3e8       __unwindfunclet$??$ProcessSinglePPrim@VDrawElementsUInt@osg@@@Triangulator@@AAEXPAVGeometry@osg@@HPAVPrimitiveSet@2@@Z$1 1002e3e8 f   main.obj
 0001:0002d3f3       __unwindfunclet$??$ProcessSinglePPrim@VDrawElementsUInt@osg@@@Triangulator@@AAEXPAVGeometry@osg@@HPAVPrimitiveSet@2@@Z$3 1002e3f3 f   main.obj
 0001:0002d3fe       __ehhandler$??$ProcessSinglePPrim@VDrawElementsUInt@osg@@@Triangulator@@AAEXPAVGeometry@osg@@HPAVPrimitiveSet@2@@Z 1002e3fe f   main.obj
 0001:0002d420       __unwindfunclet$??$ProcessSinglePPrim@VDrawElementsUByte@osg@@@Triangulator@@AAEXPAVGeometry@osg@@HPAVPrimitiveSet@2@@Z$0 1002e420 f   main.obj
 0001:0002d428       __unwindfunclet$??$ProcessSinglePPrim@VDrawElementsUByte@osg@@@Triangulator@@AAEXPAVGeometry@osg@@HPAVPrimitiveSet@2@@Z$1 1002e428 f   main.obj
 0001:0002d433       __unwindfunclet$??$ProcessSinglePPrim@VDrawElementsUByte@osg@@@Triangulator@@AAEXPAVGeometry@osg@@HPAVPrimitiveSet@2@@Z$3 1002e433 f   main.obj
 0001:0002d43e       __ehhandler$??$ProcessSinglePPrim@VDrawElementsUByte@osg@@@Triangulator@@AAEXPAVGeometry@osg@@HPAVPrimitiveSet@2@@Z 1002e43e f   main.obj
 0001:0002d460       __unwindfunclet$??$ProcessTriStrip@VDrawElementsUInt@osg@@@Triangulator@@AAEXPAVDrawElementsUInt@osg@@V?$vector@HV?$allocator@H@std@@@std@@@Z$0 1002e460 f   main.obj
 0001:0002d468       __ehhandler$??$ProcessTriStrip@VDrawElementsUInt@osg@@@Triangulator@@AAEXPAVDrawElementsUInt@osg@@V?$vector@HV?$allocator@H@std@@@std@@@Z 1002e468 f   main.obj
 0001:0002d490       __unwindfunclet$??$ProcessTriFan@VDrawElementsUInt@osg@@@Triangulator@@AAEXPAVDrawElementsUInt@osg@@V?$vector@HV?$allocator@H@std@@@std@@@Z$0 1002e490 f   main.obj
 0001:0002d498       __ehhandler$??$ProcessTriFan@VDrawElementsUInt@osg@@@Triangulator@@AAEXPAVDrawElementsUInt@osg@@V?$vector@HV?$allocator@H@std@@@std@@@Z 1002e498 f   main.obj
 0001:0002d4c0       __unwindfunclet$??$toString@M@@YA?AV?$basic_string@DU?$char_traits@D@std@@V?$allocator@D@2@@std@@ABM@Z$0 1002e4c0 f   main.obj
 0001:0002d4cc       __unwindfunclet$??$toString@M@@YA?AV?$basic_string@DU?$char_traits@D@std@@V?$allocator@D@2@@std@@ABM@Z$1 1002e4cc f   main.obj
 0001:0002d4ec       __ehhandler$??$toString@M@@YA?AV?$basic_string@DU?$char_traits@D@std@@V?$allocator@D@2@@std@@ABM@Z 1002e4ec f   main.obj
 0001:0002d510       __unwindfunclet$??$toString@W4domUpAxisType@@@@YA?AV?$basic_string@DU?$char_traits@D@std@@V?$allocator@D@2@@std@@ABW4domUpAxisType@@@Z$0 1002e510 f   main.obj
 0001:0002d51c       __unwindfunclet$??$toString@W4domUpAxisType@@@@YA?AV?$basic_string@DU?$char_traits@D@std@@V?$allocator@D@2@@std@@ABW4domUpAxisType@@@Z$1 1002e51c f   main.obj
 0001:0002d53c       __ehhandler$??$toString@W4domUpAxisType@@@@YA?AV?$basic_string@DU?$char_traits@D@std@@V?$allocator@D@2@@std@@ABW4domUpAxisType@@@Z 1002e53c f   main.obj
 0001:0002d560       __unwindfunclet$??$toString@H@@YA?AV?$basic_string@DU?$char_traits@D@std@@V?$allocator@D@2@@std@@ABH@Z$0 1002e560 f   main.obj
 0001:0002d56c       __unwindfunclet$??$toString@H@@YA?AV?$basic_string@DU?$char_traits@D@std@@V?$allocator@D@2@@std@@ABH@Z$1 1002e56c f   main.obj
 0001:0002d58c       __ehhandler$??$toString@H@@YA?AV?$basic_string@DU?$char_traits@D@std@@V?$allocator@D@2@@std@@ABH@Z 1002e58c f   main.obj
 0001:0002d5b0       __unwindfunclet$??$_Construct@V?$basic_string@DU?$char_traits@D@std@@V?$allocator@D@2@@std@@V12@@std@@YAXPAV?$basic_string@DU?$char_traits@D@std@@V?$allocator@D@2@@0@ABV10@@Z$0 1002e5b0 f   main.obj
 0001:0002d5c1       __ehhandler$??$_Construct@V?$basic_string@DU?$char_traits@D@std@@V?$allocator@D@2@@std@@V12@@std@@YAXPAV?$basic_string@DU?$char_traits@D@std@@V?$allocator@D@2@@0@ABV10@@Z 1002e5c1 f   main.obj
 0001:0002d5e0       __unwindfunclet$??$_Construct@VReadResult@ReaderWriter@osgDB@@V123@@std@@YAXPAVReadResult@ReaderWriter@osgDB@@ABV123@@Z$0 1002e5e0 f   main.obj
 0001:0002d5f1       __ehhandler$??$_Construct@VReadResult@ReaderWriter@osgDB@@V123@@std@@YAXPAVReadResult@ReaderWriter@osgDB@@ABV123@@Z 1002e5f1 f   main.obj
 0001:0002d610       __unwindfunclet$??$_Construct@U?$pair@V?$basic_string@DU?$char_traits@D@std@@V?$allocator@D@2@@std@@V12@@std@@U12@@std@@YAXPAU?$pair@V?$basic_string@DU?$char_traits@D@std@@V?$allocator@D@2@@std@@V12@@0@ABU10@@Z$0 1002e610 f   main.obj
 0001:0002d621       __ehhandler$??$_Construct@U?$pair@V?$basic_string@DU?$char_traits@D@std@@V?$allocator@D@2@@std@@V12@@std@@U12@@std@@YAXPAU?$pair@V?$basic_string@DU?$char_traits@D@std@@V?$allocator@D@2@@std@@V12@@0@ABU10@@Z 1002e621 f   main.obj
 0001:0002d640       __unwindfunclet$??$ProcessTriStrip@VDrawElementsUShort@osg@@@Triangulator@@AAEXPAVDrawElementsUShort@osg@@V?$vector@HV?$allocator@H@std@@@std@@@Z$0 1002e640 f   main.obj
 0001:0002d648       __ehhandler$??$ProcessTriStrip@VDrawElementsUShort@osg@@@Triangulator@@AAEXPAVDrawElementsUShort@osg@@V?$vector@HV?$allocator@H@std@@@std@@@Z 1002e648 f   main.obj
 0001:0002d670       __unwindfunclet$??$ProcessTriFan@VDrawElementsUShort@osg@@@Triangulator@@AAEXPAVDrawElementsUShort@osg@@V?$vector@HV?$allocator@H@std@@@std@@@Z$0 1002e670 f   main.obj
 0001:0002d678       __ehhandler$??$ProcessTriFan@VDrawElementsUShort@osg@@@Triangulator@@AAEXPAVDrawElementsUShort@osg@@V?$vector@HV?$allocator@H@std@@@std@@@Z 1002e678 f   main.obj
 0001:0002d6a0       __unwindfunclet$??$ProcessTriStrip@VDrawElementsUByte@osg@@@Triangulator@@AAEXPAVDrawElementsUByte@osg@@V?$vector@HV?$allocator@H@std@@@std@@@Z$0 1002e6a0 f   main.obj
 0001:0002d6a8       __ehhandler$??$ProcessTriStrip@VDrawElementsUByte@osg@@@Triangulator@@AAEXPAVDrawElementsUByte@osg@@V?$vector@HV?$allocator@H@std@@@std@@@Z 1002e6a8 f   main.obj
 0001:0002d6d0       __unwindfunclet$??$ProcessTriFan@VDrawElementsUByte@osg@@@Triangulator@@AAEXPAVDrawElementsUByte@osg@@V?$vector@HV?$allocator@H@std@@@std@@@Z$0 1002e6d0 f   main.obj
 0001:0002d6d8       __ehhandler$??$ProcessTriFan@VDrawElementsUByte@osg@@@Triangulator@@AAEXPAVDrawElementsUByte@osg@@V?$vector@HV?$allocator@H@std@@@std@@@Z 1002e6d8 f   main.obj
 0001:0002d700       __ehhandler$??$_Construct@V?$_String_iterator@_WU?$char_traits@_W@std@@V?$allocator@_W@2@@std@@@?$basic_string@DU?$char_traits@D@std@@V?$allocator@D@2@@std@@QAEXV?$_String_iterator@_WU?$char_traits@_W@std@@V?$allocator@_W@2@@1@0Uforward_iterator_tag@1@@Z 1002e700 f   main.obj
 0001:0002d720       __ehhandler$??$_Construct@V?$_String_iterator@DU?$char_traits@D@std@@V?$allocator@D@2@@std@@@?$basic_string@_WU?$char_traits@_W@std@@V?$allocator@_W@2@@std@@QAEXV?$_String_iterator@DU?$char_traits@D@std@@V?$allocator@D@2@@1@0Uforward_iterator_tag@1@@Z 1002e720 f   main.obj
 0001:0002d740       __unwindfunclet$?OpenZipInternal@@YAPAUHZIP__@@PAXIKPBD@Z$0 1002e740 f   unzip.obj
 0001:0002d74b       __ehhandler$?OpenZipInternal@@YAPAUHZIP__@@PAXIKPBD@Z 1002e74b f   unzip.obj
 0001:0002d770       __unwindfunclet$?ideflate@TZip@@QAEKPAUzlist@@@Z$0 1002e770 f   zip.obj
 0001:0002d77b       __ehhandler$?ideflate@TZip@@QAEKPAUzlist@@@Z 1002e77b f   zip.obj
 0001:0002d796       __unwindfunclet$?CreateZipInternal@@YAPAUHZIP__@@PAXIKPBD@Z$0 1002e796 f   zip.obj
 0001:0002d7a1       __ehhandler$?CreateZipInternal@@YAPAUHZIP__@@PAXIKPBD@Z 1002e7a1 f   zip.obj
 0001:0002d7c0       ??__EINVLN_2@osg@@YAXXZ    1002e7c0 f   main.obj
 0001:0002d7e0       ??__EX_AXIS@osg@@YAXXZ     1002e7e0 f   main.obj
 0001:0002d810       ??__EY_AXIS@osg@@YAXXZ     1002e810 f   main.obj
 0001:0002d840       ??__EZ_AXIS@osg@@YAXXZ     1002e840 f   main.obj
 0001:0002d870       ??__EdefaultProp@osgDB@@YAXXZ 1002e870 f   main.obj
 0001:0002d8a0       ??__EBEGIN_BRACKET@osgDB@@YAXXZ 1002e8a0 f   main.obj
 0001:0002d8d0       ??__EEND_BRACKET@osgDB@@YAXXZ 1002e8d0 f   main.obj
 0001:0002d900       ??__EgParserDir@@YAXXZ     1002e900 f   main.obj
 0001:0002d920       ??__EINVLN_2@osg@@YAXXZ    1002e920 f   Triangulator.obj
 0001:0002d940       ??__EX_AXIS@osg@@YAXXZ     1002e940 f   Triangulator.obj
 0001:0002d970       ??__EY_AXIS@osg@@YAXXZ     1002e970 f   Triangulator.obj
 0001:0002d9a0       ??__EZ_AXIS@osg@@YAXXZ     1002e9a0 f   Triangulator.obj
 0001:0002d9d0       ??__FdefaultProp@osgDB@@YAXXZ 1002e9d0 f   main.obj
 0001:0002d9e0       ??__FBEGIN_BRACKET@osgDB@@YAXXZ 1002e9e0 f   main.obj
 0001:0002d9f0       ??__FEND_BRACKET@osgDB@@YAXXZ 1002e9f0 f   main.obj
 0001:0002da00       ??__FgParserDir@@YAXXZ     1002ea00 f   main.obj

 Exports

  ordinal    name

        1    _Convert
               exported name: Convert
        2    _ConvertFiles
               exported name: ConvertFiles
        3    _ConvertZipStream
               exported name: ConvertZipStream
        4    _CountVerticies
               exported name: CountVerticies
        5    _CountVerticiesFile
               exported name: CountVerticiesFile
        6    _DeleteCMemory
               exported name: DeleteCMemory
        7    _GetTextureReferences
               exported name: GetTextureReferences
        8    _GetTextureReferencesFile
               exported name: GetTextureReferencesFile
        9    _GetTexturesOnObjects
               exported name: GetTexturesOnObjects
       10    _GetTexturesOnObjectsFile
               exported name: GetTexturesOnObjectsFile
       11    _GetTransformProperties
               exported name: GetTransformProperties
       12    _GetTransformPropertiesFile
               exported name: GetTransformPropertiesFile
       13    _Shutdown
               exported name: Shutdown
       14    _Startup
               exported name: Startup
       15    _VerifyType
               exported name: VerifyType
       16    _VerifyTypeFile
               exported name: VerifyTypeFile
