 ConverterDLL

 Timestamp is 4d5a9b7d (Tue Feb 15 10:27:57 2011)

 Preferred load address is 10000000

 Start         Length     Name                   Class
 0001:00000000 0002b028H .text                   CODE
 0001:0002b030 0000273cH .text$x                 CODE
 0001:0002d770 00000201H .text$yc                CODE
 0001:0002d980 00000040H .text$yd                CODE
 0002:00000000 000006bcH .idata$5                DATA
 0002:000006c0 00003f20H .rdata                  DATA
 0002:000045e0 0000005cH .rdata$debug            DATA
 0002:0000463c 00000f18H .rdata$r                DATA
 0002:00005560 0000026cH .rdata$sxdata           DATA
 0002:000057d0 000026e4H .xdata$x                DATA
 0002:00007eb4 000000b4H .idata$2                DATA
 0002:00007f68 00000014H .idata$3                DATA
 0002:00007f7c 000006bcH .idata$4                DATA
 0002:00008638 00005a08H .idata$6                DATA
 0002:0000e040 000001e8H .edata                  DATA
 0003:00000000 00000750H .data                   DATA
 0003:00000750 00000424H .bss                    DATA
 0004:00000000 00000030H .CRT$XCU                DATA

  Address         Publics by Value              Rva+Base       Lib:Object

 0000:00000000       __except_list              00000000     <absolute>
 0000:0000009b       ___safe_se_handler_count   0000009b     <absolute>
 0000:00009876       __fltused                  00009876     <absolute>
 0000:00009876       __ldused                   00009876     <absolute>
 0001:00000010       ?drawArrays@PrimitiveWriter@@UAEXIHH@Z 10001010 f   main.obj
 0001:00000350       ?ToLower@@YA?AV?$basic_string@DU?$char_traits@D@std@@V?$allocator@D@2@@std@@V12@@Z 10001350 f   main.obj
 0001:00000410       ?ToFileType@@YA?AV?$basic_string@DU?$char_traits@D@std@@V?$allocator@D@2@@std@@PBD@Z 10001410 f   main.obj
 0001:00000550       ?ToFileType@@YA?AV?$basic_string@DU?$char_traits@D@std@@V?$allocator@D@2@@std@@PAD@Z 10001550 f   main.obj
 0001:00000680       _Startup                   10001680 f   main.obj
 0001:000007b0       _Shutdown                  100017b0 f   main.obj
 0001:000007c0       ?LoadSceneFromFile@@YA_NPADPAVGroup@osg@@AAPADPAVOptions@osgDB@@@Z 100017c0 f   main.obj
 0001:000008c0       ?LoadSceneFromStream@@YA_NAAV?$basic_stringstream@DU?$char_traits@D@std@@V?$allocator@D@2@@std@@PADPAVGroup@osg@@AAPADPAVOptions@osgDB@@@Z 100018c0 f   main.obj
 0001:00000b80       ?SaveSceneToStream@@YA_NAAV?$basic_stringstream@DU?$char_traits@D@std@@V?$allocator@D@2@@std@@AAHPBDPAVNode@osg@@AAPAD@Z 10001b80 f   main.obj
 0001:00000fe0       _VerifyTypeFile            10001fe0 f   main.obj
 0001:00001110       _VerifyType                10002110 f   main.obj
 0001:000013f0       ?SimplifyScene@@YAXPAVNode@osg@@M@Z 100023f0 f   main.obj
 0001:00001550       ?GetVertexCount@@YA?AU?$pair@HH@std@@PAVNode@osg@@@Z 10002550 f   main.obj
 0001:00001650       ?ConvertZipEntry@@YA_NPAVZipEntry@@PAUHZIP__@@PBDAAVOptionsReader@@AAPAD@Z 10002650 f   main.obj
 0001:00002510       ?RecompressTGA@@YAXAAPAXAAH@Z 10003510 f   main.obj
 0001:000027a0       ?ReEncodeImage@@YA_NAAPAXAAHV?$basic_string@DU?$char_traits@D@std@@V?$allocator@D@2@@std@@VOptionsReader@@@Z 100037a0 f   main.obj
 0001:00002b30       ?ReSizeImage@@YA_NAAPAXAAHV?$basic_string@DU?$char_traits@D@std@@V?$allocator@D@2@@std@@VOptionsReader@@@Z 10003b30 f   main.obj
 0001:00002f10       ?ResizeTexture@@YAXV?$basic_string@DU?$char_traits@D@std@@V?$allocator@D@2@@std@@AAPAXAAHAAVOptionsReader@@@Z 10003f10 f   main.obj
 0001:00003170       ?ResizeTextures@@YAXAAPAXAAHAAVOptionsReader@@@Z 10004170 f   main.obj
 0001:00003940       ?ConvertTextures@@YAXAAPAXAAHAAVOptionsReader@@@Z 10004940 f   main.obj
 0001:00004080       _DeleteCMemory             10005080 f   main.obj
 0001:000040d0       _ConvertZipStream          100050d0 f   main.obj
 0001:00005b30       _Convert                   10006b30 f   main.obj
 0001:00005f80       _ConvertFiles              10006f80 f   main.obj
 0001:000062f0       _CountVerticies            100072f0 f   main.obj
 0001:00006570       _CountVerticiesFile        10007570 f   main.obj
 0001:00006660       _GetTextureReferences      10007660 f   main.obj
 0001:00006a00       _GetTextureReferencesFile  10007a00 f   main.obj
 0001:00006bf0       _GetTransformPropertiesFile 10007bf0 f   main.obj
 0001:00007270       _GetTransformProperties    10008270 f   main.obj
 0001:00007b70       _GetTexturesOnObjects      10008b70 f   main.obj
 0001:000080b0       _GetTexturesOnObjectsFile  100090b0 f   main.obj
 0001:00008430       _DllMain@12                10009430 f   main.obj
 0001:00008440       ?writeTriangle@PrimitiveWriter@@QAEXIII@Z 10009440 f i main.obj
 0001:00008460       ?writeLine@PrimitiveWriter@@QAEXII@Z 10009460 f i main.obj
 0001:00008480       ?writePoint@PrimitiveWriter@@QAEXI@Z 10009480 f i main.obj
 0001:000084a0       ??_H@YGXPAXIHP6EPAX0@Z@Z   100094a0 f i main.obj
 0001:000084d0       ??0ReentrantMutex@OpenThreads@@QAE@XZ 100094d0 f i main.obj
 0001:00008500       ??_EReentrantMutex@OpenThreads@@UAEPAXI@Z 10009500 f i main.obj
 0001:00008500       ??_GReentrantMutex@OpenThreads@@UAEPAXI@Z 10009500 f i main.obj
 0001:00008530       ??1ReentrantMutex@OpenThreads@@UAE@XZ 10009530 f i main.obj
 0001:00008550       ?setLibraryFilePathList@osgDB@@YAXABV?$basic_string@DU?$char_traits@D@std@@V?$allocator@D@2@@std@@@Z 10009550 f i main.obj
 0001:00008570       ??0FixNamesVisitor@@QAE@XZ 10009570 f i main.obj
 0001:00008610       ?apply@FixNamesVisitor@@UAEXAAVGeode@osg@@@Z 10009610 f i main.obj
 0001:00008860       ?replace@FixNamesVisitor@@AAE?AV?$basic_string@DU?$char_traits@D@std@@V?$allocator@D@2@@std@@V23@DD@Z 10009860 f i main.obj
 0001:00008960       ?apply@FixNamesVisitor@@UAEXAAVNode@osg@@@Z 10009960 f i main.obj
 0001:00008ac0       ??_GFixNamesVisitor@@UAEPAXI@Z 10009ac0 f i main.obj
 0001:00008ac0       ??_EFixNamesVisitor@@UAEPAXI@Z 10009ac0 f i main.obj
 0001:00008b00       ??_DFixNamesVisitor@@QAEXXZ 10009b00 f i main.obj
 0001:00008b30       ??1FixNamesVisitor@@UAE@XZ 10009b30 f i main.obj
 0001:00008b50       ??1WriteResult@ReaderWriter@osgDB@@QAE@XZ 10009b50 f i main.obj
 0001:00008b70       ??_GOptimizer@osgUtil@@UAEPAXI@Z 10009b70 f i main.obj
 0001:00008b70       ??_EOptimizer@osgUtil@@UAEPAXI@Z 10009b70 f i main.obj
 0001:00008ba0       ??_ETriStripVisitor@osgUtil@@UAEPAXI@Z 10009ba0 f i main.obj
 0001:00008ba0       ??_GTriStripVisitor@osgUtil@@UAEPAXI@Z 10009ba0 f i main.obj
 0001:00008be0       ??0Triangulator@@QAE@XZ    10009be0 f i main.obj
 0001:00008ca0       ?apply@Triangulator@@UAEXAAVGeode@osg@@@Z 10009ca0 f i main.obj
 0001:00008d70       ?apply@Triangulator@@UAEXAAVNode@osg@@@Z 10009d70 f i main.obj
 0001:00008d90       ?Triangulate@Triangulator@@QAEXXZ 10009d90 f i main.obj
 0001:00008e20       ?ProcessGeometry@Triangulator@@AAEXPAVGeometry@osg@@@Z 10009e20 f i main.obj
 0001:000090a0       ?getDrawElements@DrawElements@osg@@UAEPAV12@XZ 1000a0a0 f i main.obj
 0001:000090b0       ?getDrawElements@DrawElements@osg@@UBEPBV12@XZ 1000a0b0 f i main.obj
 0001:000090c0       ??_EDrawElementsUInt@osg@@MAEPAXI@Z 1000a0c0 f i main.obj
 0001:000090c0       ??_GDrawElementsUInt@osg@@MAEPAXI@Z 1000a0c0 f i main.obj
 0001:000090f0       ??_GTriangulator@@UAEPAXI@Z 1000a0f0 f i main.obj
 0001:000090f0       ??_ETriangulator@@UAEPAXI@Z 1000a0f0 f i main.obj
 0001:00009130       ??_DTriangulator@@QAEXXZ   1000a130 f i main.obj
 0001:00009160       ??1Triangulator@@UAE@XZ    1000a160 f i main.obj
 0001:000091c0       ??_GOptions@osgDB@@MAEPAXI@Z 1000a1c0 f i main.obj
 0001:000091c0       ??_EOptions@osgDB@@MAEPAXI@Z 1000a1c0 f i main.obj
 0001:000091f0       ??_G?$basic_stringstream@DU?$char_traits@D@std@@V?$allocator@D@2@@std@@UAEPAXI@Z 1000a1f0 f i main.obj
 0001:000091f0       ??_E?$basic_stringstream@DU?$char_traits@D@std@@V?$allocator@D@2@@std@@UAEPAXI@Z 1000a1f0 f i main.obj
 0001:00009230       ??0GatherGeometryVisitor@@QAE@XZ 1000a230 f i main.obj
 0001:000092f0       ?apply@GatherGeometryVisitor@@UAEXAAVGeode@osg@@@Z 1000a2f0 f i main.obj
 0001:000093c0       ?apply@GatherGeometryVisitor@@UAEXAAVNode@osg@@@Z 1000a3c0 f i main.obj
 0001:000093e0       ??_EGatherGeometryVisitor@@UAEPAXI@Z 1000a3e0 f i main.obj
 0001:000093e0       ??_GGatherGeometryVisitor@@UAEPAXI@Z 1000a3e0 f i main.obj
 0001:00009420       ??_DGatherGeometryVisitor@@QAEXXZ 1000a420 f i main.obj
 0001:00009450       ??1GatherGeometryVisitor@@UAE@XZ 1000a450 f i main.obj
 0001:000094b0       ??0CountVertsVisitor@@QAE@XZ 1000a4b0 f i main.obj
 0001:00009570       ?apply@CountVertsVisitor@@UAEXAAVGeode@osg@@@Z 1000a570 f i main.obj
 0001:000096e0       ??0PrimitiveWriter@@QAE@PAVGeometry@osg@@@Z 1000a6e0 f i main.obj
 0001:00009760       ??1PrimitiveIndexFunctor@osg@@UAE@XZ 1000a760 f i main.obj
 0001:00009780       ??_GPrimitiveIndexFunctor@osg@@UAEPAXI@Z 1000a780 f i main.obj
 0001:00009780       ??_EPrimitiveIndexFunctor@osg@@UAEPAXI@Z 1000a780 f i main.obj
 0001:000097b0       ?setVertexArray@PrimitiveWriter@@UAEXIPBVVec2f@osg@@@Z 1000a7b0 f i main.obj
 0001:000097c0       ?setVertexArray@PrimitiveWriter@@UAEXIPBVVec3f@osg@@@Z 1000a7c0 f i main.obj
 0001:000097d0       ?setVertexArray@PrimitiveWriter@@UAEXIPBVVec4f@osg@@@Z 1000a7d0 f i main.obj
 0001:000097e0       ?setVertexArray@PrimitiveWriter@@UAEXIPBVVec2d@osg@@@Z 1000a7e0 f i main.obj
 0001:000097f0       ?setVertexArray@PrimitiveWriter@@UAEXIPBVVec3d@osg@@@Z 1000a7f0 f i main.obj
 0001:00009800       ?setVertexArray@PrimitiveWriter@@UAEXIPBVVec4d@osg@@@Z 1000a800 f i main.obj
 0001:00009810       ?begin@PrimitiveWriter@@UAEXI@Z 1000a810 f i main.obj
 0001:00009840       ?vertex@PrimitiveWriter@@UAEXI@Z 1000a840 f i main.obj
 0001:00009860       ?end@PrimitiveWriter@@UAEXXZ 1000a860 f i main.obj
 0001:000098b0       ?drawElements@PrimitiveWriter@@UAEXIHPBE@Z 1000a8b0 f i main.obj
 0001:000098e0       ?drawElements@PrimitiveWriter@@UAEXIHPBG@Z 1000a8e0 f i main.obj
 0001:00009910       ?drawElements@PrimitiveWriter@@UAEXIHPBI@Z 1000a910 f i main.obj
 0001:00009940       ??_GPrimitiveWriter@@UAEPAXI@Z 1000a940 f i main.obj
 0001:00009940       ??_EPrimitiveWriter@@UAEPAXI@Z 1000a940 f i main.obj
 0001:00009970       ??0PrimitiveIndexFunctor@osg@@QAE@XZ 1000a970 f i main.obj
 0001:00009990       ??1PrimitiveWriter@@UAE@XZ 1000a990 f i main.obj
 0001:000099f0       ?apply@CountVertsVisitor@@UAEXAAVNode@osg@@@Z 1000a9f0 f i main.obj
 0001:00009a10       ??_ECountVertsVisitor@@UAEPAXI@Z 1000aa10 f i main.obj
 0001:00009a10       ??_GCountVertsVisitor@@UAEPAXI@Z 1000aa10 f i main.obj
 0001:00009a50       ??_DCountVertsVisitor@@QAEXXZ 1000aa50 f i main.obj
 0001:00009a80       ??1CountVertsVisitor@@UAE@XZ 1000aa80 f i main.obj
 0001:00009aa0       ??_GGroup@osg@@MAEPAXI@Z   1000aaa0 f i main.obj
 0001:00009aa0       ??_EGroup@osg@@MAEPAXI@Z   1000aaa0 f i main.obj
 0001:00009ad0       ?GetReducePolys@OptionsReader@@QAE_NXZ 1000aad0 f i main.obj
 0001:00009af0       ?GetPolygonReductionThreshold@OptionsReader@@QAEMXZ 1000aaf0 f i main.obj
 0001:00009b10       ?GetMetadataGathering@OptionsReader@@QAE_NXZ 1000ab10 f i main.obj
 0001:00009b30       ??0ConditionPathsCallback@@QAE@AAVOptionsReader@@@Z 1000ab30 f i main.obj
 0001:00009c10       ?readNode@ManageMemoryCallback@@UAE?AVReadResult@ReaderWriter@osgDB@@ABV?$basic_string@DU?$char_traits@D@std@@V?$allocator@D@2@@std@@PBVOptions@4@@Z 1000ac10 f i main.obj
 0001:00009cc0       ?readObject@ManageMemoryCallback@@UAE?AVReadResult@ReaderWriter@osgDB@@ABV?$basic_string@DU?$char_traits@D@std@@V?$allocator@D@2@@std@@PBVOptions@4@@Z 1000acc0 f i main.obj
 0001:00009d70       ?readHeightField@ManageMemoryCallback@@UAE?AVReadResult@ReaderWriter@osgDB@@ABV?$basic_string@DU?$char_traits@D@std@@V?$allocator@D@2@@std@@PBVOptions@4@@Z 1000ad70 f i main.obj
 0001:00009e20       ??0OptionsReader@@QAE@XZ   1000ae20 f i main.obj
 0001:00009f60       ??1?$map@V?$basic_string@DU?$char_traits@D@std@@V?$allocator@D@2@@std@@V12@U?$less@V?$basic_string@DU?$char_traits@D@std@@V?$allocator@D@2@@std@@@2@V?$allocator@U?$pair@$$CBV?$basic_string@DU?$char_traits@D@std@@V?$allocator@D@2@@std@@V12@@std@@@2@@std@@QAE@XZ 1000af60 f i main.obj
 0001:00009f80       ?readShader@ImageCallback@@UAE?AVReadResult@ReaderWriter@osgDB@@ABV?$basic_string@DU?$char_traits@D@std@@V?$allocator@D@2@@std@@PBVOptions@4@@Z 1000af80 f i main.obj
 0001:0000a0c0       ?readShader@ManageMemoryCallback@@UAE?AVReadResult@ReaderWriter@osgDB@@ABV?$basic_string@DU?$char_traits@D@std@@V?$allocator@D@2@@std@@PBVOptions@4@@Z 1000b0c0 f i main.obj
 0001:0000a170       ?readImage@ConditionPathsCallback@@UAE?AVReadResult@ReaderWriter@osgDB@@ABV?$basic_string@DU?$char_traits@D@std@@V?$allocator@D@2@@std@@PBVOptions@4@@Z 1000b170 f i main.obj
 0001:0000a390       ??_GImage@osg@@MAEPAXI@Z   1000b390 f i main.obj
 0001:0000a390       ??_EImage@osg@@MAEPAXI@Z   1000b390 f i main.obj
 0001:0000a3c0       ?GetTextureNameMapping@OptionsReader@@QAE?AV?$basic_string@DU?$char_traits@D@std@@V?$allocator@D@2@@std@@V23@@Z 1000b3c0 f i main.obj
 0001:0000a500       ?readImage@ImageCallback@@UAE?AVReadResult@ReaderWriter@osgDB@@ABV?$basic_string@DU?$char_traits@D@std@@V?$allocator@D@2@@std@@PBVOptions@4@@Z 1000b500 f i main.obj
 0001:0000a640       ?readImage@ManageMemoryCallback@@UAE?AVReadResult@ReaderWriter@osgDB@@ABV?$basic_string@DU?$char_traits@D@std@@V?$allocator@D@2@@std@@PBVOptions@4@@Z 1000b640 f i main.obj
 0001:0000a6f0       ?setFilepath@ConditionPathsCallback@@QAEXV?$basic_string@DU?$char_traits@D@std@@V?$allocator@D@2@@std@@@Z 1000b6f0 f i main.obj
 0001:0000a760       ??_GConditionPathsCallback@@UAEPAXI@Z 1000b760 f i main.obj
 0001:0000a760       ??_EConditionPathsCallback@@UAEPAXI@Z 1000b760 f i main.obj
 0001:0000a7a0       ??0ImageCallback@@QAE@XZ   1000b7a0 f i main.obj
 0001:0000a850       ??1ManageMemoryCallback@@UAE@XZ 1000b850 f i main.obj
 0001:0000aa10       ??_EManageMemoryCallback@@UAEPAXI@Z 1000ba10 f i main.obj
 0001:0000aa10       ??_GManageMemoryCallback@@UAEPAXI@Z 1000ba10 f i main.obj
 0001:0000aa50       ??_DManageMemoryCallback@@QAEXXZ 1000ba50 f i main.obj
 0001:0000aa80       ??1ImageCallback@@UAE@XZ   1000ba80 f i main.obj
 0001:0000aae0       ??1OptionsReader@@QAE@XZ   1000bae0 f i main.obj
 0001:0000ab70       ??4OptionsReader@@QAEAAV0@ABV0@@Z 1000bb70 f i main.obj
 0001:0000ac80       ??4?$map@V?$basic_string@DU?$char_traits@D@std@@V?$allocator@D@2@@std@@V12@U?$less@V?$basic_string@DU?$char_traits@D@std@@V?$allocator@D@2@@std@@@2@V?$allocator@U?$pair@$$CBV?$basic_string@DU?$char_traits@D@std@@V?$allocator@D@2@@std@@V12@@std@@@2@@std@@QAEAAV01@ABV01@@Z 1000bc80 f i main.obj
 0001:0000aca0       ??_DConditionPathsCallback@@QAEXXZ 1000bca0 f i main.obj
 0001:0000acd0       ??_EImageCallback@@UAEPAXI@Z 1000bcd0 f i main.obj
 0001:0000acd0       ??_GImageCallback@@UAEPAXI@Z 1000bcd0 f i main.obj
 0001:0000ad10       ??0ManageMemoryCallback@@QAE@XZ 1000bd10 f i main.obj
 0001:0000adc0       ??1ConditionPathsCallback@@UAE@XZ 1000bdc0 f i main.obj
 0001:0000ae30       ??_DImageCallback@@QAEXXZ  1000be30 f i main.obj
 0001:0000ae60       ?GetExtension@ZipEntry@@QAE?AV?$basic_string@DU?$char_traits@D@std@@V?$allocator@D@2@@std@@XZ 1000be60 f i main.obj
 0001:0000aea0       ?GetFilename@ZipEntry@@QAE?AV?$basic_string@DU?$char_traits@D@std@@V?$allocator@D@2@@std@@XZ 1000bea0 f i main.obj
 0001:0000aee0       ?GetData@ZipEntry@@QAEPAXAAH@Z 1000bee0 f i main.obj
 0001:0000af50       ?status@WriteResult@ReaderWriter@osgDB@@QBE?AW4WriteStatus@123@XZ 1000bf50 f i main.obj
 0001:0000af60       ?GetNewTextureFormat@OptionsReader@@QAE?AV?$basic_string@DU?$char_traits@D@std@@V?$allocator@D@2@@std@@XZ 1000bf60 f i main.obj
 0001:0000afa0       ?GetNewTextureSize@OptionsReader@@QAEHXZ 1000bfa0 f i main.obj
 0001:0000afc0       ??_GTraits@GraphicsContext@osg@@UAEPAXI@Z 1000bfc0 f i main.obj
 0001:0000afc0       ??_ETraits@GraphicsContext@osg@@UAEPAXI@Z 1000bfc0 f i main.obj
 0001:0000aff0       ??0OptionsReader@@QAE@ABV0@@Z 1000bff0 f i main.obj
 0001:0000b140       ??0?$map@V?$basic_string@DU?$char_traits@D@std@@V?$allocator@D@2@@std@@V12@U?$less@V?$basic_string@DU?$char_traits@D@std@@V?$allocator@D@2@@std@@@2@V?$allocator@U?$pair@$$CBV?$basic_string@DU?$char_traits@D@std@@V?$allocator@D@2@@std@@V12@@std@@@2@@std@@QAE@ABV01@@Z 1000c140 f i main.obj
 0001:0000b160       ??0ZipEntry@@QAE@PAUHZIP__@@H@Z 1000c160 f i main.obj
 0001:0000b2d0       ?GetFileNameOnly@ZipEntry@@QAE?AV?$basic_string@DU?$char_traits@D@std@@V?$allocator@D@2@@std@@XZ 1000c2d0 f i main.obj
 0001:0000b310       ?IsImageFile@ZipEntry@@QAE_NXZ 1000c310 f i main.obj
 0001:0000b5f0       ?AddTextureNameMapping@OptionsReader@@QAEXV?$basic_string@DU?$char_traits@D@std@@V?$allocator@D@2@@std@@0@Z 1000c5f0 f i main.obj
 0001:0000b6f0       ??0OptionsReader@@QAE@PBD@Z 1000c6f0 f i main.obj
 0001:0000be00       ?EnableMetadataGathering@OptionsReader@@QAEXXZ 1000ce00 f i main.obj
 0001:0000be20       ?GetResizeTextures@OptionsReader@@QAE_NXZ 1000ce20 f i main.obj
 0001:0000be40       ?GetConvertTextures@OptionsReader@@QAE_NXZ 1000ce40 f i main.obj
 0001:0000be70       ?CheckReferencedTextureName@OptionsReader@@QAE_NV?$basic_string@DU?$char_traits@D@std@@V?$allocator@D@2@@std@@@Z 1000ce70 f i main.obj
 0001:0000c070       ??1?$queue@V?$basic_string@DU?$char_traits@D@std@@V?$allocator@D@2@@std@@V?$deque@V?$basic_string@DU?$char_traits@D@std@@V?$allocator@D@2@@std@@V?$allocator@V?$basic_string@DU?$char_traits@D@std@@V?$allocator@D@2@@std@@@2@@2@@std@@QAE@XZ 1000d070 f i main.obj
 0001:0000c090       ??0ZipEntry@@QAE@PADHV?$basic_string@DU?$char_traits@D@std@@V?$allocator@D@2@@std@@@Z 1000d090 f i main.obj
 0001:0000c120       ?Is3DFile@ZipEntry@@QAE_NXZ 1000d120 f i main.obj
 0001:0000c480       ??_GZipEntry@@QAEPAXI@Z    1000d480 f i main.obj
 0001:0000c4b0       ??1ZipEntry@@QAE@XZ        1000d4b0 f i main.obj
 0001:0000c4f0       ??0ConditionPathsCallback@@QAE@XZ 1000d4f0 f i main.obj
 0001:0000c5c0       ?readNodeFile@osgDB@@YAPAVNode@osg@@ABV?$basic_string@DU?$char_traits@D@std@@V?$allocator@D@2@@std@@@Z 1000d5c0 f i main.obj
 0001:0000c5f0       ?writeNodeFile@osgDB@@YA_NABVNode@osg@@ABV?$basic_string@DU?$char_traits@D@std@@V?$allocator@D@2@@std@@@Z 1000d5f0 f i main.obj
 0001:0000c620       ??0FindTextureReferencePairs@@QAE@XZ 1000d620 f i main.obj
 0001:0000c6e0       ?apply@FindTextureReferencePairs@@UAEXAAVGeode@osg@@@Z 1000d6e0 f i main.obj
 0001:0000c8e0       ?GetTextureReference@FindTextureReferencePairs@@QAE?AU?$pair@V?$basic_string@DU?$char_traits@D@std@@V?$allocator@D@2@@std@@V12@@std@@PAVStateSet@osg@@@Z 1000d8e0 f i main.obj
 0001:0000ca30       ?GetTextureReference@FindTextureReferencePairs@@QAE?AU?$pair@V?$basic_string@DU?$char_traits@D@std@@V?$allocator@D@2@@std@@V12@@std@@PAVNode@osg@@@Z 1000da30 f i main.obj
 0001:0000cce0       ?apply@FindTextureReferencePairs@@UAEXAAVNode@osg@@@Z 1000dce0 f i main.obj
 0001:0000cd00       ??_EFindTextureReferencePairs@@UAEPAXI@Z 1000dd00 f i main.obj
 0001:0000cd00       ??_GFindTextureReferencePairs@@UAEPAXI@Z 1000dd00 f i main.obj
 0001:0000cd40       ??1?$pair@V?$basic_string@DU?$char_traits@D@std@@V?$allocator@D@2@@std@@V12@@std@@QAE@XZ 1000dd40 f i main.obj
 0001:0000cda0       ??4?$pair@V?$basic_string@DU?$char_traits@D@std@@V?$allocator@D@2@@std@@V12@@std@@QAEAAU01@ABU01@@Z 1000dda0 f i main.obj
 0001:0000cdd0       ??0?$pair@V?$basic_string@DU?$char_traits@D@std@@V?$allocator@D@2@@std@@V12@@std@@QAE@ABU01@@Z 1000ddd0 f i main.obj
 0001:0000ce40       ??_DFindTextureReferencePairs@@QAEXXZ 1000de40 f i main.obj
 0001:0000ce70       ??1FindTextureReferencePairs@@UAE@XZ 1000de70 f i main.obj
 0001:0000ced0       ??0?$vector@IV?$allocator@I@std@@@std@@QAE@XZ 1000ded0 f i main.obj
 0001:0000cf40       ??1?$vector@IV?$allocator@I@std@@@std@@QAE@XZ 1000df40 f i main.obj
 0001:0000cfa0       ?size@?$vector@IV?$allocator@I@std@@@std@@QBEIXZ 1000dfa0 f i main.obj
 0001:0000cfc0       ?empty@?$vector@IV?$allocator@I@std@@@std@@QBE_NXZ 1000dfc0 f i main.obj
 0001:0000cfe0       ?front@?$vector@IV?$allocator@I@std@@@std@@QAEAAIXZ 1000dfe0 f i main.obj
 0001:0000d000       ?push_back@?$vector@IV?$allocator@I@std@@@std@@QAEXABI@Z 1000e000 f i main.obj
 0001:0000d080       ?clear@?$vector@IV?$allocator@I@std@@@std@@QAEXXZ 1000e080 f i main.obj
 0001:0000d0e0       ?size@?$vector@V?$map@U?$pair@W4Type@StateAttribute@osg@@I@std@@U?$pair@V?$ref_ptr@VStateAttribute@osg@@@osg@@I@2@U?$less@U?$pair@W4Type@StateAttribute@osg@@I@std@@@2@V?$allocator@U?$pair@$$CBU?$pair@W4Type@StateAttribute@osg@@I@std@@U?$pair@V?$ref_ptr@VStateAttribute@osg@@@osg@@I@2@@std@@@2@@std@@V?$allocator@V?$map@U?$pair@W4Type@StateAttribute@osg@@I@std@@U?$pair@V?$ref_ptr@VStateAttribute@osg@@@osg@@I@2@U?$less@U?$pair@W4Type@StateAttribute@osg@@I@std@@@2@V?$allocator@U?$pair@$$CBU?$pair@W4Type@StateAttribute@osg@@I@std@@U?$pair@V?$ref_ptr@VStateAttribute@osg@@@osg@@I@2@@std@@@2@@std@@@2@@std@@QBEIXZ 1000e0e0 f i main.obj
 0001:0000d100       ??0?$map@V?$basic_string@DU?$char_traits@D@std@@V?$allocator@D@2@@std@@V12@U?$less@V?$basic_string@DU?$char_traits@D@std@@V?$allocator@D@2@@std@@@2@V?$allocator@U?$pair@$$CBV?$basic_string@DU?$char_traits@D@std@@V?$allocator@D@2@@std@@V12@@std@@@2@@std@@QAE@XZ 1000e100 f i main.obj
 0001:0000d130       ??A?$map@V?$basic_string@DU?$char_traits@D@std@@V?$allocator@D@2@@std@@V12@U?$less@V?$basic_string@DU?$char_traits@D@std@@V?$allocator@D@2@@std@@@2@V?$allocator@U?$pair@$$CBV?$basic_string@DU?$char_traits@D@std@@V?$allocator@D@2@@std@@V12@@std@@@2@@std@@QAEAAV?$basic_string@DU?$char_traits@D@std@@V?$allocator@D@2@@1@ABV21@@Z 1000e130 f i main.obj
 0001:0000d280       ??0?$_Tree@V?$_Tmap_traits@V?$basic_string@DU?$char_traits@D@std@@V?$allocator@D@2@@std@@V12@U?$less@V?$basic_string@DU?$char_traits@D@std@@V?$allocator@D@2@@std@@@2@V?$allocator@U?$pair@$$CBV?$basic_string@DU?$char_traits@D@std@@V?$allocator@D@2@@std@@V12@@std@@@2@$0A@@std@@@std@@QAE@ABV01@@Z 1000e280 f i main.obj
 0001:0000d340       ??1?$_Tree@V?$_Tmap_traits@V?$basic_string@DU?$char_traits@D@std@@V?$allocator@D@2@@std@@V12@U?$less@V?$basic_string@DU?$char_traits@D@std@@V?$allocator@D@2@@std@@@2@V?$allocator@U?$pair@$$CBV?$basic_string@DU?$char_traits@D@std@@V?$allocator@D@2@@std@@V12@@std@@@2@$0A@@std@@@std@@QAE@XZ 1000e340 f i main.obj
 0001:0000d3a0       ??4?$_Tree@V?$_Tmap_traits@V?$basic_string@DU?$char_traits@D@std@@V?$allocator@D@2@@std@@V12@U?$less@V?$basic_string@DU?$char_traits@D@std@@V?$allocator@D@2@@std@@@2@V?$allocator@U?$pair@$$CBV?$basic_string@DU?$char_traits@D@std@@V?$allocator@D@2@@std@@V12@@std@@@2@$0A@@std@@@std@@QAEAAV01@ABV01@@Z 1000e3a0 f i main.obj
 0001:0000d410       ?end@?$_Tree@V?$_Tmap_traits@V?$basic_string@DU?$char_traits@D@std@@V?$allocator@D@2@@std@@V12@U?$less@V?$basic_string@DU?$char_traits@D@std@@V?$allocator@D@2@@std@@@2@V?$allocator@U?$pair@$$CBV?$basic_string@DU?$char_traits@D@std@@V?$allocator@D@2@@std@@V12@@std@@@2@$0A@@std@@@std@@QAE?AViterator@12@XZ 1000e410 f i main.obj
 0001:0000d440       ?find@?$_Tree@V?$_Tmap_traits@V?$basic_string@DU?$char_traits@D@std@@V?$allocator@D@2@@std@@V12@U?$less@V?$basic_string@DU?$char_traits@D@std@@V?$allocator@D@2@@std@@@2@V?$allocator@U?$pair@$$CBV?$basic_string@DU?$char_traits@D@std@@V?$allocator@D@2@@std@@V12@@std@@@2@$0A@@std@@@std@@QAE?AViterator@12@ABV?$basic_string@DU?$char_traits@D@std@@V?$allocator@D@2@@2@@Z 1000e440 f i main.obj
 0001:0000d4e0       ??0?$vector@HV?$allocator@H@std@@@std@@QAE@XZ 1000e4e0 f i main.obj
 0001:0000d550       ??0?$vector@HV?$allocator@H@std@@@std@@QAE@ABV01@@Z 1000e550 f i main.obj
 0001:0000d650       ??1?$vector@HV?$allocator@H@std@@@std@@QAE@XZ 1000e650 f i main.obj
 0001:0000d6b0       ?push_back@?$vector@HV?$allocator@H@std@@@std@@QAEXABH@Z 1000e6b0 f i main.obj
 0001:0000d730       ??0?$ref_ptr@VNode@osg@@@osg@@QAE@PAVNode@1@@Z 1000e730 f i main.obj
 0001:0000d760       ??1?$ref_ptr@VNode@osg@@@osg@@QAE@XZ 1000e760 f i main.obj
 0001:0000d790       ??7?$ref_ptr@VNode@osg@@@osg@@QBE_NXZ 1000e790 f i main.obj
 0001:0000d7b0       ??0?$ref_ptr@VGeometry@osg@@@osg@@QAE@PAVGeometry@1@@Z 1000e7b0 f i main.obj
 0001:0000d7e0       ??1?$ref_ptr@VGeometry@osg@@@osg@@QAE@XZ 1000e7e0 f i main.obj
 0001:0000d810       ??B?$ref_ptr@VGeometry@osg@@@osg@@QBEPAVGeometry@1@XZ 1000e810 f i main.obj
 0001:0000d820       ??C?$ref_ptr@VGeometry@osg@@@osg@@QBEPAVGeometry@1@XZ 1000e820 f i main.obj
 0001:0000d830       ?valid@?$ref_ptr@VGeometry@osg@@@osg@@QBE_NXZ 1000e830 f i main.obj
 0001:0000d850       ??1?$deque@V?$basic_string@DU?$char_traits@D@std@@V?$allocator@D@2@@std@@V?$allocator@V?$basic_string@DU?$char_traits@D@std@@V?$allocator@D@2@@std@@@2@@std@@QAE@XZ 1000e850 f i main.obj
 0001:0000d8b0       ??8const_iterator@?$_Tree@V?$_Tmap_traits@V?$basic_string@DU?$char_traits@D@std@@V?$allocator@D@2@@std@@V12@U?$less@V?$basic_string@DU?$char_traits@D@std@@V?$allocator@D@2@@std@@@2@V?$allocator@U?$pair@$$CBV?$basic_string@DU?$char_traits@D@std@@V?$allocator@D@2@@std@@V12@@std@@@2@$0A@@std@@@std@@QBE_NABV012@@Z 1000e8b0 f i main.obj
 0001:0000d900       ?_Same_container@_Iterator_base_aux@std@@QBE_NABV12@@Z 1000e900 f i main.obj
 0001:0000d920       ?_Has_container@_Iterator_base_aux@std@@QBE_NXZ 1000e920 f i main.obj
 0001:0000d940       ??9const_iterator@?$_Tree@V?$_Tmap_traits@V?$basic_string@DU?$char_traits@D@std@@V?$allocator@D@2@@std@@V12@U?$less@V?$basic_string@DU?$char_traits@D@std@@V?$allocator@D@2@@std@@@2@V?$allocator@U?$pair@$$CBV?$basic_string@DU?$char_traits@D@std@@V?$allocator@D@2@@std@@V12@@std@@@2@$0A@@std@@@std@@QBE_NABV012@@Z 1000e940 f i main.obj
 0001:0000d970       ??0?$ref_ptr@VOptions@osgDB@@@osg@@QAE@PAVOptions@osgDB@@@Z 1000e970 f i main.obj
 0001:0000d9a0       ??1?$ref_ptr@VOptions@osgDB@@@osg@@QAE@XZ 1000e9a0 f i main.obj
 0001:0000d9d0       ??B?$ref_ptr@VOptions@osgDB@@@osg@@QBEPAVOptions@osgDB@@XZ 1000e9d0 f i main.obj
 0001:0000d9e0       ??C?$ref_ptr@VOptions@osgDB@@@osg@@QBEPAVOptions@osgDB@@XZ 1000e9e0 f i main.obj
 0001:0000d9f0       ??0?$ref_ptr@VGroup@osg@@@osg@@QAE@PAVGroup@1@@Z 1000e9f0 f i main.obj
 0001:0000da20       ??1?$ref_ptr@VGroup@osg@@@osg@@QAE@XZ 1000ea20 f i main.obj
 0001:0000da50       ??B?$ref_ptr@VGroup@osg@@@osg@@QBEPAVGroup@1@XZ 1000ea50 f i main.obj
 0001:0000da60       ??C?$ref_ptr@VGroup@osg@@@osg@@QBEPAVGroup@1@XZ 1000ea60 f i main.obj
 0001:0000da70       ?get@?$ref_ptr@VGroup@osg@@@osg@@QBEPAVGroup@2@XZ 1000ea70 f i main.obj
 0001:0000da80       ??0?$list@PAVGeometry@osg@@V?$allocator@PAVGeometry@osg@@@std@@@std@@QAE@XZ 1000ea80 f i main.obj
 0001:0000db00       ??1?$list@PAVGeometry@osg@@V?$allocator@PAVGeometry@osg@@@std@@@std@@QAE@XZ 1000eb00 f i main.obj
 0001:0000db60       ?begin@?$list@PAVGeometry@osg@@V?$allocator@PAVGeometry@osg@@@std@@@std@@QAE?AV?$_Iterator@$00@12@XZ 1000eb60 f i main.obj
 0001:0000db90       ?end@?$list@PAVGeometry@osg@@V?$allocator@PAVGeometry@osg@@@std@@@std@@QAE?AV?$_Iterator@$00@12@XZ 1000eb90 f i main.obj
 0001:0000dbc0       ?push_back@?$list@PAVGeometry@osg@@V?$allocator@PAVGeometry@osg@@@std@@@std@@QAEXABQAVGeometry@osg@@@Z 1000ebc0 f i main.obj
 0001:0000dc00       ??0?$_Iterator@$00@?$list@PAVGeometry@osg@@V?$allocator@PAVGeometry@osg@@@std@@@std@@QAE@XZ 1000ec00 f i main.obj
 0001:0000dc20       ??D?$_Iterator@$00@?$list@PAVGeometry@osg@@V?$allocator@PAVGeometry@osg@@@std@@@std@@QBEAAPAVGeometry@osg@@XZ 1000ec20 f i main.obj
 0001:0000dc40       ??E?$_Iterator@$00@?$list@PAVGeometry@osg@@V?$allocator@PAVGeometry@osg@@@std@@@std@@QAE?AV012@H@Z 1000ec40 f i main.obj
 0001:0000dc80       ??9?$_Const_iterator@$00@?$list@PAVGeometry@osg@@V?$allocator@PAVGeometry@osg@@@std@@@std@@QBE_NABV012@@Z 1000ec80 f i main.obj
 0001:0000dcb0       ??0?$list@VReadResult@ReaderWriter@osgDB@@V?$allocator@VReadResult@ReaderWriter@osgDB@@@std@@@std@@QAE@XZ 1000ecb0 f i main.obj
 0001:0000dd30       ??1?$list@VReadResult@ReaderWriter@osgDB@@V?$allocator@VReadResult@ReaderWriter@osgDB@@@std@@@std@@QAE@XZ 1000ed30 f i main.obj
 0001:0000dd90       ?begin@?$list@VReadResult@ReaderWriter@osgDB@@V?$allocator@VReadResult@ReaderWriter@osgDB@@@std@@@std@@QAE?AV?$_Iterator@$00@12@XZ 1000ed90 f i main.obj
 0001:0000ddc0       ?end@?$list@VReadResult@ReaderWriter@osgDB@@V?$allocator@VReadResult@ReaderWriter@osgDB@@@std@@@std@@QAE?AV?$_Iterator@$00@12@XZ 1000edc0 f i main.obj
 0001:0000ddf0       ?push_back@?$list@VReadResult@ReaderWriter@osgDB@@V?$allocator@VReadResult@ReaderWriter@osgDB@@@std@@@std@@QAEXABVReadResult@ReaderWriter@osgDB@@@Z 1000edf0 f i main.obj
 0001:0000de30       ??0?$_Iterator@$00@?$list@VReadResult@ReaderWriter@osgDB@@V?$allocator@VReadResult@ReaderWriter@osgDB@@@std@@@std@@QAE@XZ 1000ee30 f i main.obj
 0001:0000de50       ??C?$_Iterator@$00@?$list@VReadResult@ReaderWriter@osgDB@@V?$allocator@VReadResult@ReaderWriter@osgDB@@@std@@@std@@QBEPAVReadResult@ReaderWriter@osgDB@@XZ 1000ee50 f i main.obj
 0001:0000de70       ??E?$_Iterator@$00@?$list@VReadResult@ReaderWriter@osgDB@@V?$allocator@VReadResult@ReaderWriter@osgDB@@@std@@@std@@QAE?AV012@H@Z 1000ee70 f i main.obj
 0001:0000deb0       ??9?$_Const_iterator@$00@?$list@VReadResult@ReaderWriter@osgDB@@V?$allocator@VReadResult@ReaderWriter@osgDB@@@std@@@std@@QBE_NABV012@@Z 1000eeb0 f i main.obj
 0001:0000dee0       ??0?$ScopedLock@VReentrantMutex@OpenThreads@@@OpenThreads@@QAE@AAVReentrantMutex@1@@Z 1000eee0 f i main.obj
 0001:0000df10       ??1?$ScopedLock@VReentrantMutex@OpenThreads@@@OpenThreads@@QAE@XZ 1000ef10 f i main.obj
 0001:0000df30       ??B?$fpos@H@std@@QBEJXZ    1000ef30 f i main.obj
 0001:0000df50       ??0?$queue@V?$basic_string@DU?$char_traits@D@std@@V?$allocator@D@2@@std@@V?$deque@V?$basic_string@DU?$char_traits@D@std@@V?$allocator@D@2@@std@@V?$allocator@V?$basic_string@DU?$char_traits@D@std@@V?$allocator@D@2@@std@@@2@@2@@std@@QAE@XZ 1000ef50 f i main.obj
 0001:0000df70       ??0?$deque@V?$basic_string@DU?$char_traits@D@std@@V?$allocator@D@2@@std@@V?$allocator@V?$basic_string@DU?$char_traits@D@std@@V?$allocator@D@2@@std@@@2@@std@@QAE@XZ 1000ef70 f i main.obj
 0001:0000dfc0       ?size@?$queue@V?$basic_string@DU?$char_traits@D@std@@V?$allocator@D@2@@std@@V?$deque@V?$basic_string@DU?$char_traits@D@std@@V?$allocator@D@2@@std@@V?$allocator@V?$basic_string@DU?$char_traits@D@std@@V?$allocator@D@2@@std@@@2@@2@@std@@QBEIXZ 1000efc0 f i main.obj
 0001:0000dfe0       ?front@?$queue@V?$basic_string@DU?$char_traits@D@std@@V?$allocator@D@2@@std@@V?$deque@V?$basic_string@DU?$char_traits@D@std@@V?$allocator@D@2@@std@@V?$allocator@V?$basic_string@DU?$char_traits@D@std@@V?$allocator@D@2@@std@@@2@@2@@std@@QAEAAV?$basic_string@DU?$char_traits@D@std@@V?$allocator@D@2@@2@XZ 1000efe0 f i main.obj
 0001:0000e000       ?push@?$queue@V?$basic_string@DU?$char_traits@D@std@@V?$allocator@D@2@@std@@V?$deque@V?$basic_string@DU?$char_traits@D@std@@V?$allocator@D@2@@std@@V?$allocator@V?$basic_string@DU?$char_traits@D@std@@V?$allocator@D@2@@std@@@2@@2@@std@@QAEXABV?$basic_string@DU?$char_traits@D@std@@V?$allocator@D@2@@2@@Z 1000f000 f i main.obj
 0001:0000e020       ?push_back@?$deque@V?$basic_string@DU?$char_traits@D@std@@V?$allocator@D@2@@std@@V?$allocator@V?$basic_string@DU?$char_traits@D@std@@V?$allocator@D@2@@std@@@2@@std@@QAEXABV?$basic_string@DU?$char_traits@D@std@@V?$allocator@D@2@@2@@Z 1000f020 f i main.obj
 0001:0000e100       ?pop@?$queue@V?$basic_string@DU?$char_traits@D@std@@V?$allocator@D@2@@std@@V?$deque@V?$basic_string@DU?$char_traits@D@std@@V?$allocator@D@2@@std@@V?$allocator@V?$basic_string@DU?$char_traits@D@std@@V?$allocator@D@2@@std@@@2@@2@@std@@QAEXXZ 1000f100 f i main.obj
 0001:0000e120       ??0?$list@V?$basic_string@DU?$char_traits@D@std@@V?$allocator@D@2@@std@@V?$allocator@V?$basic_string@DU?$char_traits@D@std@@V?$allocator@D@2@@std@@@2@@std@@QAE@XZ 1000f120 f i main.obj
 0001:0000e1a0       ??1?$list@V?$basic_string@DU?$char_traits@D@std@@V?$allocator@D@2@@std@@V?$allocator@V?$basic_string@DU?$char_traits@D@std@@V?$allocator@D@2@@std@@@2@@std@@QAE@XZ 1000f1a0 f i main.obj
 0001:0000e200       ?begin@?$list@V?$basic_string@DU?$char_traits@D@std@@V?$allocator@D@2@@std@@V?$allocator@V?$basic_string@DU?$char_traits@D@std@@V?$allocator@D@2@@std@@@2@@std@@QAE?AV?$_Iterator@$00@12@XZ 1000f200 f i main.obj
 0001:0000e230       ?end@?$list@V?$basic_string@DU?$char_traits@D@std@@V?$allocator@D@2@@std@@V?$allocator@V?$basic_string@DU?$char_traits@D@std@@V?$allocator@D@2@@std@@@2@@std@@QAE?AV?$_Iterator@$00@12@XZ 1000f230 f i main.obj
 0001:0000e260       ?push_back@?$list@V?$basic_string@DU?$char_traits@D@std@@V?$allocator@D@2@@std@@V?$allocator@V?$basic_string@DU?$char_traits@D@std@@V?$allocator@D@2@@std@@@2@@std@@QAEXABV?$basic_string@DU?$char_traits@D@std@@V?$allocator@D@2@@2@@Z 1000f260 f i main.obj
 0001:0000e2a0       ??9?$_Const_iterator@$00@?$list@V?$basic_string@DU?$char_traits@D@std@@V?$allocator@D@2@@std@@V?$allocator@V?$basic_string@DU?$char_traits@D@std@@V?$allocator@D@2@@std@@@2@@std@@QBE_NABV012@@Z 1000f2a0 f i main.obj
 0001:0000e2d0       ??0?$list@PAVZipEntry@@V?$allocator@PAVZipEntry@@@std@@@std@@QAE@XZ 1000f2d0 f i main.obj
 0001:0000e350       ??1?$list@PAVZipEntry@@V?$allocator@PAVZipEntry@@@std@@@std@@QAE@XZ 1000f350 f i main.obj
 0001:0000e3b0       ?begin@?$list@PAVZipEntry@@V?$allocator@PAVZipEntry@@@std@@@std@@QAE?AV?$_Iterator@$00@12@XZ 1000f3b0 f i main.obj
 0001:0000e3e0       ?end@?$list@PAVZipEntry@@V?$allocator@PAVZipEntry@@@std@@@std@@QAE?AV?$_Iterator@$00@12@XZ 1000f3e0 f i main.obj
 0001:0000e410       ?push_back@?$list@PAVZipEntry@@V?$allocator@PAVZipEntry@@@std@@@std@@QAEXABQAVZipEntry@@@Z 1000f410 f i main.obj
 0001:0000e450       ??0?$_Iterator@$00@?$list@PAVZipEntry@@V?$allocator@PAVZipEntry@@@std@@@std@@QAE@XZ 1000f450 f i main.obj
 0001:0000e470       ??D?$_Iterator@$00@?$list@PAVZipEntry@@V?$allocator@PAVZipEntry@@@std@@@std@@QBEAAPAVZipEntry@@XZ 1000f470 f i main.obj
 0001:0000e490       ??E?$_Iterator@$00@?$list@PAVZipEntry@@V?$allocator@PAVZipEntry@@@std@@@std@@QAE?AV012@H@Z 1000f490 f i main.obj
 0001:0000e4d0       ??9?$_Const_iterator@$00@?$list@PAVZipEntry@@V?$allocator@PAVZipEntry@@@std@@@std@@QBE_NABV012@@Z 1000f4d0 f i main.obj
 0001:0000e500       ??0?$ref_ptr@VImageCallback@@@osg@@QAE@PAVImageCallback@@@Z 1000f500 f i main.obj
 0001:0000e540       ??1?$ref_ptr@VImageCallback@@@osg@@QAE@XZ 1000f540 f i main.obj
 0001:0000e580       ??B?$ref_ptr@VImageCallback@@@osg@@QBEPAVImageCallback@@XZ 1000f580 f i main.obj
 0001:0000e590       ??C?$ref_ptr@VImageCallback@@@osg@@QBEPAVImageCallback@@XZ 1000f590 f i main.obj
 0001:0000e5a0       ??0?$list@U?$pair@V?$basic_string@DU?$char_traits@D@std@@V?$allocator@D@2@@std@@V12@@std@@V?$allocator@U?$pair@V?$basic_string@DU?$char_traits@D@std@@V?$allocator@D@2@@std@@V12@@std@@@2@@std@@QAE@XZ 1000f5a0 f i main.obj
 0001:0000e620       ??1?$list@U?$pair@V?$basic_string@DU?$char_traits@D@std@@V?$allocator@D@2@@std@@V12@@std@@V?$allocator@U?$pair@V?$basic_string@DU?$char_traits@D@std@@V?$allocator@D@2@@std@@V12@@std@@@2@@std@@QAE@XZ 1000f620 f i main.obj
 0001:0000e680       ?begin@?$list@U?$pair@V?$basic_string@DU?$char_traits@D@std@@V?$allocator@D@2@@std@@V12@@std@@V?$allocator@U?$pair@V?$basic_string@DU?$char_traits@D@std@@V?$allocator@D@2@@std@@V12@@std@@@2@@std@@QAE?AV?$_Iterator@$00@12@XZ 1000f680 f i main.obj
 0001:0000e6b0       ?end@?$list@U?$pair@V?$basic_string@DU?$char_traits@D@std@@V?$allocator@D@2@@std@@V12@@std@@V?$allocator@U?$pair@V?$basic_string@DU?$char_traits@D@std@@V?$allocator@D@2@@std@@V12@@std@@@2@@std@@QAE?AV?$_Iterator@$00@12@XZ 1000f6b0 f i main.obj
 0001:0000e6e0       ?push_back@?$list@U?$pair@V?$basic_string@DU?$char_traits@D@std@@V?$allocator@D@2@@std@@V12@@std@@V?$allocator@U?$pair@V?$basic_string@DU?$char_traits@D@std@@V?$allocator@D@2@@std@@V12@@std@@@2@@std@@QAEXABU?$pair@V?$basic_string@DU?$char_traits@D@std@@V?$allocator@D@2@@std@@V12@@2@@Z 1000f6e0 f i main.obj
 0001:0000e720       ?unique@?$list@U?$pair@V?$basic_string@DU?$char_traits@D@std@@V?$allocator@D@2@@std@@V12@@std@@V?$allocator@U?$pair@V?$basic_string@DU?$char_traits@D@std@@V?$allocator@D@2@@std@@V12@@std@@@2@@std@@QAEXXZ 1000f720 f i main.obj
 0001:0000e7f0       ??0?$pair@V?$basic_string@DU?$char_traits@D@std@@V?$allocator@D@2@@std@@V12@@std@@QAE@ABV?$basic_string@DU?$char_traits@D@std@@V?$allocator@D@2@@1@0@Z 1000f7f0 f i main.obj
 0001:0000e860       ??0?$ref_ptr@VConditionPathsCallback@@@osg@@QAE@PAVConditionPathsCallback@@@Z 1000f860 f i main.obj
 0001:0000e8a0       ??1?$ref_ptr@VConditionPathsCallback@@@osg@@QAE@XZ 1000f8a0 f i main.obj
 0001:0000e8e0       ??B?$ref_ptr@VConditionPathsCallback@@@osg@@QBEPAVConditionPathsCallback@@XZ 1000f8e0 f i main.obj
 0001:0000e8f0       ??0?$_Iterator@$00@?$list@U?$pair@V?$basic_string@DU?$char_traits@D@std@@V?$allocator@D@2@@std@@V12@@std@@V?$allocator@U?$pair@V?$basic_string@DU?$char_traits@D@std@@V?$allocator@D@2@@std@@V12@@std@@@2@@std@@QAE@XZ 1000f8f0 f i main.obj
 0001:0000e910       ??C?$_Iterator@$00@?$list@U?$pair@V?$basic_string@DU?$char_traits@D@std@@V?$allocator@D@2@@std@@V12@@std@@V?$allocator@U?$pair@V?$basic_string@DU?$char_traits@D@std@@V?$allocator@D@2@@std@@V12@@std@@@2@@std@@QBEPAU?$pair@V?$basic_string@DU?$char_traits@D@std@@V?$allocator@D@2@@std@@V12@@2@XZ 1000f910 f i main.obj
 0001:0000e930       ??E?$_Iterator@$00@?$list@U?$pair@V?$basic_string@DU?$char_traits@D@std@@V?$allocator@D@2@@std@@V12@@std@@V?$allocator@U?$pair@V?$basic_string@DU?$char_traits@D@std@@V?$allocator@D@2@@std@@V12@@std@@@2@@std@@QAE?AV012@H@Z 1000f930 f i main.obj
 0001:0000e970       ??9?$_Const_iterator@$00@?$list@U?$pair@V?$basic_string@DU?$char_traits@D@std@@V?$allocator@D@2@@std@@V12@@std@@V?$allocator@U?$pair@V?$basic_string@DU?$char_traits@D@std@@V?$allocator@D@2@@std@@V12@@std@@@2@@std@@QBE_NABV012@@Z 1000f970 f i main.obj
 0001:0000e9a0       ??1?$_Vector_val@IV?$allocator@I@std@@@std@@QAE@XZ 1000f9a0 f i main.obj
 0001:0000e9c0       ??1?$pair@$$CBV?$basic_string@DU?$char_traits@D@std@@V?$allocator@D@2@@std@@V12@@std@@QAE@XZ 1000f9c0 f i main.obj
 0001:0000ea20       ??1?$_Tree_val@V?$_Tmap_traits@V?$basic_string@DU?$char_traits@D@std@@V?$allocator@D@2@@std@@V12@U?$less@V?$basic_string@DU?$char_traits@D@std@@V?$allocator@D@2@@std@@@2@V?$allocator@U?$pair@$$CBV?$basic_string@DU?$char_traits@D@std@@V?$allocator@D@2@@std@@V12@@std@@@2@$0A@@std@@@std@@QAE@XZ 1000fa20 f i main.obj
 0001:0000ea40       ??1?$_Vector_val@HV?$allocator@H@std@@@std@@QAE@XZ 1000fa40 f i main.obj
 0001:0000ea60       ??1?$_Deque_val@V?$basic_string@DU?$char_traits@D@std@@V?$allocator@D@2@@std@@V?$allocator@V?$basic_string@DU?$char_traits@D@std@@V?$allocator@D@2@@std@@@2@@std@@QAE@XZ 1000fa60 f i main.obj
 0001:0000ea80       ??1?$_List_val@PAVGeometry@osg@@V?$allocator@PAVGeometry@osg@@@std@@@std@@QAE@XZ 1000fa80 f i main.obj
 0001:0000eaa0       ??1?$_List_val@VReadResult@ReaderWriter@osgDB@@V?$allocator@VReadResult@ReaderWriter@osgDB@@@std@@@std@@QAE@XZ 1000faa0 f i main.obj
 0001:0000eac0       ??1?$_List_val@V?$basic_string@DU?$char_traits@D@std@@V?$allocator@D@2@@std@@V?$allocator@V?$basic_string@DU?$char_traits@D@std@@V?$allocator@D@2@@std@@@2@@std@@QAE@XZ 1000fac0 f i main.obj
 0001:0000eae0       ??1?$_List_val@PAVZipEntry@@V?$allocator@PAVZipEntry@@@std@@@std@@QAE@XZ 1000fae0 f i main.obj
 0001:0000eb00       ??1?$_List_val@U?$pair@V?$basic_string@DU?$char_traits@D@std@@V?$allocator@D@2@@std@@V12@@std@@V?$allocator@U?$pair@V?$basic_string@DU?$char_traits@D@std@@V?$allocator@D@2@@std@@V12@@std@@@2@@std@@QAE@XZ 1000fb00 f i main.obj
 0001:0000eb20       ??1?$_Tree_ptr@V?$_Tmap_traits@V?$basic_string@DU?$char_traits@D@std@@V?$allocator@D@2@@std@@V12@U?$less@V?$basic_string@DU?$char_traits@D@std@@V?$allocator@D@2@@std@@@2@V?$allocator@U?$pair@$$CBV?$basic_string@DU?$char_traits@D@std@@V?$allocator@D@2@@std@@V12@@std@@@2@$0A@@std@@@std@@QAE@XZ 1000fb20 f i main.obj
 0001:0000eb40       ??1?$_Deque_map@V?$basic_string@DU?$char_traits@D@std@@V?$allocator@D@2@@std@@V?$allocator@V?$basic_string@DU?$char_traits@D@std@@V?$allocator@D@2@@std@@@2@@std@@QAE@XZ 1000fb40 f i main.obj
 0001:0000eb60       ??1?$_List_ptr@PAVGeometry@osg@@V?$allocator@PAVGeometry@osg@@@std@@@std@@QAE@XZ 1000fb60 f i main.obj
 0001:0000eb80       ??1?$_List_ptr@VReadResult@ReaderWriter@osgDB@@V?$allocator@VReadResult@ReaderWriter@osgDB@@@std@@@std@@QAE@XZ 1000fb80 f i main.obj
 0001:0000eba0       ??1?$_List_ptr@V?$basic_string@DU?$char_traits@D@std@@V?$allocator@D@2@@std@@V?$allocator@V?$basic_string@DU?$char_traits@D@std@@V?$allocator@D@2@@std@@@2@@std@@QAE@XZ 1000fba0 f i main.obj
 0001:0000ebc0       ??1?$_List_ptr@PAVZipEntry@@V?$allocator@PAVZipEntry@@@std@@@std@@QAE@XZ 1000fbc0 f i main.obj
 0001:0000ebe0       ??1?$_List_ptr@U?$pair@V?$basic_string@DU?$char_traits@D@std@@V?$allocator@D@2@@std@@V12@@std@@V?$allocator@U?$pair@V?$basic_string@DU?$char_traits@D@std@@V?$allocator@D@2@@std@@V12@@std@@@2@@std@@QAE@XZ 1000fbe0 f i main.obj
 0001:0000ec00       ??1?$_Tree_nod@V?$_Tmap_traits@V?$basic_string@DU?$char_traits@D@std@@V?$allocator@D@2@@std@@V12@U?$less@V?$basic_string@DU?$char_traits@D@std@@V?$allocator@D@2@@std@@@2@V?$allocator@U?$pair@$$CBV?$basic_string@DU?$char_traits@D@std@@V?$allocator@D@2@@std@@V12@@std@@@2@$0A@@std@@@std@@QAE@XZ 1000fc00 f i main.obj
 0001:0000ec20       ??1?$_List_nod@PAVGeometry@osg@@V?$allocator@PAVGeometry@osg@@@std@@@std@@QAE@XZ 1000fc20 f i main.obj
 0001:0000ec40       ??1?$_List_nod@VReadResult@ReaderWriter@osgDB@@V?$allocator@VReadResult@ReaderWriter@osgDB@@@std@@@std@@QAE@XZ 1000fc40 f i main.obj
 0001:0000ec60       ??1?$_List_nod@V?$basic_string@DU?$char_traits@D@std@@V?$allocator@D@2@@std@@V?$allocator@V?$basic_string@DU?$char_traits@D@std@@V?$allocator@D@2@@std@@@2@@std@@QAE@XZ 1000fc60 f i main.obj
 0001:0000ec80       ??1?$_List_nod@PAVZipEntry@@V?$allocator@PAVZipEntry@@@std@@@std@@QAE@XZ 1000fc80 f i main.obj
 0001:0000eca0       ??1?$_List_nod@U?$pair@V?$basic_string@DU?$char_traits@D@std@@V?$allocator@D@2@@std@@V12@@std@@V?$allocator@U?$pair@V?$basic_string@DU?$char_traits@D@std@@V?$allocator@D@2@@std@@V12@@std@@@2@@std@@QAE@XZ 1000fca0 f i main.obj
 0001:0000ecc0       ??1?$_Tmap_traits@V?$basic_string@DU?$char_traits@D@std@@V?$allocator@D@2@@std@@V12@U?$less@V?$basic_string@DU?$char_traits@D@std@@V?$allocator@D@2@@std@@@2@V?$allocator@U?$pair@$$CBV?$basic_string@DU?$char_traits@D@std@@V?$allocator@D@2@@std@@V12@@std@@@2@$0A@@std@@QAE@XZ 1000fcc0 f i main.obj
 0001:0000ece0       ?capacity@?$vector@IV?$allocator@I@std@@@std@@QBEIXZ 1000fce0 f i main.obj
 0001:0000ed20       ?begin@?$vector@IV?$allocator@I@std@@@std@@QAE?AV?$_Vector_iterator@IV?$allocator@I@std@@@2@XZ 1000fd20 f i main.obj
 0001:0000ed50       ?end@?$vector@IV?$allocator@I@std@@@std@@QAE?AV?$_Vector_iterator@IV?$allocator@I@std@@@2@XZ 1000fd50 f i main.obj
 0001:0000ed80       ?insert@?$vector@IV?$allocator@I@std@@@std@@QAE?AV?$_Vector_iterator@IV?$allocator@I@std@@@2@V?$_Vector_const_iterator@IV?$allocator@I@std@@@2@ABI@Z 1000fd80 f i main.obj
 0001:0000ee00       ?erase@?$vector@IV?$allocator@I@std@@@std@@QAE?AV?$_Vector_iterator@IV?$allocator@I@std@@@2@V?$_Vector_const_iterator@IV?$allocator@I@std@@@2@0@Z 1000fe00 f i main.obj
 0001:0000eea0       ??9?$_Vector_const_iterator@IV?$allocator@I@std@@@std@@QBE_NABV01@@Z 1000fea0 f i main.obj
 0001:0000eed0       ?_Buy@?$vector@IV?$allocator@I@std@@@std@@IAE_NI@Z 1000fed0 f i main.obj
 0001:0000ef50       ?_Destroy@?$vector@IV?$allocator@I@std@@@std@@IAEXPAI0@Z 1000ff50 f i main.obj
 0001:0000ef80       ?_Tidy@?$vector@IV?$allocator@I@std@@@std@@IAEXXZ 1000ff80 f i main.obj
 0001:0000eff0       ?_Ufill@?$vector@IV?$allocator@I@std@@@std@@IAEPAIPAIIABI@Z 1000fff0 f i main.obj
 0001:0000f030       ??0?$_Vector_val@IV?$allocator@I@std@@@std@@IAE@V?$allocator@I@1@@Z 10010030 f i main.obj
 0001:0000f070       ??1?$_Container_base_aux_alloc_real@V?$allocator@I@std@@@std@@IAE@XZ 10010070 f i main.obj
 0001:0000f0d0       ??1_Container_base_aux@std@@QAE@XZ 100100d0 f i main.obj
 0001:0000f0e0       ??0?$allocator@I@std@@QAE@XZ 100100e0 f i main.obj
 0001:0000f0f0       ??0?$allocator@I@std@@QAE@ABV01@@Z 100100f0 f i main.obj
 0001:0000f100       ?deallocate@?$allocator@I@std@@QAEXPAII@Z 10010100 f i main.obj
 0001:0000f120       ??R?$less@V?$basic_string@DU?$char_traits@D@std@@V?$allocator@D@2@@std@@@std@@QBE_NABV?$basic_string@DU?$char_traits@D@std@@V?$allocator@D@2@@1@0@Z 10010120 f i main.obj
 0001:0000f140       ??0?$allocator@V?$basic_string@DU?$char_traits@D@std@@V?$allocator@D@2@@std@@@std@@QAE@XZ 10010140 f i main.obj
 0001:0000f150       ?allocate@?$allocator@V?$basic_string@DU?$char_traits@D@std@@V?$allocator@D@2@@std@@@std@@QAEPAV?$basic_string@DU?$char_traits@D@std@@V?$allocator@D@2@@2@I@Z 10010150 f i main.obj
 0001:0000f170       ?construct@?$allocator@V?$basic_string@DU?$char_traits@D@std@@V?$allocator@D@2@@std@@@std@@QAEXPAV?$basic_string@DU?$char_traits@D@std@@V?$allocator@D@2@@2@ABV32@@Z 10010170 f i main.obj
 0001:0000f190       ??1?$_Container_base_aux_alloc_real@V?$allocator@V?$basic_string@DU?$char_traits@D@std@@V?$allocator@D@2@@std@@@std@@@std@@IAE@XZ 10010190 f i main.obj
 0001:0000f1f0       ?_Key@?$_Tree@V?$_Tmap_traits@V?$basic_string@DU?$char_traits@D@std@@V?$allocator@D@2@@std@@V12@U?$less@V?$basic_string@DU?$char_traits@D@std@@V?$allocator@D@2@@std@@@2@V?$allocator@U?$pair@$$CBV?$basic_string@DU?$char_traits@D@std@@V?$allocator@D@2@@std@@V12@@std@@@2@$0A@@std@@@std@@KAABV?$basic_string@DU?$char_traits@D@std@@V?$allocator@D@2@@2@PAU_Node@?$_Tree_nod@V?$_Tmap_traits@V?$basic_string@DU?$char_traits@D@std@@V?$allocator@D@2@@std@@V12@U?$less@V?$basic_string@DU?$char_traits@D@std@@V?$allocator@D@2@@std@@@2@V?$allocator@U?$pair@$$CBV?$basic_string@DU?$char_traits@D@std@@V?$allocator@D@2@@std@@V12@@std@@@2@$0A@@std@@@2@@Z 100101f0 f i main.obj
 0001:0000f210       ??0?$_Tree@V?$_Tmap_traits@V?$basic_string@DU?$char_traits@D@std@@V?$allocator@D@2@@std@@V12@U?$less@V?$basic_string@DU?$char_traits@D@std@@V?$allocator@D@2@@std@@@2@V?$allocator@U?$pair@$$CBV?$basic_string@DU?$char_traits@D@std@@V?$allocator@D@2@@std@@V12@@std@@@2@$0A@@std@@@std@@QAE@ABU?$less@V?$basic_string@DU?$char_traits@D@std@@V?$allocator@D@2@@std@@@1@ABV?$allocator@U?$pair@$$CBV?$basic_string@DU?$char_traits@D@std@@V?$allocator@D@2@@std@@V12@@std@@@1@@Z 10010210 f i main.obj
 0001:0000f280       ?begin@?$_Tree@V?$_Tmap_traits@V?$basic_string@DU?$char_traits@D@std@@V?$allocator@D@2@@std@@V12@U?$less@V?$basic_string@DU?$char_traits@D@std@@V?$allocator@D@2@@std@@@2@V?$allocator@U?$pair@$$CBV?$basic_string@DU?$char_traits@D@std@@V?$allocator@D@2@@std@@V12@@std@@@2@$0A@@std@@@std@@QAE?AViterator@12@XZ 10010280 f i main.obj
 0001:0000f2b0       ?get_allocator@?$_Tree@V?$_Tmap_traits@V?$basic_string@DU?$char_traits@D@std@@V?$allocator@D@2@@std@@V12@U?$less@V?$basic_string@DU?$char_traits@D@std@@V?$allocator@D@2@@std@@@2@V?$allocator@U?$pair@$$CBV?$basic_string@DU?$char_traits@D@std@@V?$allocator@D@2@@std@@V12@@std@@@2@$0A@@std@@@std@@QBE?AV?$allocator@U?$pair@$$CBV?$basic_string@DU?$char_traits@D@std@@V?$allocator@D@2@@std@@V12@@std@@@2@XZ 100102b0 f i main.obj
 0001:0000f2d0       ?key_comp@?$_Tree@V?$_Tmap_traits@V?$basic_string@DU?$char_traits@D@std@@V?$allocator@D@2@@std@@V12@U?$less@V?$basic_string@DU?$char_traits@D@std@@V?$allocator@D@2@@std@@@2@V?$allocator@U?$pair@$$CBV?$basic_string@DU?$char_traits@D@std@@V?$allocator@D@2@@std@@V12@@std@@@2@$0A@@std@@@std@@QBE?AU?$less@V?$basic_string@DU?$char_traits@D@std@@V?$allocator@D@2@@std@@@2@XZ 100102d0 f i main.obj
 0001:0000f2e0       ?insert@?$_Tree@V?$_Tmap_traits@V?$basic_string@DU?$char_traits@D@std@@V?$allocator@D@2@@std@@V12@U?$less@V?$basic_string@DU?$char_traits@D@std@@V?$allocator@D@2@@std@@@2@V?$allocator@U?$pair@$$CBV?$basic_string@DU?$char_traits@D@std@@V?$allocator@D@2@@std@@V12@@std@@@2@$0A@@std@@@std@@QAE?AViterator@12@Vconst_iterator@12@ABU?$pair@$$CBV?$basic_string@DU?$char_traits@D@std@@V?$allocator@D@2@@std@@V12@@2@@Z 100102e0 f i main.obj
 0001:0000f900       ?erase@?$_Tree@V?$_Tmap_traits@V?$basic_string@DU?$char_traits@D@std@@V?$allocator@D@2@@std@@V12@U?$less@V?$basic_string@DU?$char_traits@D@std@@V?$allocator@D@2@@std@@@2@V?$allocator@U?$pair@$$CBV?$basic_string@DU?$char_traits@D@std@@V?$allocator@D@2@@std@@V12@@std@@@2@$0A@@std@@@std@@QAE?AViterator@12@Vconst_iterator@12@0@Z 10010900 f i main.obj
 0001:0000f9b0       ?lower_bound@?$_Tree@V?$_Tmap_traits@V?$basic_string@DU?$char_traits@D@std@@V?$allocator@D@2@@std@@V12@U?$less@V?$basic_string@DU?$char_traits@D@std@@V?$allocator@D@2@@std@@@2@V?$allocator@U?$pair@$$CBV?$basic_string@DU?$char_traits@D@std@@V?$allocator@D@2@@std@@V12@@std@@@2@$0A@@std@@@std@@QAE?AViterator@12@ABV?$basic_string@DU?$char_traits@D@std@@V?$allocator@D@2@@2@@Z 100109b0 f i main.obj
 0001:0000f9e0       ?_Copy@?$_Tree@V?$_Tmap_traits@V?$basic_string@DU?$char_traits@D@std@@V?$allocator@D@2@@std@@V12@U?$less@V?$basic_string@DU?$char_traits@D@std@@V?$allocator@D@2@@std@@@2@V?$allocator@U?$pair@$$CBV?$basic_string@DU?$char_traits@D@std@@V?$allocator@D@2@@std@@V12@@std@@@2@$0A@@std@@@std@@IAEXABV12@@Z 100109e0 f i main.obj
 0001:0000faa0       ?_Init@?$_Tree@V?$_Tmap_traits@V?$basic_string@DU?$char_traits@D@std@@V?$allocator@D@2@@std@@V12@U?$less@V?$basic_string@DU?$char_traits@D@std@@V?$allocator@D@2@@std@@@2@V?$allocator@U?$pair@$$CBV?$basic_string@DU?$char_traits@D@std@@V?$allocator@D@2@@std@@V12@@std@@@2@$0A@@std@@@std@@IAEXXZ 10010aa0 f i main.obj
 0001:0000fb10       ?_Tidy@?$_Tree@V?$_Tmap_traits@V?$basic_string@DU?$char_traits@D@std@@V?$allocator@D@2@@std@@V12@U?$less@V?$basic_string@DU?$char_traits@D@std@@V?$allocator@D@2@@std@@@2@V?$allocator@U?$pair@$$CBV?$basic_string@DU?$char_traits@D@std@@V?$allocator@D@2@@std@@V12@@std@@@2@$0A@@std@@@std@@IAEXXZ 10010b10 f i main.obj
 0001:0000fbe0       ??0?$_Tree_val@V?$_Tmap_traits@V?$basic_string@DU?$char_traits@D@std@@V?$allocator@D@2@@std@@V12@U?$less@V?$basic_string@DU?$char_traits@D@std@@V?$allocator@D@2@@std@@@2@V?$allocator@U?$pair@$$CBV?$basic_string@DU?$char_traits@D@std@@V?$allocator@D@2@@std@@V12@@std@@@2@$0A@@std@@@std@@IAE@ABU?$less@V?$basic_string@DU?$char_traits@D@std@@V?$allocator@D@2@@std@@@1@V?$allocator@U?$pair@$$CBV?$basic_string@DU?$char_traits@D@std@@V?$allocator@D@2@@std@@V12@@std@@@1@@Z 10010be0 f i main.obj
 0001:0000fc20       ??1?$_Container_base_aux_alloc_real@V?$allocator@U?$pair@$$CBV?$basic_string@DU?$char_traits@D@std@@V?$allocator@D@2@@std@@V12@@std@@@std@@@std@@IAE@XZ 10010c20 f i main.obj
 0001:0000fc80       ??0?$allocator@U?$pair@$$CBV?$basic_string@DU?$char_traits@D@std@@V?$allocator@D@2@@std@@V12@@std@@@std@@QAE@XZ 10010c80 f i main.obj
 0001:0000fc90       ?capacity@?$vector@HV?$allocator@H@std@@@std@@QBEIXZ 10010c90 f i main.obj
 0001:0000fcd0       ?begin@?$vector@HV?$allocator@H@std@@@std@@QBE?AV?$_Vector_const_iterator@HV?$allocator@H@std@@@2@XZ 10010cd0 f i main.obj
 0001:0000fd00       ?end@?$vector@HV?$allocator@H@std@@@std@@QAE?AV?$_Vector_iterator@HV?$allocator@H@std@@@2@XZ 10010d00 f i main.obj
 0001:0000fd30       ?end@?$vector@HV?$allocator@H@std@@@std@@QBE?AV?$_Vector_const_iterator@HV?$allocator@H@std@@@2@XZ 10010d30 f i main.obj
 0001:0000fd60       ?size@?$vector@HV?$allocator@H@std@@@std@@QBEIXZ 10010d60 f i main.obj
 0001:0000fd80       ?insert@?$vector@HV?$allocator@H@std@@@std@@QAE?AV?$_Vector_iterator@HV?$allocator@H@std@@@2@V?$_Vector_const_iterator@HV?$allocator@H@std@@@2@ABH@Z 10010d80 f i main.obj
 0001:0000fe00       ?begin@?$vector@HV?$allocator@H@std@@@std@@QAE?AV?$_Vector_iterator@HV?$allocator@H@std@@@2@XZ 10010e00 f i main.obj
 0001:0000fe30       ?_Buy@?$vector@HV?$allocator@H@std@@@std@@IAE_NI@Z 10010e30 f i main.obj
 0001:0000feb0       ?_Tidy@?$vector@HV?$allocator@H@std@@@std@@IAEXXZ 10010eb0 f i main.obj
 0001:0000ff20       ?_Ufill@?$vector@HV?$allocator@H@std@@@std@@IAEPAHPAHIABH@Z 10010f20 f i main.obj
 0001:0000ff60       ??0?$_Vector_val@HV?$allocator@H@std@@@std@@IAE@V?$allocator@H@1@@Z 10010f60 f i main.obj
 0001:0000ffa0       ??1?$_Container_base_aux_alloc_real@V?$allocator@H@std@@@std@@IAE@XZ 10010fa0 f i main.obj
 0001:00010000       ??0?$allocator@H@std@@QAE@XZ 10011000 f i main.obj
 0001:00010010       ??0?$allocator@H@std@@QAE@ABV01@@Z 10011010 f i main.obj
 0001:00010020       ??8?$_Vector_const_iterator@IV?$allocator@I@std@@@std@@QBE_NABV01@@Z 10011020 f i main.obj
 0001:00010070       ?size@?$deque@V?$basic_string@DU?$char_traits@D@std@@V?$allocator@D@2@@std@@V?$allocator@V?$basic_string@DU?$char_traits@D@std@@V?$allocator@D@2@@std@@@2@@std@@QBEIXZ 10011070 f i main.obj
 0001:00010090       ?front@?$deque@V?$basic_string@DU?$char_traits@D@std@@V?$allocator@D@2@@std@@V?$allocator@V?$basic_string@DU?$char_traits@D@std@@V?$allocator@D@2@@std@@@2@@std@@QAEAAV?$basic_string@DU?$char_traits@D@std@@V?$allocator@D@2@@2@XZ 10011090 f i main.obj
 0001:000100b0       ?begin@?$deque@V?$basic_string@DU?$char_traits@D@std@@V?$allocator@D@2@@std@@V?$allocator@V?$basic_string@DU?$char_traits@D@std@@V?$allocator@D@2@@std@@@2@@std@@QAE?AV?$_Deque_iterator@V?$basic_string@DU?$char_traits@D@std@@V?$allocator@D@2@@std@@V?$allocator@V?$basic_string@DU?$char_traits@D@std@@V?$allocator@D@2@@std@@@2@$00@2@XZ 100110b0 f i main.obj
 0001:000100e0       ?pop_front@?$deque@V?$basic_string@DU?$char_traits@D@std@@V?$allocator@D@2@@std@@V?$allocator@V?$basic_string@DU?$char_traits@D@std@@V?$allocator@D@2@@std@@@2@@std@@QAEXXZ 100110e0 f i main.obj
 0001:00010180       ?_Growmap@?$deque@V?$basic_string@DU?$char_traits@D@std@@V?$allocator@D@2@@std@@V?$allocator@V?$basic_string@DU?$char_traits@D@std@@V?$allocator@D@2@@std@@@2@@std@@IAEXI@Z 10011180 f i main.obj
 0001:000103a0       ?_Tidy@?$deque@V?$basic_string@DU?$char_traits@D@std@@V?$allocator@D@2@@std@@V?$allocator@V?$basic_string@DU?$char_traits@D@std@@V?$allocator@D@2@@std@@@2@@std@@IAEXXZ 100113a0 f i main.obj
 0001:00010460       ?deallocate@?$allocator@V?$basic_string@DU?$char_traits@D@std@@V?$allocator@D@2@@std@@@std@@QAEXPAV?$basic_string@DU?$char_traits@D@std@@V?$allocator@D@2@@2@I@Z 10011460 f i main.obj
 0001:00010480       ??0?$_Deque_val@V?$basic_string@DU?$char_traits@D@std@@V?$allocator@D@2@@std@@V?$allocator@V?$basic_string@DU?$char_traits@D@std@@V?$allocator@D@2@@std@@@2@@std@@IAE@V?$allocator@V?$basic_string@DU?$char_traits@D@std@@V?$allocator@D@2@@std@@@1@@Z 10011480 f i main.obj
 0001:000104c0       ?_Mynode@const_iterator@?$_Tree@V?$_Tmap_traits@V?$basic_string@DU?$char_traits@D@std@@V?$allocator@D@2@@std@@V12@U?$less@V?$basic_string@DU?$char_traits@D@std@@V?$allocator@D@2@@std@@@2@V?$allocator@U?$pair@$$CBV?$basic_string@DU?$char_traits@D@std@@V?$allocator@D@2@@std@@V12@@std@@@2@$0A@@std@@@std@@QBEPAU_Node@?$_Tree_nod@V?$_Tmap_traits@V?$basic_string@DU?$char_traits@D@std@@V?$allocator@D@2@@std@@V12@U?$less@V?$basic_string@DU?$char_traits@D@std@@V?$allocator@D@2@@std@@@2@V?$allocator@U?$pair@$$CBV?$basic_string@DU?$char_traits@D@std@@V?$allocator@D@2@@std@@V12@@std@@@2@$0A@@std@@@3@XZ 100114c0 f i main.obj
 0001:000104e0       ??0iterator@?$_Tree@V?$_Tmap_traits@V?$basic_string@DU?$char_traits@D@std@@V?$allocator@D@2@@std@@V12@U?$less@V?$basic_string@DU?$char_traits@D@std@@V?$allocator@D@2@@std@@@2@V?$allocator@U?$pair@$$CBV?$basic_string@DU?$char_traits@D@std@@V?$allocator@D@2@@std@@V12@@std@@@2@$0A@@std@@@std@@QAE@PAU_Node@?$_Tree_nod@V?$_Tmap_traits@V?$basic_string@DU?$char_traits@D@std@@V?$allocator@D@2@@std@@V12@U?$less@V?$basic_string@DU?$char_traits@D@std@@V?$allocator@D@2@@std@@@2@V?$allocator@U?$pair@$$CBV?$basic_string@DU?$char_traits@D@std@@V?$allocator@D@2@@std@@V12@@std@@@2@$0A@@std@@@2@PBV12@@Z 100114e0 f i main.obj
 0001:00010500       ??Diterator@?$_Tree@V?$_Tmap_traits@V?$basic_string@DU?$char_traits@D@std@@V?$allocator@D@2@@std@@V12@U?$less@V?$basic_string@DU?$char_traits@D@std@@V?$allocator@D@2@@std@@@2@V?$allocator@U?$pair@$$CBV?$basic_string@DU?$char_traits@D@std@@V?$allocator@D@2@@std@@V12@@std@@@2@$0A@@std@@@std@@QBEAAU?$pair@$$CBV?$basic_string@DU?$char_traits@D@std@@V?$allocator@D@2@@std@@V12@@2@XZ 10011500 f i main.obj
 0001:00010520       ??Dconst_iterator@?$_Tree@V?$_Tmap_traits@V?$basic_string@DU?$char_traits@D@std@@V?$allocator@D@2@@std@@V12@U?$less@V?$basic_string@DU?$char_traits@D@std@@V?$allocator@D@2@@std@@@2@V?$allocator@U?$pair@$$CBV?$basic_string@DU?$char_traits@D@std@@V?$allocator@D@2@@std@@V12@@std@@@2@$0A@@std@@@std@@QBEABU?$pair@$$CBV?$basic_string@DU?$char_traits@D@std@@V?$allocator@D@2@@std@@V12@@2@XZ 10011520 f i main.obj
 0001:00010570       ?_Getmycont@_Iterator_base_aux@std@@QBEPBV_Container_base_aux@2@XZ 10011570 f i main.obj
 0001:000105a0       ?_Getcont@_Aux_cont@std@@QBEPBV_Container_base_aux@2@XZ 100115a0 f i main.obj
 0001:000105b0       ??0?$pair@$$CBV?$basic_string@DU?$char_traits@D@std@@V?$allocator@D@2@@std@@V12@@std@@QAE@ABV?$basic_string@DU?$char_traits@D@std@@V?$allocator@D@2@@1@0@Z 100115b0 f i main.obj
 0001:00010620       ??1?$_Container_base_aux_alloc_real@V?$allocator@PAVGeometry@osg@@@std@@@std@@IAE@XZ 10011620 f i main.obj
 0001:00010680       ??0?$allocator@PAVGeometry@osg@@@std@@QAE@XZ 10011680 f i main.obj
 0001:00010690       ?_Nextnode@?$list@PAVGeometry@osg@@V?$allocator@PAVGeometry@osg@@@std@@@std@@KAAAPAU_Node@?$_List_nod@PAVGeometry@osg@@V?$allocator@PAVGeometry@osg@@@std@@@2@PAU342@@Z 10011690 f i main.obj
 0001:000106a0       ?_Insert@?$list@PAVGeometry@osg@@V?$allocator@PAVGeometry@osg@@@std@@@std@@QAEXV?$_Const_iterator@$00@12@ABQAVGeometry@osg@@@Z 100116a0 f i main.obj
 0001:00010720       ?_Buynode@?$list@PAVGeometry@osg@@V?$allocator@PAVGeometry@osg@@@std@@@std@@IAEPAU_Node@?$_List_nod@PAVGeometry@osg@@V?$allocator@PAVGeometry@osg@@@std@@@2@XZ 10011720 f i main.obj
 0001:00010820       ?_Tidy@?$list@PAVGeometry@osg@@V?$allocator@PAVGeometry@osg@@@std@@@std@@IAEXXZ 10011820 f i main.obj
 0001:00010890       ??0?$_List_val@PAVGeometry@osg@@V?$allocator@PAVGeometry@osg@@@std@@@std@@QAE@V?$allocator@PAVGeometry@osg@@@1@@Z 10011890 f i main.obj
 0001:000108d0       ??0?$_Iterator@$00@?$list@PAVGeometry@osg@@V?$allocator@PAVGeometry@osg@@@std@@@std@@QAE@PAU_Node@?$_List_nod@PAVGeometry@osg@@V?$allocator@PAVGeometry@osg@@@std@@@2@PBV12@@Z 100118d0 f i main.obj
 0001:000108f0       ??E?$_Iterator@$00@?$list@PAVGeometry@osg@@V?$allocator@PAVGeometry@osg@@@std@@@std@@QAEAAV012@XZ 100118f0 f i main.obj
 0001:00010910       ??0?$_Const_iterator@$00@?$list@PAVGeometry@osg@@V?$allocator@PAVGeometry@osg@@@std@@@std@@QAE@XZ 10011910 f i main.obj
 0001:00010930       ??D?$_Const_iterator@$00@?$list@PAVGeometry@osg@@V?$allocator@PAVGeometry@osg@@@std@@@std@@QBEABQAVGeometry@osg@@XZ 10011930 f i main.obj
 0001:00010990       ??8?$_Const_iterator@$00@?$list@PAVGeometry@osg@@V?$allocator@PAVGeometry@osg@@@std@@@std@@QBE_NABV012@@Z 10011990 f i main.obj
 0001:000109f0       ?_Nextnode@?$list@VReadResult@ReaderWriter@osgDB@@V?$allocator@VReadResult@ReaderWriter@osgDB@@@std@@@std@@KAAAPAU_Node@?$_List_nod@VReadResult@ReaderWriter@osgDB@@V?$allocator@VReadResult@ReaderWriter@osgDB@@@std@@@2@PAU342@@Z 100119f0 f i main.obj
 0001:00010a00       ?_Insert@?$list@VReadResult@ReaderWriter@osgDB@@V?$allocator@VReadResult@ReaderWriter@osgDB@@@std@@@std@@QAEXV?$_Const_iterator@$00@12@ABVReadResult@ReaderWriter@osgDB@@@Z 10011a00 f i main.obj
 0001:00010a80       ?_Buynode@?$list@VReadResult@ReaderWriter@osgDB@@V?$allocator@VReadResult@ReaderWriter@osgDB@@@std@@@std@@IAEPAU_Node@?$_List_nod@VReadResult@ReaderWriter@osgDB@@V?$allocator@VReadResult@ReaderWriter@osgDB@@@std@@@2@XZ 10011a80 f i main.obj
 0001:00010b80       ?_Tidy@?$list@VReadResult@ReaderWriter@osgDB@@V?$allocator@VReadResult@ReaderWriter@osgDB@@@std@@@std@@IAEXXZ 10011b80 f i main.obj
 0001:00010bf0       ??0?$_List_val@VReadResult@ReaderWriter@osgDB@@V?$allocator@VReadResult@ReaderWriter@osgDB@@@std@@@std@@QAE@V?$allocator@VReadResult@ReaderWriter@osgDB@@@1@@Z 10011bf0 f i main.obj
 0001:00010c30       ??1?$_Container_base_aux_alloc_real@V?$allocator@VReadResult@ReaderWriter@osgDB@@@std@@@std@@IAE@XZ 10011c30 f i main.obj
 0001:00010c90       ??0?$allocator@VReadResult@ReaderWriter@osgDB@@@std@@QAE@XZ 10011c90 f i main.obj
 0001:00010ca0       ??0?$_Iterator@$00@?$list@VReadResult@ReaderWriter@osgDB@@V?$allocator@VReadResult@ReaderWriter@osgDB@@@std@@@std@@QAE@PAU_Node@?$_List_nod@VReadResult@ReaderWriter@osgDB@@V?$allocator@VReadResult@ReaderWriter@osgDB@@@std@@@2@PBV12@@Z 10011ca0 f i main.obj
 0001:00010cc0       ??D?$_Iterator@$00@?$list@VReadResult@ReaderWriter@osgDB@@V?$allocator@VReadResult@ReaderWriter@osgDB@@@std@@@std@@QBEAAVReadResult@ReaderWriter@osgDB@@XZ 10011cc0 f i main.obj
 0001:00010ce0       ??E?$_Iterator@$00@?$list@VReadResult@ReaderWriter@osgDB@@V?$allocator@VReadResult@ReaderWriter@osgDB@@@std@@@std@@QAEAAV012@XZ 10011ce0 f i main.obj
 0001:00010d00       ??0?$_Const_iterator@$00@?$list@VReadResult@ReaderWriter@osgDB@@V?$allocator@VReadResult@ReaderWriter@osgDB@@@std@@@std@@QAE@XZ 10011d00 f i main.obj
 0001:00010d20       ??8?$_Const_iterator@$00@?$list@VReadResult@ReaderWriter@osgDB@@V?$allocator@VReadResult@ReaderWriter@osgDB@@@std@@@std@@QBE_NABV012@@Z 10011d20 f i main.obj
 0001:00010d80       ?_Nextnode@?$list@V?$basic_string@DU?$char_traits@D@std@@V?$allocator@D@2@@std@@V?$allocator@V?$basic_string@DU?$char_traits@D@std@@V?$allocator@D@2@@std@@@2@@std@@KAAAPAU_Node@?$_List_nod@V?$basic_string@DU?$char_traits@D@std@@V?$allocator@D@2@@std@@V?$allocator@V?$basic_string@DU?$char_traits@D@std@@V?$allocator@D@2@@std@@@2@@2@PAU342@@Z 10011d80 f i main.obj
 0001:00010d90       ?_Insert@?$list@V?$basic_string@DU?$char_traits@D@std@@V?$allocator@D@2@@std@@V?$allocator@V?$basic_string@DU?$char_traits@D@std@@V?$allocator@D@2@@std@@@2@@std@@QAEXV?$_Const_iterator@$00@12@ABV?$basic_string@DU?$char_traits@D@std@@V?$allocator@D@2@@2@@Z 10011d90 f i main.obj
 0001:00010e10       ?_Buynode@?$list@V?$basic_string@DU?$char_traits@D@std@@V?$allocator@D@2@@std@@V?$allocator@V?$basic_string@DU?$char_traits@D@std@@V?$allocator@D@2@@std@@@2@@std@@IAEPAU_Node@?$_List_nod@V?$basic_string@DU?$char_traits@D@std@@V?$allocator@D@2@@std@@V?$allocator@V?$basic_string@DU?$char_traits@D@std@@V?$allocator@D@2@@std@@@2@@2@XZ 10011e10 f i main.obj
 0001:00010f10       ?_Tidy@?$list@V?$basic_string@DU?$char_traits@D@std@@V?$allocator@D@2@@std@@V?$allocator@V?$basic_string@DU?$char_traits@D@std@@V?$allocator@D@2@@std@@@2@@std@@IAEXXZ 10011f10 f i main.obj
 0001:00010f80       ??0?$_List_val@V?$basic_string@DU?$char_traits@D@std@@V?$allocator@D@2@@std@@V?$allocator@V?$basic_string@DU?$char_traits@D@std@@V?$allocator@D@2@@std@@@2@@std@@QAE@V?$allocator@V?$basic_string@DU?$char_traits@D@std@@V?$allocator@D@2@@std@@@1@@Z 10011f80 f i main.obj
 0001:00010fc0       ??0?$_Iterator@$00@?$list@V?$basic_string@DU?$char_traits@D@std@@V?$allocator@D@2@@std@@V?$allocator@V?$basic_string@DU?$char_traits@D@std@@V?$allocator@D@2@@std@@@2@@std@@QAE@PAU_Node@?$_List_nod@V?$basic_string@DU?$char_traits@D@std@@V?$allocator@D@2@@std@@V?$allocator@V?$basic_string@DU?$char_traits@D@std@@V?$allocator@D@2@@std@@@2@@2@PBV12@@Z 10011fc0 f i main.obj
 0001:00010fe0       ??8?$_Const_iterator@$00@?$list@V?$basic_string@DU?$char_traits@D@std@@V?$allocator@D@2@@std@@V?$allocator@V?$basic_string@DU?$char_traits@D@std@@V?$allocator@D@2@@std@@@2@@std@@QBE_NABV012@@Z 10011fe0 f i main.obj
 0001:00011040       ?_Nextnode@?$list@PAVZipEntry@@V?$allocator@PAVZipEntry@@@std@@@std@@KAAAPAU_Node@?$_List_nod@PAVZipEntry@@V?$allocator@PAVZipEntry@@@std@@@2@PAU342@@Z 10012040 f i main.obj
 0001:00011050       ?_Insert@?$list@PAVZipEntry@@V?$allocator@PAVZipEntry@@@std@@@std@@QAEXV?$_Const_iterator@$00@12@ABQAVZipEntry@@@Z 10012050 f i main.obj
 0001:000110d0       ?_Buynode@?$list@PAVZipEntry@@V?$allocator@PAVZipEntry@@@std@@@std@@IAEPAU_Node@?$_List_nod@PAVZipEntry@@V?$allocator@PAVZipEntry@@@std@@@2@XZ 100120d0 f i main.obj
 0001:000111d0       ?_Tidy@?$list@PAVZipEntry@@V?$allocator@PAVZipEntry@@@std@@@std@@IAEXXZ 100121d0 f i main.obj
 0001:00011240       ??0?$_List_val@PAVZipEntry@@V?$allocator@PAVZipEntry@@@std@@@std@@QAE@V?$allocator@PAVZipEntry@@@1@@Z 10012240 f i main.obj
 0001:00011280       ??1?$_Container_base_aux_alloc_real@V?$allocator@PAVZipEntry@@@std@@@std@@IAE@XZ 10012280 f i main.obj
 0001:000112e0       ??0?$allocator@PAVZipEntry@@@std@@QAE@XZ 100122e0 f i main.obj
 0001:000112f0       ??0?$_Iterator@$00@?$list@PAVZipEntry@@V?$allocator@PAVZipEntry@@@std@@@std@@QAE@PAU_Node@?$_List_nod@PAVZipEntry@@V?$allocator@PAVZipEntry@@@std@@@2@PBV12@@Z 100122f0 f i main.obj
 0001:00011310       ??E?$_Iterator@$00@?$list@PAVZipEntry@@V?$allocator@PAVZipEntry@@@std@@@std@@QAEAAV012@XZ 10012310 f i main.obj
 0001:00011330       ??0?$_Const_iterator@$00@?$list@PAVZipEntry@@V?$allocator@PAVZipEntry@@@std@@@std@@QAE@XZ 10012330 f i main.obj
 0001:00011350       ??D?$_Const_iterator@$00@?$list@PAVZipEntry@@V?$allocator@PAVZipEntry@@@std@@@std@@QBEABQAVZipEntry@@XZ 10012350 f i main.obj
 0001:000113b0       ??8?$_Const_iterator@$00@?$list@PAVZipEntry@@V?$allocator@PAVZipEntry@@@std@@@std@@QBE_NABV012@@Z 100123b0 f i main.obj
 0001:00011410       ?_Nextnode@?$list@U?$pair@V?$basic_string@DU?$char_traits@D@std@@V?$allocator@D@2@@std@@V12@@std@@V?$allocator@U?$pair@V?$basic_string@DU?$char_traits@D@std@@V?$allocator@D@2@@std@@V12@@std@@@2@@std@@KAAAPAU_Node@?$_List_nod@U?$pair@V?$basic_string@DU?$char_traits@D@std@@V?$allocator@D@2@@std@@V12@@std@@V?$allocator@U?$pair@V?$basic_string@DU?$char_traits@D@std@@V?$allocator@D@2@@std@@V12@@std@@@2@@2@PAU342@@Z 10012410 f i main.obj
 0001:00011420       ?_Insert@?$list@U?$pair@V?$basic_string@DU?$char_traits@D@std@@V?$allocator@D@2@@std@@V12@@std@@V?$allocator@U?$pair@V?$basic_string@DU?$char_traits@D@std@@V?$allocator@D@2@@std@@V12@@std@@@2@@std@@QAEXV?$_Const_iterator@$00@12@ABU?$pair@V?$basic_string@DU?$char_traits@D@std@@V?$allocator@D@2@@std@@V12@@2@@Z 10012420 f i main.obj
 0001:000114a0       ?erase@?$list@U?$pair@V?$basic_string@DU?$char_traits@D@std@@V?$allocator@D@2@@std@@V12@@std@@V?$allocator@U?$pair@V?$basic_string@DU?$char_traits@D@std@@V?$allocator@D@2@@std@@V12@@std@@@2@@std@@QAE?AV?$_Iterator@$00@12@V?$_Const_iterator@$00@12@@Z 100124a0 f i main.obj
 0001:00011570       ?_Buynode@?$list@U?$pair@V?$basic_string@DU?$char_traits@D@std@@V?$allocator@D@2@@std@@V12@@std@@V?$allocator@U?$pair@V?$basic_string@DU?$char_traits@D@std@@V?$allocator@D@2@@std@@V12@@std@@@2@@std@@IAEPAU_Node@?$_List_nod@U?$pair@V?$basic_string@DU?$char_traits@D@std@@V?$allocator@D@2@@std@@V12@@std@@V?$allocator@U?$pair@V?$basic_string@DU?$char_traits@D@std@@V?$allocator@D@2@@std@@V12@@std@@@2@@2@XZ 10012570 f i main.obj
 0001:00011670       ?_Tidy@?$list@U?$pair@V?$basic_string@DU?$char_traits@D@std@@V?$allocator@D@2@@std@@V12@@std@@V?$allocator@U?$pair@V?$basic_string@DU?$char_traits@D@std@@V?$allocator@D@2@@std@@V12@@std@@@2@@std@@IAEXXZ 10012670 f i main.obj
 0001:000116e0       ??0?$_List_val@U?$pair@V?$basic_string@DU?$char_traits@D@std@@V?$allocator@D@2@@std@@V12@@std@@V?$allocator@U?$pair@V?$basic_string@DU?$char_traits@D@std@@V?$allocator@D@2@@std@@V12@@std@@@2@@std@@QAE@V?$allocator@U?$pair@V?$basic_string@DU?$char_traits@D@std@@V?$allocator@D@2@@std@@V12@@std@@@1@@Z 100126e0 f i main.obj
 0001:00011720       ??1?$_Container_base_aux_alloc_real@V?$allocator@U?$pair@V?$basic_string@DU?$char_traits@D@std@@V?$allocator@D@2@@std@@V12@@std@@@std@@@std@@IAE@XZ 10012720 f i main.obj
 0001:00011780       ??0?$allocator@U?$pair@V?$basic_string@DU?$char_traits@D@std@@V?$allocator@D@2@@std@@V12@@std@@@std@@QAE@XZ 10012780 f i main.obj
 0001:00011790       ??0?$_Iterator@$00@?$list@U?$pair@V?$basic_string@DU?$char_traits@D@std@@V?$allocator@D@2@@std@@V12@@std@@V?$allocator@U?$pair@V?$basic_string@DU?$char_traits@D@std@@V?$allocator@D@2@@std@@V12@@std@@@2@@std@@QAE@PAU_Node@?$_List_nod@U?$pair@V?$basic_string@DU?$char_traits@D@std@@V?$allocator@D@2@@std@@V12@@std@@V?$allocator@U?$pair@V?$basic_string@DU?$char_traits@D@std@@V?$allocator@D@2@@std@@V12@@std@@@2@@2@PBV12@@Z 10012790 f i main.obj
 0001:000117b0       ??D?$_Iterator@$00@?$list@U?$pair@V?$basic_string@DU?$char_traits@D@std@@V?$allocator@D@2@@std@@V12@@std@@V?$allocator@U?$pair@V?$basic_string@DU?$char_traits@D@std@@V?$allocator@D@2@@std@@V12@@std@@@2@@std@@QBEAAU?$pair@V?$basic_string@DU?$char_traits@D@std@@V?$allocator@D@2@@std@@V12@@2@XZ 100127b0 f i main.obj
 0001:000117d0       ??E?$_Iterator@$00@?$list@U?$pair@V?$basic_string@DU?$char_traits@D@std@@V?$allocator@D@2@@std@@V12@@std@@V?$allocator@U?$pair@V?$basic_string@DU?$char_traits@D@std@@V?$allocator@D@2@@std@@V12@@std@@@2@@std@@QAEAAV012@XZ 100127d0 f i main.obj
 0001:000117f0       ??0?$_Const_iterator@$00@?$list@U?$pair@V?$basic_string@DU?$char_traits@D@std@@V?$allocator@D@2@@std@@V12@@std@@V?$allocator@U?$pair@V?$basic_string@DU?$char_traits@D@std@@V?$allocator@D@2@@std@@V12@@std@@@2@@std@@QAE@XZ 100127f0 f i main.obj
 0001:00011810       ??8?$_Const_iterator@$00@?$list@U?$pair@V?$basic_string@DU?$char_traits@D@std@@V?$allocator@D@2@@std@@V12@@std@@V?$allocator@U?$pair@V?$basic_string@DU?$char_traits@D@std@@V?$allocator@D@2@@std@@V12@@std@@@2@@std@@QBE_NABV012@@Z 10012810 f i main.obj
 0001:00011870       ??D?$_Vector_iterator@IV?$allocator@I@std@@@std@@QBEAAIXZ 10012870 f i main.obj
 0001:00011890       ??D?$_Vector_const_iterator@IV?$allocator@I@std@@@std@@QBEABIXZ 10012890 f i main.obj
 0001:000118d0       ??0?$_Bidit@PAVGeometry@osg@@HPBQAV12@ABQAV12@@std@@QAE@XZ 100128d0 f i main.obj
 0001:000118f0       ??0?$_Bidit@VReadResult@ReaderWriter@osgDB@@HPBV123@ABV123@@std@@QAE@XZ 100128f0 f i main.obj
 0001:00011910       ??0?$_Bidit@PAVZipEntry@@HPBQAV1@ABQAV1@@std@@QAE@XZ 10012910 f i main.obj
 0001:00011930       ??0?$_Bidit@U?$pair@V?$basic_string@DU?$char_traits@D@std@@V?$allocator@D@2@@std@@V12@@std@@HPBU12@ABU12@@std@@QAE@XZ 10012930 f i main.obj
 0001:00011950       ??0?$_Iterator_with_base@Ubidirectional_iterator_tag@std@@PAVGeometry@osg@@HPBQAV34@ABQAV34@V_Iterator_base_aux@2@@std@@QAE@XZ 10012950 f i main.obj
 0001:00011970       ??0_Iterator_base_aux@std@@QAE@XZ 10012970 f i main.obj
 0001:00011990       ??0?$_Iterator_with_base@Ubidirectional_iterator_tag@std@@VReadResult@ReaderWriter@osgDB@@HPBV345@ABV345@V_Iterator_base_aux@2@@std@@QAE@XZ 10012990 f i main.obj
 0001:000119b0       ??0?$_Iterator_with_base@Ubidirectional_iterator_tag@std@@PAVZipEntry@@HPBQAV3@ABQAV3@V_Iterator_base_aux@2@@std@@QAE@XZ 100129b0 f i main.obj
 0001:000119d0       ??0?$_Iterator_with_base@Ubidirectional_iterator_tag@std@@U?$pair@V?$basic_string@DU?$char_traits@D@std@@V?$allocator@D@2@@std@@V12@@2@HPBU32@ABU32@V_Iterator_base_aux@2@@std@@QAE@XZ 100129d0 f i main.obj
 0001:000119f0       ?deallocate@?$allocator@V_Aux_cont@std@@@std@@QAEXPAV_Aux_cont@2@I@Z 100129f0 f i main.obj
 0001:00011a10       ?_Make_iter@?$vector@IV?$allocator@I@std@@@std@@QBE?AV?$_Vector_iterator@IV?$allocator@I@std@@@2@V?$_Vector_const_iterator@IV?$allocator@I@std@@@2@@Z 10012a10 f i main.obj
 0001:00011a30       ?max_size@?$vector@IV?$allocator@I@std@@@std@@QBEIXZ 10012a30 f i main.obj
 0001:00011a50       ?_Insert_n@?$vector@IV?$allocator@I@std@@@std@@IAEXV?$_Vector_const_iterator@IV?$allocator@I@std@@@2@IABI@Z 10012a50 f i main.obj
 0001:00011e00       ?_Xlen@?$vector@IV?$allocator@I@std@@@std@@KAXXZ 10012e00 f i main.obj
 0001:00011e80       ??0length_error@std@@QAE@ABV?$basic_string@DU?$char_traits@D@std@@V?$allocator@D@2@@1@@Z 10012e80 f i main.obj
 0001:00011eb0       ??0logic_error@std@@QAE@ABV?$basic_string@DU?$char_traits@D@std@@V?$allocator@D@2@@1@@Z 10012eb0 f i main.obj
 0001:00011f20       ?what@logic_error@std@@UBEPBDXZ 10012f20 f i main.obj
 0001:00011f40       ??_Glogic_error@std@@UAEPAXI@Z 10012f40 f i main.obj
 0001:00011f40       ??_Elogic_error@std@@UAEPAXI@Z 10012f40 f i main.obj
 0001:00011f70       ??1logic_error@std@@UAE@XZ 10012f70 f i main.obj
 0001:00011fa0       ??1length_error@std@@UAE@XZ 10012fa0 f i main.obj
 0001:00011fc0       ??_Elength_error@std@@UAEPAXI@Z 10012fc0 f i main.obj
 0001:00011fc0       ??_Glength_error@std@@UAEPAXI@Z 10012fc0 f i main.obj
 0001:00011ff0       ??0logic_error@std@@QAE@ABV01@@Z 10012ff0 f i main.obj
 0001:00012070       ??0length_error@std@@QAE@ABV01@@Z 10013070 f i main.obj
 0001:000120a0       ??0?$_Container_base_aux_alloc_real@V?$allocator@I@std@@@std@@IAE@V?$allocator@I@1@@Z 100130a0 f i main.obj
 0001:00012160       ??2@YAPAXIPAX@Z            10013160 f i main.obj
 0001:00012170       ??3@YAXPAX0@Z              10013170 f i main.obj
 0001:00012180       ??0_Aux_cont@std@@QAE@QBV_Container_base_aux@1@@Z 10013180 f i main.obj
 0001:000121a0       ??0_Container_base_aux@std@@QAE@XZ 100131a0 f i main.obj
 0001:000121b0       ?allocate@?$allocator@I@std@@QAEPAII@Z 100131b0 f i main.obj
 0001:000121d0       ??0?$allocator@V?$basic_string@DU?$char_traits@D@std@@V?$allocator@D@2@@std@@@std@@QAE@ABV01@@Z 100131d0 f i main.obj
 0001:000121e0       ?destroy@?$allocator@V?$basic_string@DU?$char_traits@D@std@@V?$allocator@D@2@@std@@@std@@QAEXPAV?$basic_string@DU?$char_traits@D@std@@V?$allocator@D@2@@2@@Z 100131e0 f i main.obj
 0001:00012200       ?_Isnil@?$_Tree@V?$_Tmap_traits@V?$basic_string@DU?$char_traits@D@std@@V?$allocator@D@2@@std@@V12@U?$less@V?$basic_string@DU?$char_traits@D@std@@V?$allocator@D@2@@std@@@2@V?$allocator@U?$pair@$$CBV?$basic_string@DU?$char_traits@D@std@@V?$allocator@D@2@@std@@V12@@std@@@2@$0A@@std@@@std@@KAAADPAU_Node@?$_Tree_nod@V?$_Tmap_traits@V?$basic_string@DU?$char_traits@D@std@@V?$allocator@D@2@@std@@V12@U?$less@V?$basic_string@DU?$char_traits@D@std@@V?$allocator@D@2@@std@@@2@V?$allocator@U?$pair@$$CBV?$basic_string@DU?$char_traits@D@std@@V?$allocator@D@2@@std@@V12@@std@@@2@$0A@@std@@@2@@Z 10013200 f i main.obj
 0001:00012210       ?_Left@?$_Tree@V?$_Tmap_traits@V?$basic_string@DU?$char_traits@D@std@@V?$allocator@D@2@@std@@V12@U?$less@V?$basic_string@DU?$char_traits@D@std@@V?$allocator@D@2@@std@@@2@V?$allocator@U?$pair@$$CBV?$basic_string@DU?$char_traits@D@std@@V?$allocator@D@2@@std@@V12@@std@@@2@$0A@@std@@@std@@KAAAPAU_Node@?$_Tree_nod@V?$_Tmap_traits@V?$basic_string@DU?$char_traits@D@std@@V?$allocator@D@2@@std@@V12@U?$less@V?$basic_string@DU?$char_traits@D@std@@V?$allocator@D@2@@std@@@2@V?$allocator@U?$pair@$$CBV?$basic_string@DU?$char_traits@D@std@@V?$allocator@D@2@@std@@V12@@std@@@2@$0A@@std@@@2@PAU342@@Z 10013210 f i main.obj
 0001:00012220       ?_Parent@?$_Tree@V?$_Tmap_traits@V?$basic_string@DU?$char_traits@D@std@@V?$allocator@D@2@@std@@V12@U?$less@V?$basic_string@DU?$char_traits@D@std@@V?$allocator@D@2@@std@@@2@V?$allocator@U?$pair@$$CBV?$basic_string@DU?$char_traits@D@std@@V?$allocator@D@2@@std@@V12@@std@@@2@$0A@@std@@@std@@KAAAPAU_Node@?$_Tree_nod@V?$_Tmap_traits@V?$basic_string@DU?$char_traits@D@std@@V?$allocator@D@2@@std@@V12@U?$less@V?$basic_string@DU?$char_traits@D@std@@V?$allocator@D@2@@std@@@2@V?$allocator@U?$pair@$$CBV?$basic_string@DU?$char_traits@D@std@@V?$allocator@D@2@@std@@V12@@std@@@2@$0A@@std@@@2@PAU342@@Z 10013220 f i main.obj
 0001:00012230       ?_Right@?$_Tree@V?$_Tmap_traits@V?$basic_string@DU?$char_traits@D@std@@V?$allocator@D@2@@std@@V12@U?$less@V?$basic_string@DU?$char_traits@D@std@@V?$allocator@D@2@@std@@@2@V?$allocator@U?$pair@$$CBV?$basic_string@DU?$char_traits@D@std@@V?$allocator@D@2@@std@@V12@@std@@@2@$0A@@std@@@std@@KAAAPAU_Node@?$_Tree_nod@V?$_Tmap_traits@V?$basic_string@DU?$char_traits@D@std@@V?$allocator@D@2@@std@@V12@U?$less@V?$basic_string@DU?$char_traits@D@std@@V?$allocator@D@2@@std@@@2@V?$allocator@U?$pair@$$CBV?$basic_string@DU?$char_traits@D@std@@V?$allocator@D@2@@std@@V12@@std@@@2@$0A@@std@@@2@PAU342@@Z 10013230 f i main.obj
 0001:00012240       ?_Myval@?$_Tree@V?$_Tmap_traits@V?$basic_string@DU?$char_traits@D@std@@V?$allocator@D@2@@std@@V12@U?$less@V?$basic_string@DU?$char_traits@D@std@@V?$allocator@D@2@@std@@@2@V?$allocator@U?$pair@$$CBV?$basic_string@DU?$char_traits@D@std@@V?$allocator@D@2@@std@@V12@@std@@@2@$0A@@std@@@std@@KAAAU?$pair@$$CBV?$basic_string@DU?$char_traits@D@std@@V?$allocator@D@2@@std@@V12@@2@PAU_Node@?$_Tree_nod@V?$_Tmap_traits@V?$basic_string@DU?$char_traits@D@std@@V?$allocator@D@2@@std@@V12@U?$less@V?$basic_string@DU?$char_traits@D@std@@V?$allocator@D@2@@std@@@2@V?$allocator@U?$pair@$$CBV?$basic_string@DU?$char_traits@D@std@@V?$allocator@D@2@@std@@V12@@std@@@2@$0A@@std@@@2@@Z 10013240 f i main.obj
 0001:00012250       ?_Make_iter@?$_Tree@V?$_Tmap_traits@V?$basic_string@DU?$char_traits@D@std@@V?$allocator@D@2@@std@@V12@U?$less@V?$basic_string@DU?$char_traits@D@std@@V?$allocator@D@2@@std@@@2@V?$allocator@U?$pair@$$CBV?$basic_string@DU?$char_traits@D@std@@V?$allocator@D@2@@std@@V12@@std@@@2@$0A@@std@@@std@@QBE?AViterator@12@Vconst_iterator@12@@Z 10013250 f i main.obj
 0001:00012280       ?size@?$_Tree@V?$_Tmap_traits@V?$basic_string@DU?$char_traits@D@std@@V?$allocator@D@2@@std@@V12@U?$less@V?$basic_string@DU?$char_traits@D@std@@V?$allocator@D@2@@std@@@2@V?$allocator@U?$pair@$$CBV?$basic_string@DU?$char_traits@D@std@@V?$allocator@D@2@@std@@V12@@std@@@2@$0A@@std@@@std@@QBEIXZ 10013280 f i main.obj
 0001:000122a0       ?insert@?$_Tree@V?$_Tmap_traits@V?$basic_string@DU?$char_traits@D@std@@V?$allocator@D@2@@std@@V12@U?$less@V?$basic_string@DU?$char_traits@D@std@@V?$allocator@D@2@@std@@@2@V?$allocator@U?$pair@$$CBV?$basic_string@DU?$char_traits@D@std@@V?$allocator@D@2@@std@@V12@@std@@@2@$0A@@std@@@std@@QAE?AU?$pair@Viterator@?$_Tree@V?$_Tmap_traits@V?$basic_string@DU?$char_traits@D@std@@V?$allocator@D@2@@std@@V12@U?$less@V?$basic_string@DU?$char_traits@D@std@@V?$allocator@D@2@@std@@@2@V?$allocator@U?$pair@$$CBV?$basic_string@DU?$char_traits@D@std@@V?$allocator@D@2@@std@@V12@@std@@@2@$0A@@std@@@std@@_N@2@ABU?$pair@$$CBV?$basic_string@DU?$char_traits@D@std@@V?$allocator@D@2@@std@@V12@@2@@Z 100132a0 f i main.obj
 0001:00012470       ?erase@?$_Tree@V?$_Tmap_traits@V?$basic_string@DU?$char_traits@D@std@@V?$allocator@D@2@@std@@V12@U?$less@V?$basic_string@DU?$char_traits@D@std@@V?$allocator@D@2@@std@@@2@V?$allocator@U?$pair@$$CBV?$basic_string@DU?$char_traits@D@std@@V?$allocator@D@2@@std@@V12@@std@@@2@$0A@@std@@@std@@QAE?AViterator@12@Vconst_iterator@12@@Z 10013470 f i main.obj
 0001:00012c50       ??0out_of_range@std@@QAE@ABV?$basic_string@DU?$char_traits@D@std@@V?$allocator@D@2@@1@@Z 10013c50 f i main.obj
 0001:00012c80       ??1out_of_range@std@@UAE@XZ 10013c80 f i main.obj
 0001:00012ca0       ??_Gout_of_range@std@@UAEPAXI@Z 10013ca0 f i main.obj
 0001:00012ca0       ??_Eout_of_range@std@@UAEPAXI@Z 10013ca0 f i main.obj
 0001:00012cd0       ??0out_of_range@std@@QAE@ABV01@@Z 10013cd0 f i main.obj
 0001:00012d00       ?clear@?$_Tree@V?$_Tmap_traits@V?$basic_string@DU?$char_traits@D@std@@V?$allocator@D@2@@std@@V12@U?$less@V?$basic_string@DU?$char_traits@D@std@@V?$allocator@D@2@@std@@@2@V?$allocator@U?$pair@$$CBV?$basic_string@DU?$char_traits@D@std@@V?$allocator@D@2@@std@@V12@@std@@@2@$0A@@std@@@std@@QAEXXZ 10013d00 f i main.obj
[...]
 0001:0002cfb9       __ehhandler$?_Incsize@?$list@PAVGeometry@osg@@V?$allocator@PAVGeometry@osg@@@std@@@std@@IAEXI@Z 1002dfb9 f   main.obj
 0001:0002cfe0       __ehhandler$?_Buynode@?$list@VReadResult@ReaderWriter@osgDB@@V?$allocator@VReadResult@ReaderWriter@osgDB@@@std@@@std@@IAEPAU_Node@?$_List_nod@VReadResult@ReaderWriter@osgDB@@V?$allocator@VReadResult@ReaderWriter@osgDB@@@std@@@2@PAU342@0ABVReadResult@ReaderWriter@osgDB@@@Z 1002dfe0 f   main.obj
 0001:0002d000       __unwindfunclet$?_Incsize@?$list@VReadResult@ReaderWriter@osgDB@@V?$allocator@VReadResult@ReaderWriter@osgDB@@@std@@@std@@IAEXI@Z$0 1002e000 f   main.obj
 0001:0002d009       __ehhandler$?_Incsize@?$list@VReadResult@ReaderWriter@osgDB@@V?$allocator@VReadResult@ReaderWriter@osgDB@@@std@@@std@@IAEXI@Z 1002e009 f   main.obj
 0001:0002d030       __ehhandler$?_Buynode@?$list@V?$basic_string@DU?$char_traits@D@std@@V?$allocator@D@2@@std@@V?$allocator@V?$basic_string@DU?$char_traits@D@std@@V?$allocator@D@2@@std@@@2@@std@@IAEPAU_Node@?$_List_nod@V?$basic_string@DU?$char_traits@D@std@@V?$allocator@D@2@@std@@V?$allocator@V?$basic_string@DU?$char_traits@D@std@@V?$allocator@D@2@@std@@@2@@2@PAU342@0ABV?$basic_string@DU?$char_traits@D@std@@V?$allocator@D@2@@2@@Z 1002e030 f   main.obj
 0001:0002d050       __unwindfunclet$?_Incsize@?$list@V?$basic_string@DU?$char_traits@D@std@@V?$allocator@D@2@@std@@V?$allocator@V?$basic_string@DU?$char_traits@D@std@@V?$allocator@D@2@@std@@@2@@std@@IAEXI@Z$0 1002e050 f   main.obj
 0001:0002d059       __ehhandler$?_Incsize@?$list@V?$basic_string@DU?$char_traits@D@std@@V?$allocator@D@2@@std@@V?$allocator@V?$basic_string@DU?$char_traits@D@std@@V?$allocator@D@2@@std@@@2@@std@@IAEXI@Z 1002e059 f   main.obj
 0001:0002d080       __ehhandler$?_Buynode@?$list@PAVZipEntry@@V?$allocator@PAVZipEntry@@@std@@@std@@IAEPAU_Node@?$_List_nod@PAVZipEntry@@V?$allocator@PAVZipEntry@@@std@@@2@PAU342@0ABQAVZipEntry@@@Z 1002e080 f   main.obj
 0001:0002d0a0       __unwindfunclet$?_Incsize@?$list@PAVZipEntry@@V?$allocator@PAVZipEntry@@@std@@@std@@IAEXI@Z$0 1002e0a0 f   main.obj
 0001:0002d0a9       __ehhandler$?_Incsize@?$list@PAVZipEntry@@V?$allocator@PAVZipEntry@@@std@@@std@@IAEXI@Z 1002e0a9 f   main.obj
 0001:0002d0d0       __ehhandler$?_Buynode@?$list@U?$pair@V?$basic_string@DU?$char_traits@D@std@@V?$allocator@D@2@@std@@V12@@std@@V?$allocator@U?$pair@V?$basic_string@DU?$char_traits@D@std@@V?$allocator@D@2@@std@@V12@@std@@@2@@std@@IAEPAU_Node@?$_List_nod@U?$pair@V?$basic_string@DU?$char_traits@D@std@@V?$allocator@D@2@@std@@V12@@std@@V?$allocator@U?$pair@V?$basic_string@DU?$char_traits@D@std@@V?$allocator@D@2@@std@@V12@@std@@@2@@2@PAU342@0ABU?$pair@V?$basic_string@DU?$char_traits@D@std@@V?$allocator@D@2@@std@@V12@@2@@Z 1002e0d0 f   main.obj
 0001:0002d0f0       __unwindfunclet$?_Incsize@?$list@U?$pair@V?$basic_string@DU?$char_traits@D@std@@V?$allocator@D@2@@std@@V12@@std@@V?$allocator@U?$pair@V?$basic_string@DU?$char_traits@D@std@@V?$allocator@D@2@@std@@V12@@std@@@2@@std@@IAEXI@Z$0 1002e0f0 f   main.obj
 0001:0002d0f9       __ehhandler$?_Incsize@?$list@U?$pair@V?$basic_string@DU?$char_traits@D@std@@V?$allocator@D@2@@std@@V12@@std@@V?$allocator@U?$pair@V?$basic_string@DU?$char_traits@D@std@@V?$allocator@D@2@@std@@V12@@std@@@2@@std@@IAEXI@Z 1002e0f9 f   main.obj
 0001:0002d120       __unwindfunclet$?_Buynode@?$_Tree@V?$_Tmap_traits@V?$basic_string@DU?$char_traits@D@std@@V?$allocator@D@2@@std@@V12@U?$less@V?$basic_string@DU?$char_traits@D@std@@V?$allocator@D@2@@std@@@2@V?$allocator@U?$pair@$$CBV?$basic_string@DU?$char_traits@D@std@@V?$allocator@D@2@@std@@V12@@std@@@2@$0A@@std@@@std@@IAEPAU_Node@?$_Tree_nod@V?$_Tmap_traits@V?$basic_string@DU?$char_traits@D@std@@V?$allocator@D@2@@std@@V12@U?$less@V?$basic_string@DU?$char_traits@D@std@@V?$allocator@D@2@@std@@@2@V?$allocator@U?$pair@$$CBV?$basic_string@DU?$char_traits@D@std@@V?$allocator@D@2@@std@@V12@@std@@@2@$0A@@std@@@2@PAU342@00ABU?$pair@$$CBV?$basic_string@DU?$char_traits@D@std@@V?$allocator@D@2@@std@@V12@@2@D@Z$2 1002e120 f   main.obj
 0001:0002d131       __ehhandler$?_Buynode@?$_Tree@V?$_Tmap_traits@V?$basic_string@DU?$char_traits@D@std@@V?$allocator@D@2@@std@@V12@U?$less@V?$basic_string@DU?$char_traits@D@std@@V?$allocator@D@2@@std@@@2@V?$allocator@U?$pair@$$CBV?$basic_string@DU?$char_traits@D@std@@V?$allocator@D@2@@std@@V12@@std@@@2@$0A@@std@@@std@@IAEPAU_Node@?$_Tree_nod@V?$_Tmap_traits@V?$basic_string@DU?$char_traits@D@std@@V?$allocator@D@2@@std@@V12@U?$less@V?$basic_string@DU?$char_traits@D@std@@V?$allocator@D@2@@std@@@2@V?$allocator@U?$pair@$$CBV?$basic_string@DU?$char_traits@D@std@@V?$allocator@D@2@@std@@V12@@std@@@2@$0A@@std@@@2@PAU342@00ABU?$pair@$$CBV?$basic_string@DU?$char_traits@D@std@@V?$allocator@D@2@@std@@V12@@2@D@Z 1002e131 f   main.obj
 0001:0002d150       __unwindfunclet$??0?$_Container_base_aux_alloc_real@V?$allocator@PAVGeometry@osg@@@std@@@std@@IAE@V?$allocator@PAVGeometry@osg@@@1@@Z$0 1002e150 f   main.obj
 0001:0002d158       __unwindfunclet$??0?$_Container_base_aux_alloc_real@V?$allocator@PAVGeometry@osg@@@std@@@std@@IAE@V?$allocator@PAVGeometry@osg@@@1@@Z$1 1002e158 f   main.obj
 0001:0002d169       __ehhandler$??0?$_Container_base_aux_alloc_real@V?$allocator@PAVGeometry@osg@@@std@@@std@@IAE@V?$allocator@PAVGeometry@osg@@@1@@Z 1002e169 f   main.obj
 0001:0002d190       __unwindfunclet$??0?$_Container_base_aux_alloc_real@V?$allocator@VReadResult@ReaderWriter@osgDB@@@std@@@std@@IAE@V?$allocator@VReadResult@ReaderWriter@osgDB@@@1@@Z$0 1002e190 f   main.obj
 0001:0002d198       __unwindfunclet$??0?$_Container_base_aux_alloc_real@V?$allocator@VReadResult@ReaderWriter@osgDB@@@std@@@std@@IAE@V?$allocator@VReadResult@ReaderWriter@osgDB@@@1@@Z$1 1002e198 f   main.obj
 0001:0002d1a9       __ehhandler$??0?$_Container_base_aux_alloc_real@V?$allocator@VReadResult@ReaderWriter@osgDB@@@std@@@std@@IAE@V?$allocator@VReadResult@ReaderWriter@osgDB@@@1@@Z 1002e1a9 f   main.obj
 0001:0002d1d0       __unwindfunclet$??0?$_Container_base_aux_alloc_real@V?$allocator@PAVZipEntry@@@std@@@std@@IAE@V?$allocator@PAVZipEntry@@@1@@Z$0 1002e1d0 f   main.obj
 0001:0002d1d8       __unwindfunclet$??0?$_Container_base_aux_alloc_real@V?$allocator@PAVZipEntry@@@std@@@std@@IAE@V?$allocator@PAVZipEntry@@@1@@Z$1 1002e1d8 f   main.obj
 0001:0002d1e9       __ehhandler$??0?$_Container_base_aux_alloc_real@V?$allocator@PAVZipEntry@@@std@@@std@@IAE@V?$allocator@PAVZipEntry@@@1@@Z 1002e1e9 f   main.obj
 0001:0002d210       __unwindfunclet$??0?$_Container_base_aux_alloc_real@V?$allocator@U?$pair@V?$basic_string@DU?$char_traits@D@std@@V?$allocator@D@2@@std@@V12@@std@@@std@@@std@@IAE@V?$allocator@U?$pair@V?$basic_string@DU?$char_traits@D@std@@V?$allocator@D@2@@std@@V12@@std@@@1@@Z$0 1002e210 f   main.obj
 0001:0002d218       __unwindfunclet$??0?$_Container_base_aux_alloc_real@V?$allocator@U?$pair@V?$basic_string@DU?$char_traits@D@std@@V?$allocator@D@2@@std@@V12@@std@@@std@@@std@@IAE@V?$allocator@U?$pair@V?$basic_string@DU?$char_traits@D@std@@V?$allocator@D@2@@std@@V12@@std@@@1@@Z$1 1002e218 f   main.obj
 0001:0002d229       __ehhandler$??0?$_Container_base_aux_alloc_real@V?$allocator@U?$pair@V?$basic_string@DU?$char_traits@D@std@@V?$allocator@D@2@@std@@V12@@std@@@std@@@std@@IAE@V?$allocator@U?$pair@V?$basic_string@DU?$char_traits@D@std@@V?$allocator@D@2@@std@@V12@@std@@@1@@Z 1002e229 f   main.obj
 0001:0002d250       __unwindfunclet$??0?$pair@$$CBV?$basic_string@DU?$char_traits@D@std@@V?$allocator@D@2@@std@@V12@@std@@QAE@ABU01@@Z$0 1002e250 f   main.obj
 0001:0002d259       __ehhandler$??0?$pair@$$CBV?$basic_string@DU?$char_traits@D@std@@V?$allocator@D@2@@std@@V12@@std@@QAE@ABU01@@Z 1002e259 f   main.obj
 0001:0002d280       __unwindfunclet$??0?$_Container_base_aux_alloc_real@V?$allocator@U?$pair@$$CBV?$basic_string@DU?$char_traits@D@std@@V?$allocator@D@2@@std@@V12@@std@@@std@@@std@@IAE@V?$allocator@U?$pair@$$CBV?$basic_string@DU?$char_traits@D@std@@V?$allocator@D@2@@std@@V12@@std@@@1@@Z$0 1002e280 f   main.obj
 0001:0002d288       __unwindfunclet$??0?$_Container_base_aux_alloc_real@V?$allocator@U?$pair@$$CBV?$basic_string@DU?$char_traits@D@std@@V?$allocator@D@2@@std@@V12@@std@@@std@@@std@@IAE@V?$allocator@U?$pair@$$CBV?$basic_string@DU?$char_traits@D@std@@V?$allocator@D@2@@std@@V12@@std@@@1@@Z$1 1002e288 f   main.obj
 0001:0002d299       __ehhandler$??0?$_Container_base_aux_alloc_real@V?$allocator@U?$pair@$$CBV?$basic_string@DU?$char_traits@D@std@@V?$allocator@D@2@@std@@V12@@std@@@std@@@std@@IAE@V?$allocator@U?$pair@$$CBV?$basic_string@DU?$char_traits@D@std@@V?$allocator@D@2@@std@@V12@@std@@@1@@Z 1002e299 f   main.obj
 0001:0002d2c0       __unwindfunclet$??$?6U?$char_traits@D@std@@@std@@YAAAV?$basic_ostream@DU?$char_traits@D@std@@@0@AAV10@PBD@Z$2 1002e2c0 f   main.obj
 0001:0002d2c8       __ehhandler$??$?6U?$char_traits@D@std@@@std@@YAAAV?$basic_ostream@DU?$char_traits@D@std@@@0@AAV10@PBD@Z 1002e2c8 f   main.obj
 0001:0002d2f0       __unwindfunclet$??0sentry@?$basic_ostream@DU?$char_traits@D@std@@@std@@QAE@AAV12@@Z$0 1002e2f0 f   main.obj
 0001:0002d2f8       __ehhandler$??0sentry@?$basic_ostream@DU?$char_traits@D@std@@@std@@QAE@AAV12@@Z 1002e2f8 f   main.obj
 0001:0002d320       __unwindfunclet$??1sentry@?$basic_ostream@DU?$char_traits@D@std@@@std@@QAE@XZ$0 1002e320 f   main.obj
 0001:0002d328       __ehhandler$??1sentry@?$basic_ostream@DU?$char_traits@D@std@@@std@@QAE@XZ 1002e328 f   main.obj
 0001:0002d350       __unwindfunclet$??$ProcessSinglePPrim@VDrawElementsUShort@osg@@@Triangulator@@AAEXPAVGeometry@osg@@HPAVPrimitiveSet@2@@Z$0 1002e350 f   main.obj
 0001:0002d358       __unwindfunclet$??$ProcessSinglePPrim@VDrawElementsUShort@osg@@@Triangulator@@AAEXPAVGeometry@osg@@HPAVPrimitiveSet@2@@Z$1 1002e358 f   main.obj
 0001:0002d363       __unwindfunclet$??$ProcessSinglePPrim@VDrawElementsUShort@osg@@@Triangulator@@AAEXPAVGeometry@osg@@HPAVPrimitiveSet@2@@Z$3 1002e363 f   main.obj
 0001:0002d36e       __ehhandler$??$ProcessSinglePPrim@VDrawElementsUShort@osg@@@Triangulator@@AAEXPAVGeometry@osg@@HPAVPrimitiveSet@2@@Z 1002e36e f   main.obj
 0001:0002d390       __unwindfunclet$??$ProcessSinglePPrim@VDrawElementsUInt@osg@@@Triangulator@@AAEXPAVGeometry@osg@@HPAVPrimitiveSet@2@@Z$0 1002e390 f   main.obj
 0001:0002d398       __unwindfunclet$??$ProcessSinglePPrim@VDrawElementsUInt@osg@@@Triangulator@@AAEXPAVGeometry@osg@@HPAVPrimitiveSet@2@@Z$1 1002e398 f   main.obj
 0001:0002d3a3       __unwindfunclet$??$ProcessSinglePPrim@VDrawElementsUInt@osg@@@Triangulator@@AAEXPAVGeometry@osg@@HPAVPrimitiveSet@2@@Z$3 1002e3a3 f   main.obj
 0001:0002d3ae       __ehhandler$??$ProcessSinglePPrim@VDrawElementsUInt@osg@@@Triangulator@@AAEXPAVGeometry@osg@@HPAVPrimitiveSet@2@@Z 1002e3ae f   main.obj
 0001:0002d3d0       __unwindfunclet$??$ProcessSinglePPrim@VDrawElementsUByte@osg@@@Triangulator@@AAEXPAVGeometry@osg@@HPAVPrimitiveSet@2@@Z$0 1002e3d0 f   main.obj
 0001:0002d3d8       __unwindfunclet$??$ProcessSinglePPrim@VDrawElementsUByte@osg@@@Triangulator@@AAEXPAVGeometry@osg@@HPAVPrimitiveSet@2@@Z$1 1002e3d8 f   main.obj
 0001:0002d3e3       __unwindfunclet$??$ProcessSinglePPrim@VDrawElementsUByte@osg@@@Triangulator@@AAEXPAVGeometry@osg@@HPAVPrimitiveSet@2@@Z$3 1002e3e3 f   main.obj
 0001:0002d3ee       __ehhandler$??$ProcessSinglePPrim@VDrawElementsUByte@osg@@@Triangulator@@AAEXPAVGeometry@osg@@HPAVPrimitiveSet@2@@Z 1002e3ee f   main.obj
 0001:0002d410       __unwindfunclet$??$ProcessTriStrip@VDrawElementsUInt@osg@@@Triangulator@@AAEXPAVDrawElementsUInt@osg@@V?$vector@HV?$allocator@H@std@@@std@@@Z$0 1002e410 f   main.obj
 0001:0002d418       __ehhandler$??$ProcessTriStrip@VDrawElementsUInt@osg@@@Triangulator@@AAEXPAVDrawElementsUInt@osg@@V?$vector@HV?$allocator@H@std@@@std@@@Z 1002e418 f   main.obj
 0001:0002d440       __unwindfunclet$??$ProcessTriFan@VDrawElementsUInt@osg@@@Triangulator@@AAEXPAVDrawElementsUInt@osg@@V?$vector@HV?$allocator@H@std@@@std@@@Z$0 1002e440 f   main.obj
 0001:0002d448       __ehhandler$??$ProcessTriFan@VDrawElementsUInt@osg@@@Triangulator@@AAEXPAVDrawElementsUInt@osg@@V?$vector@HV?$allocator@H@std@@@std@@@Z 1002e448 f   main.obj
 0001:0002d470       __unwindfunclet$??$toString@M@@YA?AV?$basic_string@DU?$char_traits@D@std@@V?$allocator@D@2@@std@@ABM@Z$0 1002e470 f   main.obj
 0001:0002d47c       __unwindfunclet$??$toString@M@@YA?AV?$basic_string@DU?$char_traits@D@std@@V?$allocator@D@2@@std@@ABM@Z$1 1002e47c f   main.obj
 0001:0002d49c       __ehhandler$??$toString@M@@YA?AV?$basic_string@DU?$char_traits@D@std@@V?$allocator@D@2@@std@@ABM@Z 1002e49c f   main.obj
 0001:0002d4c0       __unwindfunclet$??$toString@W4domUpAxisType@@@@YA?AV?$basic_string@DU?$char_traits@D@std@@V?$allocator@D@2@@std@@ABW4domUpAxisType@@@Z$0 1002e4c0 f   main.obj
 0001:0002d4cc       __unwindfunclet$??$toString@W4domUpAxisType@@@@YA?AV?$basic_string@DU?$char_traits@D@std@@V?$allocator@D@2@@std@@ABW4domUpAxisType@@@Z$1 1002e4cc f   main.obj
 0001:0002d4ec       __ehhandler$??$toString@W4domUpAxisType@@@@YA?AV?$basic_string@DU?$char_traits@D@std@@V?$allocator@D@2@@std@@ABW4domUpAxisType@@@Z 1002e4ec f   main.obj
 0001:0002d510       __unwindfunclet$??$toString@H@@YA?AV?$basic_string@DU?$char_traits@D@std@@V?$allocator@D@2@@std@@ABH@Z$0 1002e510 f   main.obj
 0001:0002d51c       __unwindfunclet$??$toString@H@@YA?AV?$basic_string@DU?$char_traits@D@std@@V?$allocator@D@2@@std@@ABH@Z$1 1002e51c f   main.obj
 0001:0002d53c       __ehhandler$??$toString@H@@YA?AV?$basic_string@DU?$char_traits@D@std@@V?$allocator@D@2@@std@@ABH@Z 1002e53c f   main.obj
 0001:0002d560       __unwindfunclet$??$_Construct@V?$basic_string@DU?$char_traits@D@std@@V?$allocator@D@2@@std@@V12@@std@@YAXPAV?$basic_string@DU?$char_traits@D@std@@V?$allocator@D@2@@0@ABV10@@Z$0 1002e560 f   main.obj
 0001:0002d571       __ehhandler$??$_Construct@V?$basic_string@DU?$char_traits@D@std@@V?$allocator@D@2@@std@@V12@@std@@YAXPAV?$basic_string@DU?$char_traits@D@std@@V?$allocator@D@2@@0@ABV10@@Z 1002e571 f   main.obj
 0001:0002d590       __unwindfunclet$??$_Construct@VReadResult@ReaderWriter@osgDB@@V123@@std@@YAXPAVReadResult@ReaderWriter@osgDB@@ABV123@@Z$0 1002e590 f   main.obj
 0001:0002d5a1       __ehhandler$??$_Construct@VReadResult@ReaderWriter@osgDB@@V123@@std@@YAXPAVReadResult@ReaderWriter@osgDB@@ABV123@@Z 1002e5a1 f   main.obj
 0001:0002d5c0       __unwindfunclet$??$_Construct@U?$pair@V?$basic_string@DU?$char_traits@D@std@@V?$allocator@D@2@@std@@V12@@std@@U12@@std@@YAXPAU?$pair@V?$basic_string@DU?$char_traits@D@std@@V?$allocator@D@2@@std@@V12@@0@ABU10@@Z$0 1002e5c0 f   main.obj
 0001:0002d5d1       __ehhandler$??$_Construct@U?$pair@V?$basic_string@DU?$char_traits@D@std@@V?$allocator@D@2@@std@@V12@@std@@U12@@std@@YAXPAU?$pair@V?$basic_string@DU?$char_traits@D@std@@V?$allocator@D@2@@std@@V12@@0@ABU10@@Z 1002e5d1 f   main.obj
 0001:0002d5f0       __unwindfunclet$??$ProcessTriStrip@VDrawElementsUShort@osg@@@Triangulator@@AAEXPAVDrawElementsUShort@osg@@V?$vector@HV?$allocator@H@std@@@std@@@Z$0 1002e5f0 f   main.obj
 0001:0002d5f8       __ehhandler$??$ProcessTriStrip@VDrawElementsUShort@osg@@@Triangulator@@AAEXPAVDrawElementsUShort@osg@@V?$vector@HV?$allocator@H@std@@@std@@@Z 1002e5f8 f   main.obj
 0001:0002d620       __unwindfunclet$??$ProcessTriFan@VDrawElementsUShort@osg@@@Triangulator@@AAEXPAVDrawElementsUShort@osg@@V?$vector@HV?$allocator@H@std@@@std@@@Z$0 1002e620 f   main.obj
 0001:0002d628       __ehhandler$??$ProcessTriFan@VDrawElementsUShort@osg@@@Triangulator@@AAEXPAVDrawElementsUShort@osg@@V?$vector@HV?$allocator@H@std@@@std@@@Z 1002e628 f   main.obj
 0001:0002d650       __unwindfunclet$??$ProcessTriStrip@VDrawElementsUByte@osg@@@Triangulator@@AAEXPAVDrawElementsUByte@osg@@V?$vector@HV?$allocator@H@std@@@std@@@Z$0 1002e650 f   main.obj
 0001:0002d658       __ehhandler$??$ProcessTriStrip@VDrawElementsUByte@osg@@@Triangulator@@AAEXPAVDrawElementsUByte@osg@@V?$vector@HV?$allocator@H@std@@@std@@@Z 1002e658 f   main.obj
 0001:0002d680       __unwindfunclet$??$ProcessTriFan@VDrawElementsUByte@osg@@@Triangulator@@AAEXPAVDrawElementsUByte@osg@@V?$vector@HV?$allocator@H@std@@@std@@@Z$0 1002e680 f   main.obj
 0001:0002d688       __ehhandler$??$ProcessTriFan@VDrawElementsUByte@osg@@@Triangulator@@AAEXPAVDrawElementsUByte@osg@@V?$vector@HV?$allocator@H@std@@@std@@@Z 1002e688 f   main.obj
 0001:0002d6b0       __ehhandler$??$_Construct@V?$_String_iterator@_WU?$char_traits@_W@std@@V?$allocator@_W@2@@std@@@?$basic_string@DU?$char_traits@D@std@@V?$allocator@D@2@@std@@QAEXV?$_String_iterator@_WU?$char_traits@_W@std@@V?$allocator@_W@2@@1@0Uforward_iterator_tag@1@@Z 1002e6b0 f   main.obj
 0001:0002d6d0       __ehhandler$??$_Construct@V?$_String_iterator@DU?$char_traits@D@std@@V?$allocator@D@2@@std@@@?$basic_string@_WU?$char_traits@_W@std@@V?$allocator@_W@2@@std@@QAEXV?$_String_iterator@DU?$char_traits@D@std@@V?$allocator@D@2@@1@0Uforward_iterator_tag@1@@Z 1002e6d0 f   main.obj
 0001:0002d6f0       __unwindfunclet$?OpenZipInternal@@YAPAUHZIP__@@PAXIKPBD@Z$0 1002e6f0 f   unzip.obj
 0001:0002d6fb       __ehhandler$?OpenZipInternal@@YAPAUHZIP__@@PAXIKPBD@Z 1002e6fb f   unzip.obj
 0001:0002d720       __unwindfunclet$?ideflate@TZip@@QAEKPAUzlist@@@Z$0 1002e720 f   zip.obj
 0001:0002d72b       __ehhandler$?ideflate@TZip@@QAEKPAUzlist@@@Z 1002e72b f   zip.obj
 0001:0002d746       __unwindfunclet$?CreateZipInternal@@YAPAUHZIP__@@PAXIKPBD@Z$0 1002e746 f   zip.obj
 0001:0002d751       __ehhandler$?CreateZipInternal@@YAPAUHZIP__@@PAXIKPBD@Z 1002e751 f   zip.obj
 0001:0002d770       ??__EINVLN_2@osg@@YAXXZ    1002e770 f   main.obj
 0001:0002d790       ??__EX_AXIS@osg@@YAXXZ     1002e790 f   main.obj
 0001:0002d7c0       ??__EY_AXIS@osg@@YAXXZ     1002e7c0 f   main.obj
 0001:0002d7f0       ??__EZ_AXIS@osg@@YAXXZ     1002e7f0 f   main.obj
 0001:0002d820       ??__EdefaultProp@osgDB@@YAXXZ 1002e820 f   main.obj
 0001:0002d850       ??__EBEGIN_BRACKET@osgDB@@YAXXZ 1002e850 f   main.obj
 0001:0002d880       ??__EEND_BRACKET@osgDB@@YAXXZ 1002e880 f   main.obj
 0001:0002d8b0       ??__EgParserDir@@YAXXZ     1002e8b0 f   main.obj
 0001:0002d8d0       ??__EINVLN_2@osg@@YAXXZ    1002e8d0 f   Triangulator.obj
 0001:0002d8f0       ??__EX_AXIS@osg@@YAXXZ     1002e8f0 f   Triangulator.obj
 0001:0002d920       ??__EY_AXIS@osg@@YAXXZ     1002e920 f   Triangulator.obj
 0001:0002d950       ??__EZ_AXIS@osg@@YAXXZ     1002e950 f   Triangulator.obj
 0001:0002d980       ??__FdefaultProp@osgDB@@YAXXZ 1002e980 f   main.obj
 0001:0002d990       ??__FBEGIN_BRACKET@osgDB@@YAXXZ 1002e990 f   main.obj
 0001:0002d9a0       ??__FEND_BRACKET@osgDB@@YAXXZ 1002e9a0 f   main.obj
 0001:0002d9b0       ??__FgParserDir@@YAXXZ     1002e9b0 f   main.obj

 Exports

  ordinal    name

        1    _Convert
               exported name: Convert
        2    _ConvertFiles
               exported name: ConvertFiles
        3    _ConvertZipStream
               exported name: ConvertZipStream
        4    _CountVerticies
               exported name: CountVerticies
        5    _CountVerticiesFile
               exported name: CountVerticiesFile
        6    _DeleteCMemory
               exported name: DeleteCMemory
        7    _GetTextureReferences
               exported name: GetTextureReferences
        8    _GetTextureReferencesFile
               exported name: GetTextureReferencesFile
        9    _GetTexturesOnObjects
               exported name: GetTexturesOnObjects
       10    _GetTexturesOnObjectsFile
               exported name: GetTexturesOnObjectsFile
       11    _GetTransformProperties
               exported name: GetTransformProperties
       12    _GetTransformPropertiesFile
               exported name: GetTransformPropertiesFile
       13    _Shutdown
               exported name: Shutdown
       14    _Startup
               exported name: Startup
       15    _VerifyType
               exported name: VerifyType
       16    _VerifyTypeFile
               exported name: VerifyTypeFile
